Archive member included because of file (symbol)

/home/khiemtt/Downloads/SimplicityStudio_v4/developer/toolchains/gnu_arm/4.9_2015q3/bin/../lib/gcc/arm-none-eabi/4.9.3/armv6-m/libgcc.a(_udivsi3.o)
                              ./emlib/em_adc.o (__aeabi_uidiv)
/home/khiemtt/Downloads/SimplicityStudio_v4/developer/toolchains/gnu_arm/4.9_2015q3/bin/../lib/gcc/arm-none-eabi/4.9.3/armv6-m/libgcc.a(_dvmd_tls.o)
                              /home/khiemtt/Downloads/SimplicityStudio_v4/developer/toolchains/gnu_arm/4.9_2015q3/bin/../lib/gcc/arm-none-eabi/4.9.3/armv6-m/libgcc.a(_udivsi3.o) (__aeabi_idiv0)
/home/khiemtt/Downloads/SimplicityStudio_v4/developer/toolchains/gnu_arm/4.9_2015q3/bin/../lib/gcc/arm-none-eabi/4.9.3/armv6-m/libgcc.a(_clzsi2.o)
                              ./emlib/em_cmu.o (__clzsi2)
/home/khiemtt/Downloads/SimplicityStudio_v4/developer/toolchains/gnu_arm/4.9_2015q3/bin/../lib/gcc/arm-none-eabi/4.9.3/armv6-m/libgcc.a(_aeabi_uldivmod.o)
                              ./emlib/em_usart.o (__aeabi_uldivmod)
/home/khiemtt/Downloads/SimplicityStudio_v4/developer/toolchains/gnu_arm/4.9_2015q3/bin/../lib/gcc/arm-none-eabi/4.9.3/armv6-m/libgcc.a(_muldi3.o)
                              ./emlib/em_usart.o (__aeabi_lmul)
/home/khiemtt/Downloads/SimplicityStudio_v4/developer/toolchains/gnu_arm/4.9_2015q3/bin/../lib/gcc/arm-none-eabi/4.9.3/armv6-m/libgcc.a(_fixunsdfsi.o)
                              ./src/main.o (__aeabi_d2uiz)
/home/khiemtt/Downloads/SimplicityStudio_v4/developer/toolchains/gnu_arm/4.9_2015q3/bin/../lib/gcc/arm-none-eabi/4.9.3/armv6-m/libgcc.a(bpabi.o)
                              /home/khiemtt/Downloads/SimplicityStudio_v4/developer/toolchains/gnu_arm/4.9_2015q3/bin/../lib/gcc/arm-none-eabi/4.9.3/armv6-m/libgcc.a(_aeabi_uldivmod.o) (__gnu_uldivmod_helper)
/home/khiemtt/Downloads/SimplicityStudio_v4/developer/toolchains/gnu_arm/4.9_2015q3/bin/../lib/gcc/arm-none-eabi/4.9.3/armv6-m/libgcc.a(mulsf3.o)
                              ./src/main.o (__aeabi_fmul)
/home/khiemtt/Downloads/SimplicityStudio_v4/developer/toolchains/gnu_arm/4.9_2015q3/bin/../lib/gcc/arm-none-eabi/4.9.3/armv6-m/libgcc.a(subsf3.o)
                              ./src/main.o (__aeabi_fsub)
/home/khiemtt/Downloads/SimplicityStudio_v4/developer/toolchains/gnu_arm/4.9_2015q3/bin/../lib/gcc/arm-none-eabi/4.9.3/armv6-m/libgcc.a(fixsfsi.o)
                              ./src/main.o (__aeabi_f2iz)
/home/khiemtt/Downloads/SimplicityStudio_v4/developer/toolchains/gnu_arm/4.9_2015q3/bin/../lib/gcc/arm-none-eabi/4.9.3/armv6-m/libgcc.a(floatsisf.o)
                              ./src/main.o (__aeabi_i2f)
/home/khiemtt/Downloads/SimplicityStudio_v4/developer/toolchains/gnu_arm/4.9_2015q3/bin/../lib/gcc/arm-none-eabi/4.9.3/armv6-m/libgcc.a(adddf3.o)
                              ./src/main.o (__aeabi_dadd)
/home/khiemtt/Downloads/SimplicityStudio_v4/developer/toolchains/gnu_arm/4.9_2015q3/bin/../lib/gcc/arm-none-eabi/4.9.3/armv6-m/libgcc.a(divdf3.o)
                              ./src/main.o (__aeabi_ddiv)
/home/khiemtt/Downloads/SimplicityStudio_v4/developer/toolchains/gnu_arm/4.9_2015q3/bin/../lib/gcc/arm-none-eabi/4.9.3/armv6-m/libgcc.a(muldf3.o)
                              ./src/main.o (__aeabi_dmul)
/home/khiemtt/Downloads/SimplicityStudio_v4/developer/toolchains/gnu_arm/4.9_2015q3/bin/../lib/gcc/arm-none-eabi/4.9.3/armv6-m/libgcc.a(subdf3.o)
                              /home/khiemtt/Downloads/SimplicityStudio_v4/developer/toolchains/gnu_arm/4.9_2015q3/bin/../lib/gcc/arm-none-eabi/4.9.3/armv6-m/libgcc.a(_fixunsdfsi.o) (__aeabi_dsub)
/home/khiemtt/Downloads/SimplicityStudio_v4/developer/toolchains/gnu_arm/4.9_2015q3/bin/../lib/gcc/arm-none-eabi/4.9.3/armv6-m/libgcc.a(fixdfsi.o)
                              /home/khiemtt/Downloads/SimplicityStudio_v4/developer/toolchains/gnu_arm/4.9_2015q3/bin/../lib/gcc/arm-none-eabi/4.9.3/armv6-m/libgcc.a(_fixunsdfsi.o) (__aeabi_d2iz)
/home/khiemtt/Downloads/SimplicityStudio_v4/developer/toolchains/gnu_arm/4.9_2015q3/bin/../lib/gcc/arm-none-eabi/4.9.3/armv6-m/libgcc.a(extendsfdf2.o)
                              ./src/main.o (__aeabi_f2d)
/home/khiemtt/Downloads/SimplicityStudio_v4/developer/toolchains/gnu_arm/4.9_2015q3/bin/../lib/gcc/arm-none-eabi/4.9.3/armv6-m/libgcc.a(truncdfsf2.o)
                              ./src/main.o (__aeabi_d2f)
/home/khiemtt/Downloads/SimplicityStudio_v4/developer/toolchains/gnu_arm/4.9_2015q3/bin/../lib/gcc/arm-none-eabi/4.9.3/armv6-m/libgcc.a(_arm_cmpdf2.o)
                              /home/khiemtt/Downloads/SimplicityStudio_v4/developer/toolchains/gnu_arm/4.9_2015q3/bin/../lib/gcc/arm-none-eabi/4.9.3/armv6-m/libgcc.a(_fixunsdfsi.o) (__aeabi_dcmpge)
/home/khiemtt/Downloads/SimplicityStudio_v4/developer/toolchains/gnu_arm/4.9_2015q3/bin/../lib/gcc/arm-none-eabi/4.9.3/armv6-m/libgcc.a(_divdi3.o)
[...]
Memory Configuration

Name             Origin             Length             Attributes
FLASH            0x00000000         0x00008000         xr
RAM              0x20000000         0x00001000         xrw
*default*        0x00000000         0xffffffff

Linker script and memory map

LOAD /home/khiemtt/Downloads/SimplicityStudio_v4/developer/toolchains/gnu_arm/4.9_2015q3/bin/../lib/gcc/arm-none-eabi/4.9.3/armv6-m/crti.o
LOAD /home/khiemtt/Downloads/SimplicityStudio_v4/developer/toolchains/gnu_arm/4.9_2015q3/bin/../lib/gcc/arm-none-eabi/4.9.3/armv6-m/crtbegin.o
LOAD /home/khiemtt/Downloads/SimplicityStudio_v4/developer/toolchains/gnu_arm/4.9_2015q3/bin/../lib/gcc/arm-none-eabi/4.9.3/../../../../arm-none-eabi/lib/armv6-m/crt0.o
LOAD ./CMSIS/EFM32ZG/startup_gcc_efm32zg.o
LOAD ./CMSIS/EFM32ZG/system_efm32zg.o
LOAD ./emlib/em_adc.o
LOAD ./emlib/em_assert.o
LOAD ./emlib/em_cmu.o
LOAD ./emlib/em_dma.o
LOAD ./emlib/em_emu.o
LOAD ./emlib/em_gpio.o
LOAD ./emlib/em_leuart.o
LOAD ./emlib/em_system.o
LOAD ./emlib/em_usart.o
LOAD ./src/InitDevice.o
LOAD ./src/main.o
LOAD /home/khiemtt/Downloads/SimplicityStudio_v4/developer/toolchains/gnu_arm/4.9_2015q3/bin/../lib/gcc/arm-none-eabi/4.9.3/../../../../arm-none-eabi/lib/armv6-m/libm.a
START GROUP
LOAD /home/khiemtt/Downloads/SimplicityStudio_v4/developer/toolchains/gnu_arm/4.9_2015q3/bin/../lib/gcc/arm-none-eabi/4.9.3/armv6-m/libgcc.a
LOAD /home/khiemtt/Downloads/SimplicityStudio_v4/developer/toolchains/gnu_arm/4.9_2015q3/bin/../lib/gcc/arm-none-eabi/4.9.3/../../../../arm-none-eabi/lib/armv6-m/libc_nano.a
LOAD /home/khiemtt/Downloads/SimplicityStudio_v4/developer/toolchains/gnu_arm/4.9_2015q3/bin/../lib/gcc/arm-none-eabi/4.9.3/../../../../arm-none-eabi/lib/armv6-m/libnosys.a
END GROUP
START GROUP
LOAD /home/khiemtt/Downloads/SimplicityStudio_v4/developer/toolchains/gnu_arm/4.9_2015q3/bin/../lib/gcc/arm-none-eabi/4.9.3/armv6-m/libgcc.a
LOAD /home/khiemtt/Downloads/SimplicityStudio_v4/developer/toolchains/gnu_arm/4.9_2015q3/bin/../lib/gcc/arm-none-eabi/4.9.3/../../../../arm-none-eabi/lib/armv6-m/libg_nano.a
LOAD /home/khiemtt/Downloads/SimplicityStudio_v4/developer/toolchains/gnu_arm/4.9_2015q3/bin/../lib/gcc/arm-none-eabi/4.9.3/../../../../arm-none-eabi/lib/armv6-m/libc_nano.a
END GROUP
START GROUP
LOAD /home/khiemtt/Downloads/SimplicityStudio_v4/developer/toolchains/gnu_arm/4.9_2015q3/bin/../lib/gcc/arm-none-eabi/4.9.3/armv6-m/libgcc.a
LOAD /home/khiemtt/Downloads/SimplicityStudio_v4/developer/toolchains/gnu_arm/4.9_2015q3/bin/../lib/gcc/arm-none-eabi/4.9.3/../../../../arm-none-eabi/lib/armv6-m/libc_nano.a
END GROUP
LOAD /home/khiemtt/Downloads/SimplicityStudio_v4/developer/toolchains/gnu_arm/4.9_2015q3/bin/../lib/gcc/arm-none-eabi/4.9.3/armv6-m/crtend.o
LOAD /home/khiemtt/Downloads/SimplicityStudio_v4/developer/toolchains/gnu_arm/4.9_2015q3/bin/../lib/gcc/arm-none-eabi/4.9.3/armv6-m/crtn.o

.text           0x00000000     0x6fec
 *(.vectors)
 .vectors       0x00000000       0x8c ./CMSIS/EFM32ZG/startup_gcc_efm32zg.o
                0x00000000                __Vectors
                0x0000008c                __Vectors_End = .
                0x0000008c                __Vectors_Size = (__Vectors_End - __Vectors)
                0x0000008c                __end__ = .
 *(.text*)
 .text          0x0000008c       0x60 /home/khiemtt/Downloads/SimplicityStudio_v4/developer/toolchains/gnu_arm/4.9_2015q3/bin/../lib/gcc/arm-none-eabi/4.9.3/armv6-m/crtbegin.o
 .text          0x000000ec       0x78 /home/khiemtt/Downloads/SimplicityStudio_v4/developer/toolchains/gnu_arm/4.9_2015q3/bin/../lib/gcc/arm-none-eabi/4.9.3/../../../../arm-none-eabi/lib/armv6-m/crt0.o
                0x000000ec                _mainCRTStartup
                0x000000ec                _start
 .text          0x00000164       0x30 ./CMSIS/EFM32ZG/startup_gcc_efm32zg.o
                0x00000164                Reset_Handler
                0x00000190                I2C0_IRQHandler
                0x00000190                HardFault_Handler
                0x00000190                PendSV_Handler
                0x00000190                NMI_Handler
                0x00000190                USART1_TX_IRQHandler
                0x00000190                MSC_IRQHandler
                0x00000190                ADC0_IRQHandler
                0x00000190                GPIO_EVEN_IRQHandler
                0x00000190                RTC_IRQHandler
                0x00000190                TIMER0_IRQHandler
                0x00000190                TIMER1_IRQHandler
                0x00000190                Default_Handler
                0x00000190                PCNT0_IRQHandler
                0x00000190                ACMP0_IRQHandler
                0x00000190                SVC_Handler
                0x00000190                CMU_IRQHandler
                0x00000190                GPIO_ODD_IRQHandler
                0x00000190                AES_IRQHandler
                0x00000190                VCMP_IRQHandler
 .text.SystemCoreClockGet
                0x00000194       0x38 ./CMSIS/EFM32ZG/system_efm32zg.o
                0x00000194                SystemCoreClockGet
 .text.SystemMaxCoreClockGet
                0x000001cc       0x10 ./CMSIS/EFM32ZG/system_efm32zg.o
                0x000001cc                SystemMaxCoreClockGet
 .text.SystemHFClockGet
                0x000001dc       0xcc ./CMSIS/EFM32ZG/system_efm32zg.o
                0x000001dc                SystemHFClockGet
 .text.SystemHFXOClockSet
                0x000002a8       0x2c ./CMSIS/EFM32ZG/system_efm32zg.o
                0x000002a8                SystemHFXOClockSet
 .text.SystemInit
                0x000002d4        0x8 ./CMSIS/EFM32ZG/system_efm32zg.o
                0x000002d4                SystemInit
 .text.SystemLFRCOClockGet
                0x000002dc       0x10 ./CMSIS/EFM32ZG/system_efm32zg.o
                0x000002dc                SystemLFRCOClockGet
 .text.SystemULFRCOClockGet
                0x000002ec       0x10 ./CMSIS/EFM32ZG/system_efm32zg.o
                0x000002ec                SystemULFRCOClockGet
 .text.SystemLFXOClockGet
                0x000002fc       0x14 ./CMSIS/EFM32ZG/system_efm32zg.o
                0x000002fc                SystemLFXOClockGet
 .text.BUS_RegBitWrite
                0x00000310       0x3c ./emlib/em_cmu.o
 .text.BUS_RegBitRead
                0x0000034c       0x20 ./emlib/em_cmu.o
 .text.SYSTEM_GetProdRev
                0x0000036c       0x18 ./emlib/em_cmu.o
 .text.auxClkGet
                0x00000384       0xb0 ./emlib/em_cmu.o
 .text.dbgClkGet
                0x00000434       0x48 ./emlib/em_cmu.o
 .text.flashWaitStateControl
                0x0000047c       0x7c ./emlib/em_cmu.o
 .text.flashWaitStateMax
                0x000004f8       0x18 ./emlib/em_cmu.o
 .text.CMU_UpdateWaitStates
                0x00000510       0x1c ./emlib/em_cmu.o
                0x00000510                CMU_UpdateWaitStates
 .text.lfClkGet
                0x0000052c       0xdc ./emlib/em_cmu.o
 .text.syncReg  0x00000608       0x2c ./emlib/em_cmu.o
 .text.CMU_ClockEnable
                0x00000634       0xa4 ./emlib/em_cmu.o
                0x00000634                CMU_ClockEnable
 .text.CMU_ClockFreqGet
                0x000006d8      0x12c ./emlib/em_cmu.o
                0x000006d8                CMU_ClockFreqGet
 .text.CMU_ClockSelectGet
                0x00000804      0x140 ./emlib/em_cmu.o
                0x00000804                CMU_ClockSelectGet
 .text.CMU_ClockSelectSet
                0x00000944      0x168 ./emlib/em_cmu.o
                0x00000944                CMU_ClockSelectSet
 .text.CMU_OscillatorEnable
                0x00000aac       0xc0 ./emlib/em_cmu.o
                0x00000aac                CMU_OscillatorEnable
 .text.DMA_IRQHandler
                0x00000b6c       0xd8 ./emlib/em_dma.o
                0x00000b6c                DMA_IRQHandler
 .text.LEUART_Sync
                0x00000c44       0x28 ./emlib/em_leuart.o
 .text.LEUART_BaudrateSet
                0x00000c6c       0x74 ./emlib/em_leuart.o
                0x00000c6c                LEUART_BaudrateSet
 .text.LEUART_Enable
                0x00000ce0       0x44 ./emlib/em_leuart.o
                0x00000ce0                LEUART_Enable
 .text.LEUART_FreezeEnable
                0x00000d24       0x34 ./emlib/em_leuart.o
                0x00000d24                LEUART_FreezeEnable
 .text.LEUART_Init
                0x00000d58       0x70 ./emlib/em_leuart.o
                0x00000d58                LEUART_Init
 .text.LEUART_Rx
                0x00000dc8       0x24 ./emlib/em_leuart.o
                0x00000dc8                LEUART_Rx
 .text.LEUART_Tx
                0x00000dec       0x34 ./emlib/em_leuart.o
                0x00000dec                LEUART_Tx
 .text.LEUART_TxDmaInEM2Enable
                0x00000e20       0x48 ./emlib/em_leuart.o
                0x00000e20                LEUART_TxDmaInEM2Enable
 .text.LEUART_RxDmaInEM2Enable
                0x00000e68       0x48 ./emlib/em_leuart.o
                0x00000e68                LEUART_RxDmaInEM2Enable
 .text.USART_BaudrateAsyncSet
                0x00000eb0       0xc8 ./emlib/em_usart.o
                0x00000eb0                USART_BaudrateAsyncSet
 .text.USART_InitAsync
                0x00000f78       0x78 ./emlib/em_usart.o
                0x00000f78                USART_InitAsync
 .text.USART_InitPrsTrigger
                0x00000ff0       0x5c ./emlib/em_usart.o
                0x00000ff0                USART_InitPrsTrigger
 .text.USART_Reset
                0x0000104c       0x70 ./emlib/em_usart.o
                0x0000104c                USART_Reset
 .text.USART_Rx
                0x000010bc       0x24 ./emlib/em_usart.o
                0x000010bc                USART_Rx
 .text.USART_Tx
                0x000010e0       0x28 ./emlib/em_usart.o
                0x000010e0                USART_Tx
 .text.NVIC_EnableIRQ
                0x00001108       0x2c ./src/InitDevice.o
 .text.NVIC_ClearPendingIRQ
                0x00001134       0x2c ./src/InitDevice.o
 .text.LEUART_IntClear
                0x00001160       0x18 ./src/InitDevice.o
 .text.LEUART_IntEnable
                0x00001178       0x1c ./src/InitDevice.o
 .text.USART_IntClear
                0x00001194       0x18 ./src/InitDevice.o
 .text.USART_IntEnable
                0x000011ac       0x1c ./src/InitDevice.o
 .text.enter_DefaultMode_from_RESET
                0x000011c8       0x1c ./src/InitDevice.o
                0x000011c8                enter_DefaultMode_from_RESET
 .text.HFXO_enter_DefaultMode_from_RESET
                0x000011e4       0x30 ./src/InitDevice.o
                0x000011e4                HFXO_enter_DefaultMode_from_RESET
 .text.CMU_enter_DefaultMode_from_RESET
                0x00001214       0x64 ./src/InitDevice.o
                0x00001214                CMU_enter_DefaultMode_from_RESET
 .text.USART1_enter_DefaultMode_from_RESET
                0x00001278       0xcc ./src/InitDevice.o
                0x00001278                USART1_enter_DefaultMode_from_RESET
 .text.LEUART0_enter_DefaultMode_from_RESET
                0x00001344       0x8c ./src/InitDevice.o
                0x00001344                LEUART0_enter_DefaultMode_from_RESET
 .text.PORTIO_enter_DefaultMode_from_RESET
                0x000013d0      0x108 ./src/InitDevice.o
                0x000013d0                PORTIO_enter_DefaultMode_from_RESET
 .text.NVIC_SetPriority
                0x000014d8       0xd4 ./src/main.o
 .text.SysTick_Config
                0x000015ac       0x48 ./src/main.o
 .text.BUS_RegBitRead
                0x000015f4       0x20 ./src/main.o
 .text.GPIO_PinInGet
                0x00001614       0x5c ./src/main.o
 .text.GPIO_PinOutClear
                0x00001670       0x5c ./src/main.o
 .text.GPIO_PinOutSet
                0x000016cc       0x5c ./src/main.o
 .text.CHIP_Init
                0x00001728        0x8 ./src/main.o
 .text.SysTick_Handler
                0x00001730       0x18 ./src/main.o
                0x00001730                SysTick_Handler
 .text.Delay    0x00001748       0x28 ./src/main.o
 .text.send_string
                0x00001770       0x54 ./src/main.o
                0x00001770                send_string
 .text.LEUART0_IRQHandler
                0x000017c4       0x3c ./src/main.o
                0x000017c4                LEUART0_IRQHandler
 .text.USART1_RX_IRQHandler
                0x00001800       0xa0 ./src/main.o
                0x00001800                USART1_RX_IRQHandler
 .text.gps_convert_lat_to_float
                0x000018a0       0xe4 ./src/main.o
 .text.gps_convert_lon_to_float
                0x00001984       0xe4 ./src/main.o
 .text.GetMessageFeilds
                0x00001a68       0x74 ./src/main.o
 .text.NMEA_GPRMC_Decoder
                0x00001adc      0x280 ./src/main.o
                0x00001adc                NMEA_GPRMC_Decoder
 .text.ftoa     0x00001d5c       0x54 ./src/main.o
                0x00001d5c                ftoa
 .text.main     0x00001db0      0x1a8 ./src/main.o
                0x00001db0                main
 .text          0x00001f58      0x120 /home/khiemtt/Downloads/SimplicityStudio_v4/developer/toolchains/gnu_arm/4.9_2015q3/bin/../lib/gcc/arm-none-eabi/4.9.3/armv6-m/libgcc.a(_udivsi3.o)
                0x00001f58                __udivsi3
                0x00001f58                __aeabi_uidiv
                0x00002064                __aeabi_uidivmod
 .text          0x00002078        0x4 /home/khiemtt/Downloads/SimplicityStudio_v4/developer/toolchains/gnu_arm/4.9_2015q3/bin/../lib/gcc/arm-none-eabi/4.9.3/armv6-m/libgcc.a(_dvmd_tls.o)
                0x00002078                __aeabi_ldiv0
                0x00002078                __aeabi_idiv0
 .text          0x0000207c       0x3c /home/khiemtt/Downloads/SimplicityStudio_v4/developer/toolchains/gnu_arm/4.9_2015q3/bin/../lib/gcc/arm-none-eabi/4.9.3/armv6-m/libgcc.a(_clzsi2.o)
                0x0000207c                __clzsi2
 .text          0x000020b8       0x3c /home/khiemtt/Downloads/SimplicityStudio_v4/developer/toolchains/gnu_arm/4.9_2015q3/bin/../lib/gcc/arm-none-eabi/4.9.3/armv6-m/libgcc.a(_fixunsdfsi.o)
                0x000020b8                __fixunsdfsi
                0x000020b8                __aeabi_d2uiz
 .text          0x000020f4      0x264 /home/khiemtt/Downloads/SimplicityStudio_v4/developer/toolchains/gnu_arm/4.9_2015q3/bin/../lib/gcc/arm-none-eabi/4.9.3/armv6-m/libgcc.a(mulsf3.o)
                0x000020f4                __aeabi_fmul
 .text          0x00002358      0x2fc /home/khiemtt/Downloads/SimplicityStudio_v4/developer/toolchains/gnu_arm/4.9_2015q3/bin/../lib/gcc/arm-none-eabi/4.9.3/armv6-m/libgcc.a(subsf3.o)
                0x00002358                __aeabi_fsub
 .text          0x00002654       0x40 /home/khiemtt/Downloads/SimplicityStudio_v4/developer/toolchains/gnu_arm/4.9_2015q3/bin/../lib/gcc/arm-none-eabi/4.9.3/armv6-m/libgcc.a(fixsfsi.o)
                0x00002654                __aeabi_f2iz
 .text          0x00002694       0x90 /home/khiemtt/Downloads/SimplicityStudio_v4/developer/toolchains/gnu_arm/4.9_2015q3/bin/../lib/gcc/arm-none-eabi/4.9.3/armv6-m/libgcc.a(floatsisf.o)
                0x00002694                __aeabi_i2f
 .text          0x00002724      0x650 /home/khiemtt/Downloads/SimplicityStudio_v4/developer/toolchains/gnu_arm/4.9_2015q3/bin/../lib/gcc/arm-none-eabi/4.9.3/armv6-m/libgcc.a(adddf3.o)
                0x00002724                __aeabi_dadd
 .text          0x00002d74      0x648 /home/khiemtt/Downloads/SimplicityStudio_v4/developer/toolchains/gnu_arm/4.9_2015q3/bin/../lib/gcc/arm-none-eabi/4.9.3/armv6-m/libgcc.a(divdf3.o)
                0x00002d74                __aeabi_ddiv
 .text          0x000033bc      0x534 /home/khiemtt/Downloads/SimplicityStudio_v4/developer/toolchains/gnu_arm/4.9_2015q3/bin/../lib/gcc/arm-none-eabi/4.9.3/armv6-m/libgcc.a(muldf3.o)
                0x000033bc                __aeabi_dmul
 .text          0x000038f0      0x6f4 /home/khiemtt/Downloads/SimplicityStudio_v4/developer/toolchains/gnu_arm/4.9_2015q3/bin/../lib/gcc/arm-none-eabi/4.9.3/armv6-m/libgcc.a(subdf3.o)
                0x000038f0                __aeabi_dsub
 .text          0x00003fe4       0x6c /home/khiemtt/Downloads/SimplicityStudio_v4/developer/toolchains/gnu_arm/4.9_2015q3/bin/../lib/gcc/arm-none-eabi/4.9.3/armv6-m/libgcc.a(fixdfsi.o)
                0x00003fe4                __aeabi_d2iz
 .text          0x00004050       0xa8 /home/khiemtt/Downloads/SimplicityStudio_v4/developer/toolchains/gnu_arm/4.9_2015q3/bin/../lib/gcc/arm-none-eabi/4.9.3/armv6-m/libgcc.a(extendsfdf2.o)
                0x00004050                __aeabi_f2d
 .text          0x000040f8      0x120 /home/khiemtt/Downloads/SimplicityStudio_v4/developer/toolchains/gnu_arm/4.9_2015q3/bin/../lib/gcc/arm-none-eabi/4.9.3/armv6-m/libgcc.a(truncdfsf2.o)
                0x000040f8                __aeabi_d2f
 .text          0x00004218       0x7c /home/khiemtt/Downloads/SimplicityStudio_v4/developer/toolchains/gnu_arm/4.9_2015q3/bin/../lib/gcc/arm-none-eabi/4.9.3/armv6-m/libgcc.a(_arm_cmpdf2.o)
                0x00004218                __aeabi_cdrcmple
                0x00004228                __aeabi_cdcmple
                0x00004228                __aeabi_cdcmpeq
                0x00004238                __aeabi_dcmpeq
                0x00004244                __aeabi_dcmplt
                0x00004258                __aeabi_dcmple
                0x0000426c                __aeabi_dcmpgt
                0x00004280                __aeabi_dcmpge
 .text          0x00004294       0x88 /home/khiemtt/Downloads/SimplicityStudio_v4/developer/toolchains/gnu_arm/4.9_2015q3/bin/../lib/gcc/arm-none-eabi/4.9.3/armv6-m/libgcc.a(eqdf2.o)
                0x00004294                __eqdf2
                0x00004294                __nedf2
 .text          0x0000431c       0xe0 /home/khiemtt/Downloads/SimplicityStudio_v4/developer/toolchains/gnu_arm/4.9_2015q3/bin/../lib/gcc/arm-none-eabi/4.9.3/armv6-m/libgcc.a(gedf2.o)
                0x0000431c                __gtdf2
                0x0000431c                __gedf2
 .text          0x000043fc       0xcc /home/khiemtt/Downloads/SimplicityStudio_v4/developer/toolchains/gnu_arm/4.9_2015q3/bin/../lib/gcc/arm-none-eabi/4.9.3/armv6-m/libgcc.a(ledf2.o)
                0x000043fc                __ltdf2
                0x000043fc                __ledf2
 .text.atof     0x000044c8        0xa /home/khiemtt/Downloads/SimplicityStudio_v4/developer/toolchains/gnu_arm/4.9_2015q3/bin/../lib/gcc/arm-none-eabi/4.9.3/../../../../arm-none-eabi/lib/armv6-m/libc_nano.a(lib_a-atof.o)
                0x000044c8                atof
 *fill*         0x000044d2        0x2 
 .text.exit     0x000044d4       0x2c /home/khiemtt/Downloads/SimplicityStudio_v4/developer/toolchains/gnu_arm/4.9_2015q3/bin/../lib/gcc/arm-none-eabi/4.9.3/../../../../arm-none-eabi/lib/armv6-m/libc_nano.a(lib_a-exit.o)
                0x000044d4                exit
 .text.__libc_init_array
                0x00004500       0x4c /home/khiemtt/Downloads/SimplicityStudio_v4/developer/toolchains/gnu_arm/4.9_2015q3/bin/../lib/gcc/arm-none-eabi/4.9.3/../../../../arm-none-eabi/lib/armv6-m/libc_nano.a(lib_a-init.o)
                0x00004500                __libc_init_array
 .text.memset   0x0000454c       0x10 /home/khiemtt/Downloads/SimplicityStudio_v4/developer/toolchains/gnu_arm/4.9_2015q3/bin/../lib/gcc/arm-none-eabi/4.9.3/../../../../arm-none-eabi/lib/armv6-m/libc_nano.a(lib_a-memset.o)
                0x0000454c                memset
 .text.sprintf  0x0000455c       0x44 /home/khiemtt/Downloads/SimplicityStudio_v4/developer/toolchains/gnu_arm/4.9_2015q3/bin/../lib/gcc/arm-none-eabi/4.9.3/../../../../arm-none-eabi/lib/armv6-m/libc_nano.a(lib_a-sprintf.o)
                0x0000455c                sprintf
                0x0000455c                siprintf
 .text          0x000045a0       0x14 /home/khiemtt/Downloads/SimplicityStudio_v4/developer/toolchains/gnu_arm/4.9_2015q3/bin/../lib/gcc/arm-none-eabi/4.9.3/../../../../arm-none-eabi/lib/armv6-m/libc_nano.a(lib_a-strcmp.o)
                0x000045a0                strcmp
 .text.strlen   0x000045b4        0xe /home/khiemtt/Downloads/SimplicityStudio_v4/developer/toolchains/gnu_arm/4.9_2015q3/bin/../lib/gcc/arm-none-eabi/4.9.3/../../../../arm-none-eabi/lib/armv6-m/libc_nano.a(lib_a-strlen.o)
                0x000045b4                strlen
 .text.strncpy  0x000045c2       0x28 /home/khiemtt/Downloads/SimplicityStudio_v4/developer/toolchains/gnu_arm/4.9_2015q3/bin/../lib/gcc/arm-none-eabi/4.9.3/../../../../arm-none-eabi/lib/armv6-m/libc_nano.a(lib_a-strncpy.o)
                0x000045c2                strncpy
 .text.match    0x000045ea       0x28 /home/khiemtt/Downloads/SimplicityStudio_v4/developer/toolchains/gnu_arm/4.9_2015q3/bin/../lib/gcc/arm-none-eabi/4.9.3/../../../../arm-none-eabi/lib/armv6-m/libc_nano.a(lib_a-strtod.o)
 *fill*         0x00004612        0x2 
 .text.unlikely.sulp
                0x00004614       0x2c /home/khiemtt/Downloads/SimplicityStudio_v4/developer/toolchains/gnu_arm/4.9_2015q3/bin/../lib/gcc/arm-none-eabi/4.9.3/../../../../arm-none-eabi/lib/armv6-m/libc_nano.a(lib_a-strtod.o)
 .text._strtod_r
                0x00004640      0xc34 /home/khiemtt/Downloads/SimplicityStudio_v4/developer/toolchains/gnu_arm/4.9_2015q3/bin/../lib/gcc/arm-none-eabi/4.9.3/../../../../arm-none-eabi/lib/armv6-m/libc_nano.a(lib_a-strtod.o)
                0x00004640                _strtod_r
 .text.strtod   0x00005274       0x18 /home/khiemtt/Downloads/SimplicityStudio_v4/developer/toolchains/gnu_arm/4.9_2015q3/bin/../lib/gcc/arm-none-eabi/4.9.3/../../../../arm-none-eabi/lib/armv6-m/libc_nano.a(lib_a-strtod.o)
                0x00005274                strtod
 .text.rshift   0x0000528c       0x68 /home/khiemtt/Downloads/SimplicityStudio_v4/developer/toolchains/gnu_arm/4.9_2015q3/bin/../lib/gcc/arm-none-eabi/4.9.3/../../../../arm-none-eabi/lib/armv6-m/libc_nano.a(lib_a-gdtoa-gethex.o)
 .text.__hexdig_fun
                0x000052f4       0x2a /home/khiemtt/Downloads/SimplicityStudio_v4/developer/toolchains/gnu_arm/4.9_2015q3/bin/../lib/gcc/arm-none-eabi/4.9.3/../../../../arm-none-eabi/lib/armv6-m/libc_nano.a(lib_a-gdtoa-gethex.o)
                0x000052f4                __hexdig_fun
 .text.__gethex
                0x0000531e      0x448 /home/khiemtt/Downloads/SimplicityStudio_v4/developer/toolchains/gnu_arm/4.9_2015q3/bin/../lib/gcc/arm-none-eabi/4.9.3/../../../../arm-none-eabi/lib/armv6-m/libc_nano.a(lib_a-gdtoa-gethex.o)
                0x0000531e                __gethex
 .text.L_shift  0x00005766       0x24 /home/khiemtt/Downloads/SimplicityStudio_v4/developer/toolchains/gnu_arm/4.9_2015q3/bin/../lib/gcc/arm-none-eabi/4.9.3/../../../../arm-none-eabi/lib/armv6-m/libc_nano.a(lib_a-gdtoa-hexnan.o)
 .text.__hexnan
                0x0000578a      0x130 /home/khiemtt/Downloads/SimplicityStudio_v4/developer/toolchains/gnu_arm/4.9_2015q3/bin/../lib/gcc/arm-none-eabi/4.9.3/../../../../arm-none-eabi/lib/armv6-m/libc_nano.a(lib_a-gdtoa-hexnan.o)
                0x0000578a                __hexnan
 *fill*         0x000058ba        0x2 
 .text._localeconv_r
                0x000058bc        0x8 /home/khiemtt/Downloads/SimplicityStudio_v4/developer/toolchains/gnu_arm/4.9_2015q3/bin/../lib/gcc/arm-none-eabi/4.9.3/../../../../arm-none-eabi/lib/armv6-m/libc_nano.a(lib_a-locale.o)
                0x000058bc                _localeconv_r
 .text.memcpy   0x000058c4       0x12 /home/khiemtt/Downloads/SimplicityStudio_v4/developer/toolchains/gnu_arm/4.9_2015q3/bin/../lib/gcc/arm-none-eabi/4.9.3/../../../../arm-none-eabi/lib/armv6-m/libc_nano.a(lib_a-memcpy.o)
                0x000058c4                memcpy
 .text._Balloc  0x000058d6       0x70 /home/khiemtt/Downloads/SimplicityStudio_v4/developer/toolchains/gnu_arm/4.9_2015q3/bin/../lib/gcc/arm-none-eabi/4.9.3/../../../../arm-none-eabi/lib/armv6-m/libc_nano.a(lib_a-mprec.o)
                0x000058d6                _Balloc
 .text._Bfree   0x00005946       0x32 /home/khiemtt/Downloads/SimplicityStudio_v4/developer/toolchains/gnu_arm/4.9_2015q3/bin/../lib/gcc/arm-none-eabi/4.9.3/../../../../arm-none-eabi/lib/armv6-m/libc_nano.a(lib_a-mprec.o)
                0x00005946                _Bfree
 .text.__multadd
                0x00005978       0x78 /home/khiemtt/Downloads/SimplicityStudio_v4/developer/toolchains/gnu_arm/4.9_2015q3/bin/../lib/gcc/arm-none-eabi/4.9.3/../../../../arm-none-eabi/lib/armv6-m/libc_nano.a(lib_a-mprec.o)
                0x00005978                __multadd
 .text.__s2b    0x000059f0       0x80 /home/khiemtt/Downloads/SimplicityStudio_v4/developer/toolchains/gnu_arm/4.9_2015q3/bin/../lib/gcc/arm-none-eabi/4.9.3/../../../../arm-none-eabi/lib/armv6-m/libc_nano.a(lib_a-mprec.o)
                0x000059f0                __s2b
 .text.__hi0bits
                0x00005a70       0x36 /home/khiemtt/Downloads/SimplicityStudio_v4/developer/toolchains/gnu_arm/4.9_2015q3/bin/../lib/gcc/arm-none-eabi/4.9.3/../../../../arm-none-eabi/lib/armv6-m/libc_nano.a(lib_a-mprec.o)
                0x00005a70                __hi0bits
 .text.__lo0bits
                0x00005aa6       0x5e /home/khiemtt/Downloads/SimplicityStudio_v4/developer/toolchains/gnu_arm/4.9_2015q3/bin/../lib/gcc/arm-none-eabi/4.9.3/../../../../arm-none-eabi/lib/armv6-m/libc_nano.a(lib_a-mprec.o)
                0x00005aa6                __lo0bits
 .text.__i2b    0x00005b04       0x12 /home/khiemtt/Downloads/SimplicityStudio_v4/developer/toolchains/gnu_arm/4.9_2015q3/bin/../lib/gcc/arm-none-eabi/4.9.3/../../../../arm-none-eabi/lib/armv6-m/libc_nano.a(lib_a-mprec.o)
                0x00005b04                __i2b
 .text.__multiply
                0x00005b16      0x11a /home/khiemtt/Downloads/SimplicityStudio_v4/developer/toolchains/gnu_arm/4.9_2015q3/bin/../lib/gcc/arm-none-eabi/4.9.3/../../../../arm-none-eabi/lib/armv6-m/libc_nano.a(lib_a-mprec.o)
                0x00005b16                __multiply
 .text.__pow5mult
                0x00005c30       0xa4 /home/khiemtt/Downloads/SimplicityStudio_v4/developer/toolchains/gnu_arm/4.9_2015q3/bin/../lib/gcc/arm-none-eabi/4.9.3/../../../../arm-none-eabi/lib/armv6-m/libc_nano.a(lib_a-mprec.o)
                0x00005c30                __pow5mult
 .text.__lshift
                0x00005cd4       0xa4 /home/khiemtt/Downloads/SimplicityStudio_v4/developer/toolchains/gnu_arm/4.9_2015q3/bin/../lib/gcc/arm-none-eabi/4.9.3/../../../../arm-none-eabi/lib/armv6-m/libc_nano.a(lib_a-mprec.o)
                0x00005cd4                __lshift
 .text.__mcmp   0x00005d78       0x36 /home/khiemtt/Downloads/SimplicityStudio_v4/developer/toolchains/gnu_arm/4.9_2015q3/bin/../lib/gcc/arm-none-eabi/4.9.3/../../../../arm-none-eabi/lib/armv6-m/libc_nano.a(lib_a-mprec.o)
                0x00005d78                __mcmp
 .text.__mdiff  0x00005dae       0xd6 /home/khiemtt/Downloads/SimplicityStudio_v4/developer/toolchains/gnu_arm/4.9_2015q3/bin/../lib/gcc/arm-none-eabi/4.9.3/../../../../arm-none-eabi/lib/armv6-m/libc_nano.a(lib_a-mprec.o)
                0x00005dae                __mdiff
 .text.__ulp    0x00005e84       0x48 /home/khiemtt/Downloads/SimplicityStudio_v4/developer/toolchains/gnu_arm/4.9_2015q3/bin/../lib/gcc/arm-none-eabi/4.9.3/../../../../arm-none-eabi/lib/armv6-m/libc_nano.a(lib_a-mprec.o)
                0x00005e84                __ulp
 .text.__b2d    0x00005ecc       0xa4 /home/khiemtt/Downloads/SimplicityStudio_v4/developer/toolchains/gnu_arm/4.9_2015q3/bin/../lib/gcc/arm-none-eabi/4.9.3/../../../../arm-none-eabi/lib/armv6-m/libc_nano.a(lib_a-mprec.o)
                0x00005ecc                __b2d
 .text.__d2b    0x00005f70       0xa8 /home/khiemtt/Downloads/SimplicityStudio_v4/developer/toolchains/gnu_arm/4.9_2015q3/bin/../lib/gcc/arm-none-eabi/4.9.3/../../../../arm-none-eabi/lib/armv6-m/libc_nano.a(lib_a-mprec.o)
                0x00005f70                __d2b
 .text.__ratio  0x00006018       0x54 /home/khiemtt/Downloads/SimplicityStudio_v4/developer/toolchains/gnu_arm/4.9_2015q3/bin/../lib/gcc/arm-none-eabi/4.9.3/../../../../arm-none-eabi/lib/armv6-m/libc_nano.a(lib_a-mprec.o)
                0x00006018                __ratio
 .text.__copybits
                0x0000606c       0x2c /home/khiemtt/Downloads/SimplicityStudio_v4/developer/toolchains/gnu_arm/4.9_2015q3/bin/../lib/gcc/arm-none-eabi/4.9.3/../../../../arm-none-eabi/lib/armv6-m/libc_nano.a(lib_a-mprec.o)
                0x0000606c                __copybits
 .text.__any_on
                0x00006098       0x42 /home/khiemtt/Downloads/SimplicityStudio_v4/developer/toolchains/gnu_arm/4.9_2015q3/bin/../lib/gcc/arm-none-eabi/4.9.3/../../../../arm-none-eabi/lib/armv6-m/libc_nano.a(lib_a-mprec.o)
                0x00006098                __any_on
 .text._calloc_r
                0x000060da       0x1c /home/khiemtt/Downloads/SimplicityStudio_v4/developer/toolchains/gnu_arm/4.9_2015q3/bin/../lib/gcc/arm-none-eabi/4.9.3/../../../../arm-none-eabi/lib/armv6-m/libc_nano.a(lib_a-nano-callocr.o)
                0x000060da                _calloc_r
 *fill*         0x000060f6        0x2 
 .text._malloc_r
                0x000060f8       0xb0 /home/khiemtt/Downloads/SimplicityStudio_v4/developer/toolchains/gnu_arm/4.9_2015q3/bin/../lib/gcc/arm-none-eabi/4.9.3/../../../../arm-none-eabi/lib/armv6-m/libc_nano.a(lib_a-nano-mallocr.o)
                0x000060f8                _malloc_r
 .text.__ssputs_r
                0x000061a8       0xc0 /home/khiemtt/Downloads/SimplicityStudio_v4/developer/toolchains/gnu_arm/4.9_2015q3/bin/../lib/gcc/arm-none-eabi/4.9.3/../../../../arm-none-eabi/lib/armv6-m/libc_nano.a(lib_a-nano-svfprintf.o)
                0x000061a8                __ssputs_r
 .text._svfprintf_r
                0x00006268      0x1ec /home/khiemtt/Downloads/SimplicityStudio_v4/developer/toolchains/gnu_arm/4.9_2015q3/bin/../lib/gcc/arm-none-eabi/4.9.3/../../../../arm-none-eabi/lib/armv6-m/libc_nano.a(lib_a-nano-svfprintf.o)
                0x00006268                _svfprintf_r
                0x00006268                _svfiprintf_r
 .text._printf_common
                0x00006454       0xdc /home/khiemtt/Downloads/SimplicityStudio_v4/developer/toolchains/gnu_arm/4.9_2015q3/bin/../lib/gcc/arm-none-eabi/4.9.3/../../../../arm-none-eabi/lib/armv6-m/libc_nano.a(lib_a-nano-vfprintf_i.o)
                0x00006454                _printf_common
 .text._printf_i
                0x00006530      0x230 /home/khiemtt/Downloads/SimplicityStudio_v4/developer/toolchains/gnu_arm/4.9_2015q3/bin/../lib/gcc/arm-none-eabi/4.9.3/../../../../arm-none-eabi/lib/armv6-m/libc_nano.a(lib_a-nano-vfprintf_i.o)
                0x00006530                _printf_i
 .text._sbrk_r  0x00006760       0x24 /home/khiemtt/Downloads/SimplicityStudio_v4/developer/toolchains/gnu_arm/4.9_2015q3/bin/../lib/gcc/arm-none-eabi/4.9.3/../../../../arm-none-eabi/lib/armv6-m/libc_nano.a(lib_a-sbrkr.o)
                0x00006760                _sbrk_r
 .text.strncmp  0x00006784       0x28 /home/khiemtt/Downloads/SimplicityStudio_v4/developer/toolchains/gnu_arm/4.9_2015q3/bin/../lib/gcc/arm-none-eabi/4.9.3/../../../../arm-none-eabi/lib/armv6-m/libc_nano.a(lib_a-strncmp.o)
                0x00006784                strncmp
 .text.malloc   0x000067ac       0x14 /home/khiemtt/Downloads/SimplicityStudio_v4/developer/toolchains/gnu_arm/4.9_2015q3/bin/../lib/gcc/arm-none-eabi/4.9.3/../../../../arm-none-eabi/lib/armv6-m/libc_nano.a(lib_a-malloc.o)
                0x000067ac                malloc
 .text.memchr   0x000067c0       0x16 /home/khiemtt/Downloads/SimplicityStudio_v4/developer/toolchains/gnu_arm/4.9_2015q3/bin/../lib/gcc/arm-none-eabi/4.9.3/../../../../arm-none-eabi/lib/armv6-m/libc_nano.a(lib_a-memchr.o)
                0x000067c0                memchr
 .text.memmove  0x000067d6       0x28 /home/khiemtt/Downloads/SimplicityStudio_v4/developer/toolchains/gnu_arm/4.9_2015q3/bin/../lib/gcc/arm-none-eabi/4.9.3/../../../../arm-none-eabi/lib/armv6-m/libc_nano.a(lib_a-memmove.o)
                0x000067d6                memmove
 *fill*         0x000067fe        0x2 
 .text._free_r  0x00006800       0x8c /home/khiemtt/Downloads/SimplicityStudio_v4/developer/toolchains/gnu_arm/4.9_2015q3/bin/../lib/gcc/arm-none-eabi/4.9.3/../../../../arm-none-eabi/lib/armv6-m/libc_nano.a(lib_a-nano-freer.o)
                0x00006800                _free_r
 .text._realloc_r
                0x0000688c       0x4c /home/khiemtt/Downloads/SimplicityStudio_v4/developer/toolchains/gnu_arm/4.9_2015q3/bin/../lib/gcc/arm-none-eabi/4.9.3/../../../../arm-none-eabi/lib/armv6-m/libc_nano.a(lib_a-nano-reallocr.o)
                0x0000688c                _realloc_r
 .text._malloc_usable_size_r
                0x000068d8       0x16 /home/khiemtt/Downloads/SimplicityStudio_v4/developer/toolchains/gnu_arm/4.9_2015q3/bin/../lib/gcc/arm-none-eabi/4.9.3/../../../../arm-none-eabi/lib/armv6-m/libc_nano.a(lib_a-nano-msizer.o)
                0x000068d8                _malloc_usable_size_r
 *fill*         0x000068ee        0x2 
 .text._sbrk    0x000068f0       0x1c /home/khiemtt/Downloads/SimplicityStudio_v4/developer/toolchains/gnu_arm/4.9_2015q3/bin/../lib/gcc/arm-none-eabi/4.9.3/../../../../arm-none-eabi/lib/armv6-m/libnosys.a(sbrk.o)
                0x000068f0                _sbrk
 .text._exit    0x0000690c        0x4 /home/khiemtt/Downloads/SimplicityStudio_v4/developer/toolchains/gnu_arm/4.9_2015q3/bin/../lib/gcc/arm-none-eabi/4.9.3/../../../../arm-none-eabi/lib/armv6-m/libnosys.a(_exit.o)
                0x0000690c                _exit
 .text          0x00006910       0x14 /home/khiemtt/Downloads/SimplicityStudio_v4/developer/toolchains/gnu_arm/4.9_2015q3/bin/../lib/gcc/arm-none-eabi/4.9.3/armv6-m/libgcc.a(_thumb1_case_uqi.o)
                0x00006910                __gnu_thumb1_case_uqi
 .text          0x00006924      0x1e0 /home/khiemtt/Downloads/SimplicityStudio_v4/developer/toolchains/gnu_arm/4.9_2015q3/bin/../lib/gcc/arm-none-eabi/4.9.3/armv6-m/libgcc.a(_divsi3.o)
                0x00006924                __aeabi_idiv
                0x00006924                __divsi3
                0x00006af0                __aeabi_idivmod
 .text          0x00006b04       0x78 /home/khiemtt/Downloads/SimplicityStudio_v4/developer/toolchains/gnu_arm/4.9_2015q3/bin/../lib/gcc/arm-none-eabi/4.9.3/armv6-m/libgcc.a(floatsidf.o)
                0x00006b04                __aeabi_i2d
 .text          0x00006b7c       0x64 /home/khiemtt/Downloads/SimplicityStudio_v4/developer/toolchains/gnu_arm/4.9_2015q3/bin/../lib/gcc/arm-none-eabi/4.9.3/armv6-m/libgcc.a(floatunsidf.o)
                0x00006b7c                __aeabi_ui2d
 *(.init)
 .init          0x00006be0        0x4 /home/khiemtt/Downloads/SimplicityStudio_v4/developer/toolchains/gnu_arm/4.9_2015q3/bin/../lib/gcc/arm-none-eabi/4.9.3/armv6-m/crti.o
                0x00006be0                _init
 .init          0x00006be4        0x8 /home/khiemtt/Downloads/SimplicityStudio_v4/developer/toolchains/gnu_arm/4.9_2015q3/bin/../lib/gcc/arm-none-eabi/4.9.3/armv6-m/crtn.o
 *(.fini)
 .fini          0x00006bec        0x4 /home/khiemtt/Downloads/SimplicityStudio_v4/developer/toolchains/gnu_arm/4.9_2015q3/bin/../lib/gcc/arm-none-eabi/4.9.3/armv6-m/crti.o
                0x00006bec                _fini
 .fini          0x00006bf0        0x8 /home/khiemtt/Downloads/SimplicityStudio_v4/developer/toolchains/gnu_arm/4.9_2015q3/bin/../lib/gcc/arm-none-eabi/4.9.3/armv6-m/crtn.o
 *crtbegin.o(.ctors)
 *crtbegin?.o(.ctors)
 *(EXCLUDE_FILE(*crtend.o *crtend?.o) .ctors)
 *(SORT(.ctors.*))
 *(.ctors)
 *crtbegin.o(.dtors)
 *crtbegin?.o(.dtors)
 *(EXCLUDE_FILE(*crtend.o *crtend?.o) .dtors)
 *(SORT(.dtors.*))
 *(.dtors)
 *(.rodata*)
 .rodata.CMU_ClockEnable
                0x00006bf8       0x2c ./emlib/em_cmu.o
 .rodata.CMU_ClockSelectSet
                0x00006c24       0x58 ./emlib/em_cmu.o
 .rodata.CMU_OscillatorEnable
                0x00006c7c       0x14 ./emlib/em_cmu.o
 .rodata        0x00006c90       0x28 ./src/InitDevice.o
 .rodata        0x00006cb8       0xa7 ./src/main.o
 *fill*         0x00006d5f        0x1 
 .rodata        0x00006d60       0x40 /home/khiemtt/Downloads/SimplicityStudio_v4/developer/toolchains/gnu_arm/4.9_2015q3/bin/../lib/gcc/arm-none-eabi/4.9.3/armv6-m/libgcc.a(mulsf3.o)
 .rodata        0x00006da0       0x40 /home/khiemtt/Downloads/SimplicityStudio_v4/developer/toolchains/gnu_arm/4.9_2015q3/bin/../lib/gcc/arm-none-eabi/4.9.3/armv6-m/libgcc.a(divdf3.o)
 .rodata        0x00006de0       0x40 /home/khiemtt/Downloads/SimplicityStudio_v4/developer/toolchains/gnu_arm/4.9_2015q3/bin/../lib/gcc/arm-none-eabi/4.9.3/armv6-m/libgcc.a(muldf3.o)
 .rodata.str1.1
                0x00006e20        0x2 /home/khiemtt/Downloads/SimplicityStudio_v4/developer/toolchains/gnu_arm/4.9_2015q3/bin/../lib/gcc/arm-none-eabi/4.9.3/../../../../arm-none-eabi/lib/armv6-m/libc_nano.a(lib_a-impure.o)
 *fill*         0x00006e22        0x2 
 .rodata._global_impure_ptr
                0x00006e24        0x4 /home/khiemtt/Downloads/SimplicityStudio_v4/developer/toolchains/gnu_arm/4.9_2015q3/bin/../lib/gcc/arm-none-eabi/4.9.3/../../../../arm-none-eabi/lib/armv6-m/libc_nano.a(lib_a-impure.o)
                0x00006e24                _global_impure_ptr
 .rodata.str1.1
                0x00006e28        0xc /home/khiemtt/Downloads/SimplicityStudio_v4/developer/toolchains/gnu_arm/4.9_2015q3/bin/../lib/gcc/arm-none-eabi/4.9.3/../../../../arm-none-eabi/lib/armv6-m/libc_nano.a(lib_a-strtod.o)
 .rodata.fpinan.5315
                0x00006e34       0x14 /home/khiemtt/Downloads/SimplicityStudio_v4/developer/toolchains/gnu_arm/4.9_2015q3/bin/../lib/gcc/arm-none-eabi/4.9.3/../../../../arm-none-eabi/lib/armv6-m/libc_nano.a(lib_a-strtod.o)
 .rodata.tinytens
                0x00006e48       0x28 /home/khiemtt/Downloads/SimplicityStudio_v4/developer/toolchains/gnu_arm/4.9_2015q3/bin/../lib/gcc/arm-none-eabi/4.9.3/../../../../arm-none-eabi/lib/armv6-m/libc_nano.a(lib_a-strtod.o)
 .rodata.fpi.5279
                0x00006e70       0x14 /home/khiemtt/Downloads/SimplicityStudio_v4/developer/toolchains/gnu_arm/4.9_2015q3/bin/../lib/gcc/arm-none-eabi/4.9.3/../../../../arm-none-eabi/lib/armv6-m/libc_nano.a(lib_a-strtod.o)
 .rodata.str1.1
                0x00006e84        0x8 /home/khiemtt/Downloads/SimplicityStudio_v4/developer/toolchains/gnu_arm/4.9_2015q3/bin/../lib/gcc/arm-none-eabi/4.9.3/../../../../arm-none-eabi/lib/armv6-m/libc_nano.a(lib_a-locale.o)
                                  0xb (size before relaxing)
 *fill*         0x00006e8c        0x4 
 .rodata.__mprec_tens
                0x00006e90       0xc8 /home/khiemtt/Downloads/SimplicityStudio_v4/developer/toolchains/gnu_arm/4.9_2015q3/bin/../lib/gcc/arm-none-eabi/4.9.3/../../../../arm-none-eabi/lib/armv6-m/libc_nano.a(lib_a-mprec.o)
                0x00006e90                __mprec_tens
 .rodata.__mprec_bigtens
                0x00006f58       0x28 /home/khiemtt/Downloads/SimplicityStudio_v4/developer/toolchains/gnu_arm/4.9_2015q3/bin/../lib/gcc/arm-none-eabi/4.9.3/../../../../arm-none-eabi/lib/armv6-m/libc_nano.a(lib_a-mprec.o)
                0x00006f58                __mprec_bigtens
 .rodata.p05.5314
                0x00006f80        0xc /home/khiemtt/Downloads/SimplicityStudio_v4/developer/toolchains/gnu_arm/4.9_2015q3/bin/../lib/gcc/arm-none-eabi/4.9.3/../../../../arm-none-eabi/lib/armv6-m/libc_nano.a(lib_a-mprec.o)
 .rodata.str1.1
                0x00006f8c       0x11 /home/khiemtt/Downloads/SimplicityStudio_v4/developer/toolchains/gnu_arm/4.9_2015q3/bin/../lib/gcc/arm-none-eabi/4.9.3/../../../../arm-none-eabi/lib/armv6-m/libc_nano.a(lib_a-nano-svfprintf.o)
 .rodata.str1.1
                0x00006f9d       0x22 /home/khiemtt/Downloads/SimplicityStudio_v4/developer/toolchains/gnu_arm/4.9_2015q3/bin/../lib/gcc/arm-none-eabi/4.9.3/../../../../arm-none-eabi/lib/armv6-m/libc_nano.a(lib_a-nano-vfprintf_i.o)
 *(.eh_frame*)
 *fill*         0x00006fbf        0x1 
 .eh_frame      0x00006fc0        0x0 /home/khiemtt/Downloads/SimplicityStudio_v4/developer/toolchains/gnu_arm/4.9_2015q3/bin/../lib/gcc/arm-none-eabi/4.9.3/armv6-m/crtbegin.o
 .eh_frame      0x00006fc0       0x28 /home/khiemtt/Downloads/SimplicityStudio_v4/developer/toolchains/gnu_arm/4.9_2015q3/bin/../lib/gcc/arm-none-eabi/4.9.3/../../../../arm-none-eabi/lib/armv6-m/libc_nano.a(lib_a-strcmp.o)
 .eh_frame      0x00006fe8        0x4 /home/khiemtt/Downloads/SimplicityStudio_v4/developer/toolchains/gnu_arm/4.9_2015q3/bin/../lib/gcc/arm-none-eabi/4.9.3/armv6-m/crtend.o

.glue_7         0x00006fec        0x0
 .glue_7        0x00000000        0x0 linker stubs

.glue_7t        0x00006fec        0x0
 .glue_7t       0x00000000        0x0 linker stubs

.vfp11_veneer   0x00006fec        0x0
 .vfp11_veneer  0x00000000        0x0 linker stubs

.v4_bx          0x00006fec        0x0
 .v4_bx         0x00000000        0x0 linker stubs

.iplt           0x00006fec        0x0
 .iplt          0x00000000        0x0 /home/khiemtt/Downloads/SimplicityStudio_v4/developer/toolchains/gnu_arm/4.9_2015q3/bin/../lib/gcc/arm-none-eabi/4.9.3/armv6-m/crtbegin.o

.ARM.extab
 *(.ARM.extab* .gnu.linkonce.armextab.*)
                0x00006fec                __exidx_start = .

.ARM.exidx      0x00006fec        0x8
 *(.ARM.exidx* .gnu.linkonce.armexidx.*)
 .ARM.exidx     0x00006fec        0x8 /home/khiemtt/Downloads/SimplicityStudio_v4/developer/toolchains/gnu_arm/4.9_2015q3/bin/../lib/gcc/arm-none-eabi/4.9.3/../../../../arm-none-eabi/lib/armv6-m/crt0.o
                0x00006ff4                __exidx_end = .
                0x00006ff4                __etext = .

.rel.dyn        0x00006ff4        0x0
 .rel.iplt      0x00000000        0x0 /home/khiemtt/Downloads/SimplicityStudio_v4/developer/toolchains/gnu_arm/4.9_2015q3/bin/../lib/gcc/arm-none-eabi/4.9.3/armv6-m/crtbegin.o

.data           0x20000000       0xb4 load address 0x00006ff4
                0x20000000                __data_start__ = .
 *(vtable)
 *(.data*)
 .data.SystemHFXOClock
                0x20000000        0x4 ./CMSIS/EFM32ZG/system_efm32zg.o
 .data.SystemLFXOClock
                0x20000004        0x4 ./CMSIS/EFM32ZG/system_efm32zg.o
 .data.SystemCoreClock
                0x20000008        0x4 ./CMSIS/EFM32ZG/system_efm32zg.o
                0x20000008                SystemCoreClock
 .data.impure_data
                0x2000000c       0x60 /home/khiemtt/Downloads/SimplicityStudio_v4/developer/toolchains/gnu_arm/4.9_2015q3/bin/../lib/gcc/arm-none-eabi/4.9.3/../../../../arm-none-eabi/lib/armv6-m/libc_nano.a(lib_a-impure.o)
 .data._impure_ptr
                0x2000006c        0x4 /home/khiemtt/Downloads/SimplicityStudio_v4/developer/toolchains/gnu_arm/4.9_2015q3/bin/../lib/gcc/arm-none-eabi/4.9.3/../../../../arm-none-eabi/lib/armv6-m/libc_nano.a(lib_a-impure.o)
                0x2000006c                _impure_ptr
 .data.lconv    0x20000070       0x38 /home/khiemtt/Downloads/SimplicityStudio_v4/developer/toolchains/gnu_arm/4.9_2015q3/bin/../lib/gcc/arm-none-eabi/4.9.3/../../../../arm-none-eabi/lib/armv6-m/libc_nano.a(lib_a-locale.o)
                0x200000a8                . = ALIGN (0x4)
 *(.ram)
                0x200000a8                . = ALIGN (0x4)
                0x200000a8                PROVIDE (__preinit_array_start, .)
 *(.preinit_array)
                0x200000a8                PROVIDE (__preinit_array_end, .)
                0x200000a8                . = ALIGN (0x4)
                0x200000a8                PROVIDE (__init_array_start, .)
 *(SORT(.init_array.*))
 *(.init_array)
 .init_array    0x200000a8        0x4 /home/khiemtt/Downloads/SimplicityStudio_v4/developer/toolchains/gnu_arm/4.9_2015q3/bin/../lib/gcc/arm-none-eabi/4.9.3/armv6-m/crtbegin.o
                0x200000ac                PROVIDE (__init_array_end, .)
                0x200000ac                . = ALIGN (0x4)
                0x200000ac                PROVIDE (__fini_array_start, .)
 *(SORT(.fini_array.*))
 *(.fini_array)
 .fini_array    0x200000ac        0x4 /home/khiemtt/Downloads/SimplicityStudio_v4/developer/toolchains/gnu_arm/4.9_2015q3/bin/../lib/gcc/arm-none-eabi/4.9.3/armv6-m/crtbegin.o
                0x200000b0                PROVIDE (__fini_array_end, .)
 *(.jcr*)
 .jcr           0x200000b0        0x0 /home/khiemtt/Downloads/SimplicityStudio_v4/developer/toolchains/gnu_arm/4.9_2015q3/bin/../lib/gcc/arm-none-eabi/4.9.3/armv6-m/crtbegin.o
 .jcr           0x200000b0        0x4 /home/khiemtt/Downloads/SimplicityStudio_v4/developer/toolchains/gnu_arm/4.9_2015q3/bin/../lib/gcc/arm-none-eabi/4.9.3/armv6-m/crtend.o
                0x200000b4                . = ALIGN (0x4)
                0x200000b4                __data_end__ = .

.igot.plt       0x200000b4        0x0 load address 0x000070a8
 .igot.plt      0x00000000        0x0 /home/khiemtt/Downloads/SimplicityStudio_v4/developer/toolchains/gnu_arm/4.9_2015q3/bin/../lib/gcc/arm-none-eabi/4.9.3/armv6-m/crtbegin.o

.bss            0x200000b4      0x154 load address 0x000070a8
                0x200000b4                . = ALIGN (0x4)
                0x200000b4                __bss_start__ = .
 *(.bss*)
 .bss           0x200000b4       0x1c /home/khiemtt/Downloads/SimplicityStudio_v4/developer/toolchains/gnu_arm/4.9_2015q3/bin/../lib/gcc/arm-none-eabi/4.9.3/armv6-m/crtbegin.o
 .bss.counter   0x200000d0        0x4 ./src/main.o
                0x200000d0                counter
 .bss.msTicks   0x200000d4        0x4 ./src/main.o
 .bss.__malloc_sbrk_start
                0x200000d8        0x4 /home/khiemtt/Downloads/SimplicityStudio_v4/developer/toolchains/gnu_arm/4.9_2015q3/bin/../lib/gcc/arm-none-eabi/4.9.3/../../../../arm-none-eabi/lib/armv6-m/libc_nano.a(lib_a-nano-mallocr.o)
                0x200000d8                __malloc_sbrk_start
 .bss.__malloc_free_list
                0x200000dc        0x4 /home/khiemtt/Downloads/SimplicityStudio_v4/developer/toolchains/gnu_arm/4.9_2015q3/bin/../lib/gcc/arm-none-eabi/4.9.3/../../../../arm-none-eabi/lib/armv6-m/libc_nano.a(lib_a-nano-mallocr.o)
                0x200000dc                __malloc_free_list
 .bss.heap_end.4079
                0x200000e0        0x4 /home/khiemtt/Downloads/SimplicityStudio_v4/developer/toolchains/gnu_arm/4.9_2015q3/bin/../lib/gcc/arm-none-eabi/4.9.3/../../../../arm-none-eabi/lib/armv6-m/libnosys.a(sbrk.o)
 *(COMMON)
 COMMON         0x200000e4      0x120 ./src/main.o
                0x200000e4                float_str
                0x200000f0                output
                0x20000122                month
                0x20000124                SpeedGPS
                0x20000128                dataToString
                0x2000015a                State_gps
                0x2000015b                minute
                0x2000015c                floatToString
                0x2000016b                hour
                0x2000016c                time_update
                0x20000170                Lng
                0x20000174                year
                0x20000175                sec
                0x20000178                Lat
                0x2000017c                date
                0x20000180                dataGpsInput
                0x20000200                OrGPS
 COMMON         0x20000204        0x4 /home/khiemtt/Downloads/SimplicityStudio_v4/developer/toolchains/gnu_arm/4.9_2015q3/bin/../lib/gcc/arm-none-eabi/4.9.3/../../../../arm-none-eabi/lib/armv6-m/libc_nano.a(lib_a-reent.o)
                0x20000204                errno
                0x20000208                . = ALIGN (0x4)
                0x20000208                __bss_end__ = .

.heap           0x20000208        0x0
                0x20000208                __HeapBase = .
                0x20000208                __end__ = .
                0x20000208                end = __end__
                0x20000208                _end = __end__
 *(.heap*)
 .heap          0x20000208        0x0 ./CMSIS/EFM32ZG/startup_gcc_efm32zg.o
                0x20000208                __HeapLimit = .

.stack_dummy    0x20000208      0x400
 *(.stack*)
 .stack         0x20000208      0x400 ./CMSIS/EFM32ZG/startup_gcc_efm32zg.o
                0x20001000                __StackTop = (ORIGIN (RAM) + 0x1000)
                0x20000c00                __StackLimit = (__StackTop - SIZEOF (.stack_dummy))
                0x20001000                PROVIDE (__stack, __StackTop)
                0x00000001                ASSERT ((__StackLimit >= __HeapLimit), region RAM overflowed with stack)
                0x00000001                ASSERT ((0x8000 >= (__etext + SIZEOF (.data))), FLASH memory overflowed !)
OUTPUT(EFM32ZG222F32.axf elf32-littlearm)

.ARM.attributes
                0x00000000       0x28
 .ARM.attributes
                0x00000000       0x1e /home/khiemtt/Downloads/SimplicityStudio_v4/developer/toolchains/gnu_arm/4.9_2015q3/bin/../lib/gcc/arm-none-eabi/4.9.3/armv6-m/crti.o
 .ARM.attributes
                0x0000001e       0x2c /home/khiemtt/Downloads/SimplicityStudio_v4/developer/toolchains/gnu_arm/4.9_2015q3/bin/../lib/gcc/arm-none-eabi/4.9.3/armv6-m/crtbegin.o
 .ARM.attributes
                0x0000004a       0x1b /home/khiemtt/Downloads/SimplicityStudio_v4/developer/toolchains/gnu_arm/4.9_2015q3/bin/../lib/gcc/arm-none-eabi/4.9.3/../../../../arm-none-eabi/lib/armv6-m/crt0.o
 .ARM.attributes
                0x00000065       0x1b ./CMSIS/EFM32ZG/startup_gcc_efm32zg.o
 .ARM.attributes
                0x00000080       0x32 ./CMSIS/EFM32ZG/system_efm32zg.o
 .ARM.attributes
                0x000000b2       0x32 ./emlib/em_cmu.o
 .ARM.attributes
                0x000000e4       0x32 ./emlib/em_dma.o
 .ARM.attributes
                0x00000116       0x32 ./emlib/em_leuart.o
 .ARM.attributes
                0x00000148       0x32 ./emlib/em_usart.o
 .ARM.attributes
                0x0000017a       0x32 ./src/InitDevice.o
 .ARM.attributes
                0x000001ac       0x32 ./src/main.o
 .ARM.attributes
                0x000001de       0x1e /home/khiemtt/Downloads/SimplicityStudio_v4/developer/toolchains/gnu_arm/4.9_2015q3/bin/../lib/gcc/arm-none-eabi/4.9.3/armv6-m/libgcc.a(_udivsi3.o)
 .ARM.attributes
                0x000001fc       0x1e /home/khiemtt/Downloads/SimplicityStudio_v4/developer/toolchains/gnu_arm/4.9_2015q3/bin/../lib/gcc/arm-none-eabi/4.9.3/armv6-m/libgcc.a(_dvmd_tls.o)
 .ARM.attributes
                0x0000021a       0x1e /home/khiemtt/Downloads/SimplicityStudio_v4/developer/toolchains/gnu_arm/4.9_2015q3/bin/../lib/gcc/arm-none-eabi/4.9.3/armv6-m/libgcc.a(_clzsi2.o)
 .ARM.attributes
                0x00000238       0x2c /home/khiemtt/Downloads/SimplicityStudio_v4/developer/toolchains/gnu_arm/4.9_2015q3/bin/../lib/gcc/arm-none-eabi/4.9.3/armv6-m/libgcc.a(_fixunsdfsi.o)
 .ARM.attributes
                0x00000264       0x2c /home/khiemtt/Downloads/SimplicityStudio_v4/developer/toolchains/gnu_arm/4.9_2015q3/bin/../lib/gcc/arm-none-eabi/4.9.3/armv6-m/libgcc.a(mulsf3.o)
 .ARM.attributes
                0x00000290       0x2c /home/khiemtt/Downloads/SimplicityStudio_v4/developer/toolchains/gnu_arm/4.9_2015q3/bin/../lib/gcc/arm-none-eabi/4.9.3/armv6-m/libgcc.a(subsf3.o)
 .ARM.attributes
                0x000002bc       0x2c /home/khiemtt/Downloads/SimplicityStudio_v4/developer/toolchains/gnu_arm/4.9_2015q3/bin/../lib/gcc/arm-none-eabi/4.9.3/armv6-m/libgcc.a(fixsfsi.o)
 .ARM.attributes
                0x000002e8       0x2c /home/khiemtt/Downloads/SimplicityStudio_v4/developer/toolchains/gnu_arm/4.9_2015q3/bin/../lib/gcc/arm-none-eabi/4.9.3/armv6-m/libgcc.a(floatsisf.o)
 .ARM.attributes
                0x00000314       0x2c /home/khiemtt/Downloads/SimplicityStudio_v4/developer/toolchains/gnu_arm/4.9_2015q3/bin/../lib/gcc/arm-none-eabi/4.9.3/armv6-m/libgcc.a(adddf3.o)
 .ARM.attributes
                0x00000340       0x2c /home/khiemtt/Downloads/SimplicityStudio_v4/developer/toolchains/gnu_arm/4.9_2015q3/bin/../lib/gcc/arm-none-eabi/4.9.3/armv6-m/libgcc.a(divdf3.o)
 .ARM.attributes
                0x0000036c       0x2c /home/khiemtt/Downloads/SimplicityStudio_v4/developer/toolchains/gnu_arm/4.9_2015q3/bin/../lib/gcc/arm-none-eabi/4.9.3/armv6-m/libgcc.a(muldf3.o)
 .ARM.attributes
                0x00000398       0x2c /home/khiemtt/Downloads/SimplicityStudio_v4/developer/toolchains/gnu_arm/4.9_2015q3/bin/../lib/gcc/arm-none-eabi/4.9.3/armv6-m/libgcc.a(subdf3.o)
 .ARM.attributes
                0x000003c4       0x2c /home/khiemtt/Downloads/SimplicityStudio_v4/developer/toolchains/gnu_arm/4.9_2015q3/bin/../lib/gcc/arm-none-eabi/4.9.3/armv6-m/libgcc.a(fixdfsi.o)
 .ARM.attributes
                0x000003f0       0x2c /home/khiemtt/Downloads/SimplicityStudio_v4/developer/toolchains/gnu_arm/4.9_2015q3/bin/../lib/gcc/arm-none-eabi/4.9.3/armv6-m/libgcc.a(extendsfdf2.o)
 .ARM.attributes
                0x0000041c       0x2c /home/khiemtt/Downloads/SimplicityStudio_v4/developer/toolchains/gnu_arm/4.9_2015q3/bin/../lib/gcc/arm-none-eabi/4.9.3/armv6-m/libgcc.a(truncdfsf2.o)
 .ARM.attributes
                0x00000448       0x1e /home/khiemtt/Downloads/SimplicityStudio_v4/developer/toolchains/gnu_arm/4.9_2015q3/bin/../lib/gcc/arm-none-eabi/4.9.3/armv6-m/libgcc.a(_arm_cmpdf2.o)
 .ARM.attributes
                0x00000466       0x2c /home/khiemtt/Downloads/SimplicityStudio_v4/developer/toolchains/gnu_arm/4.9_2015q3/bin/../lib/gcc/arm-none-eabi/4.9.3/armv6-m/libgcc.a(eqdf2.o)
 .ARM.attributes
                0x00000492       0x2c /home/khiemtt/Downloads/SimplicityStudio_v4/developer/toolchains/gnu_arm/4.9_2015q3/bin/../lib/gcc/arm-none-eabi/4.9.3/armv6-m/libgcc.a(gedf2.o)
 .ARM.attributes
                0x000004be       0x2c /home/khiemtt/Downloads/SimplicityStudio_v4/developer/toolchains/gnu_arm/4.9_2015q3/bin/../lib/gcc/arm-none-eabi/4.9.3/armv6-m/libgcc.a(ledf2.o)
 .ARM.attributes
                0x000004ea       0x2c /home/khiemtt/Downloads/SimplicityStudio_v4/developer/toolchains/gnu_arm/4.9_2015q3/bin/../lib/gcc/arm-none-eabi/4.9.3/../../../../arm-none-eabi/lib/armv6-m/libc_nano.a(lib_a-atof.o)
 .ARM.attributes
                0x00000516       0x2c /home/khiemtt/Downloads/SimplicityStudio_v4/developer/toolchains/gnu_arm/4.9_2015q3/bin/../lib/gcc/arm-none-eabi/4.9.3/../../../../arm-none-eabi/lib/armv6-m/libc_nano.a(lib_a-exit.o)
 .ARM.attributes
                0x00000542       0x2c /home/khiemtt/Downloads/SimplicityStudio_v4/developer/toolchains/gnu_arm/4.9_2015q3/bin/../lib/gcc/arm-none-eabi/4.9.3/../../../../arm-none-eabi/lib/armv6-m/libc_nano.a(lib_a-impure.o)
 .ARM.attributes
                0x0000056e       0x2c /home/khiemtt/Downloads/SimplicityStudio_v4/developer/toolchains/gnu_arm/4.9_2015q3/bin/../lib/gcc/arm-none-eabi/4.9.3/../../../../arm-none-eabi/lib/armv6-m/libc_nano.a(lib_a-init.o)
 .ARM.attributes
                0x0000059a       0x2c /home/khiemtt/Downloads/SimplicityStudio_v4/developer/toolchains/gnu_arm/4.9_2015q3/bin/../lib/gcc/arm-none-eabi/4.9.3/../../../../arm-none-eabi/lib/armv6-m/libc_nano.a(lib_a-memset.o)
 .ARM.attributes
                0x000005c6       0x2c /home/khiemtt/Downloads/SimplicityStudio_v4/developer/toolchains/gnu_arm/4.9_2015q3/bin/../lib/gcc/arm-none-eabi/4.9.3/../../../../arm-none-eabi/lib/armv6-m/libc_nano.a(lib_a-sprintf.o)
 .ARM.attributes
                0x000005f2       0x1c /home/khiemtt/Downloads/SimplicityStudio_v4/developer/toolchains/gnu_arm/4.9_2015q3/bin/../lib/gcc/arm-none-eabi/4.9.3/../../../../arm-none-eabi/lib/armv6-m/libc_nano.a(lib_a-strcmp.o)
 .ARM.attributes
                0x0000060e       0x2c /home/khiemtt/Downloads/SimplicityStudio_v4/developer/toolchains/gnu_arm/4.9_2015q3/bin/../lib/gcc/arm-none-eabi/4.9.3/../../../../arm-none-eabi/lib/armv6-m/libc_nano.a(lib_a-strlen.o)
 .ARM.attributes
                0x0000063a       0x2c /home/khiemtt/Downloads/SimplicityStudio_v4/developer/toolchains/gnu_arm/4.9_2015q3/bin/../lib/gcc/arm-none-eabi/4.9.3/../../../../arm-none-eabi/lib/armv6-m/libc_nano.a(lib_a-strncpy.o)
 .ARM.attributes
                0x00000666       0x2c /home/khiemtt/Downloads/SimplicityStudio_v4/developer/toolchains/gnu_arm/4.9_2015q3/bin/../lib/gcc/arm-none-eabi/4.9.3/../../../../arm-none-eabi/lib/armv6-m/libc_nano.a(lib_a-strtod.o)
 .ARM.attributes
                0x00000692       0x2c /home/khiemtt/Downloads/SimplicityStudio_v4/developer/toolchains/gnu_arm/4.9_2015q3/bin/../lib/gcc/arm-none-eabi/4.9.3/../../../../arm-none-eabi/lib/armv6-m/libc_nano.a(lib_a-gdtoa-gethex.o)
 .ARM.attributes
                0x000006be       0x2c /home/khiemtt/Downloads/SimplicityStudio_v4/developer/toolchains/gnu_arm/4.9_2015q3/bin/../lib/gcc/arm-none-eabi/4.9.3/../../../../arm-none-eabi/lib/armv6-m/libc_nano.a(lib_a-gdtoa-hexnan.o)
 .ARM.attributes
                0x000006ea       0x2c /home/khiemtt/Downloads/SimplicityStudio_v4/developer/toolchains/gnu_arm/4.9_2015q3/bin/../lib/gcc/arm-none-eabi/4.9.3/../../../../arm-none-eabi/lib/armv6-m/libc_nano.a(lib_a-locale.o)
 .ARM.attributes
                0x00000716       0x2c /home/khiemtt/Downloads/SimplicityStudio_v4/developer/toolchains/gnu_arm/4.9_2015q3/bin/../lib/gcc/arm-none-eabi/4.9.3/../../../../arm-none-eabi/lib/armv6-m/libc_nano.a(lib_a-memcpy.o)
 .ARM.attributes
                0x00000742       0x2c /home/khiemtt/Downloads/SimplicityStudio_v4/developer/toolchains/gnu_arm/4.9_2015q3/bin/../lib/gcc/arm-none-eabi/4.9.3/../../../../arm-none-eabi/lib/armv6-m/libc_nano.a(lib_a-mprec.o)
 .ARM.attributes
                0x0000076e       0x2c /home/khiemtt/Downloads/SimplicityStudio_v4/developer/toolchains/gnu_arm/4.9_2015q3/bin/../lib/gcc/arm-none-eabi/4.9.3/../../../../arm-none-eabi/lib/armv6-m/libc_nano.a(lib_a-nano-callocr.o)
 .ARM.attributes
                0x0000079a       0x2c /home/khiemtt/Downloads/SimplicityStudio_v4/developer/toolchains/gnu_arm/4.9_2015q3/bin/../lib/gcc/arm-none-eabi/4.9.3/../../../../arm-none-eabi/lib/armv6-m/libc_nano.a(lib_a-nano-mallocr.o)
 .ARM.attributes
                0x000007c6       0x2c /home/khiemtt/Downloads/SimplicityStudio_v4/developer/toolchains/gnu_arm/4.9_2015q3/bin/../lib/gcc/arm-none-eabi/4.9.3/../../../../arm-none-eabi/lib/armv6-m/libc_nano.a(lib_a-nano-svfprintf.o)
 .ARM.attributes
                0x000007f2       0x2c /home/khiemtt/Downloads/SimplicityStudio_v4/developer/toolchains/gnu_arm/4.9_2015q3/bin/../lib/gcc/arm-none-eabi/4.9.3/../../../../arm-none-eabi/lib/armv6-m/libc_nano.a(lib_a-nano-vfprintf_i.o)
 .ARM.attributes
                0x0000081e       0x2c /home/khiemtt/Downloads/SimplicityStudio_v4/developer/toolchains/gnu_arm/4.9_2015q3/bin/../lib/gcc/arm-none-eabi/4.9.3/../../../../arm-none-eabi/lib/armv6-m/libc_nano.a(lib_a-sbrkr.o)
 .ARM.attributes
                0x0000084a       0x2c /home/khiemtt/Downloads/SimplicityStudio_v4/developer/toolchains/gnu_arm/4.9_2015q3/bin/../lib/gcc/arm-none-eabi/4.9.3/../../../../arm-none-eabi/lib/armv6-m/libc_nano.a(lib_a-strncmp.o)
 .ARM.attributes
                0x00000876       0x2c /home/khiemtt/Downloads/SimplicityStudio_v4/developer/toolchains/gnu_arm/4.9_2015q3/bin/../lib/gcc/arm-none-eabi/4.9.3/../../../../arm-none-eabi/lib/armv6-m/libc_nano.a(lib_a-malloc.o)
 .ARM.attributes
                0x000008a2       0x2c /home/khiemtt/Downloads/SimplicityStudio_v4/developer/toolchains/gnu_arm/4.9_2015q3/bin/../lib/gcc/arm-none-eabi/4.9.3/../../../../arm-none-eabi/lib/armv6-m/libc_nano.a(lib_a-memchr.o)
 .ARM.attributes
                0x000008ce       0x2c /home/khiemtt/Downloads/SimplicityStudio_v4/developer/toolchains/gnu_arm/4.9_2015q3/bin/../lib/gcc/arm-none-eabi/4.9.3/../../../../arm-none-eabi/lib/armv6-m/libc_nano.a(lib_a-memmove.o)
 .ARM.attributes
                0x000008fa       0x2c /home/khiemtt/Downloads/SimplicityStudio_v4/developer/toolchains/gnu_arm/4.9_2015q3/bin/../lib/gcc/arm-none-eabi/4.9.3/../../../../arm-none-eabi/lib/armv6-m/libc_nano.a(lib_a-nano-freer.o)
 .ARM.attributes
                0x00000926       0x2c /home/khiemtt/Downloads/SimplicityStudio_v4/developer/toolchains/gnu_arm/4.9_2015q3/bin/../lib/gcc/arm-none-eabi/4.9.3/../../../../arm-none-eabi/lib/armv6-m/libc_nano.a(lib_a-nano-reallocr.o)
 .ARM.attributes
                0x00000952       0x2c /home/khiemtt/Downloads/SimplicityStudio_v4/developer/toolchains/gnu_arm/4.9_2015q3/bin/../lib/gcc/arm-none-eabi/4.9.3/../../../../arm-none-eabi/lib/armv6-m/libc_nano.a(lib_a-reent.o)
 .ARM.attributes
                0x0000097e       0x2c /home/khiemtt/Downloads/SimplicityStudio_v4/developer/toolchains/gnu_arm/4.9_2015q3/bin/../lib/gcc/arm-none-eabi/4.9.3/../../../../arm-none-eabi/lib/armv6-m/libc_nano.a(lib_a-nano-msizer.o)
 .ARM.attributes
                0x000009aa       0x2c /home/khiemtt/Downloads/SimplicityStudio_v4/developer/toolchains/gnu_arm/4.9_2015q3/bin/../lib/gcc/arm-none-eabi/4.9.3/../../../../arm-none-eabi/lib/armv6-m/libnosys.a(sbrk.o)
 .ARM.attributes
                0x000009d6       0x2c /home/khiemtt/Downloads/SimplicityStudio_v4/developer/toolchains/gnu_arm/4.9_2015q3/bin/../lib/gcc/arm-none-eabi/4.9.3/../../../../arm-none-eabi/lib/armv6-m/libnosys.a(_exit.o)
 .ARM.attributes
                0x00000a02       0x1e /home/khiemtt/Downloads/SimplicityStudio_v4/developer/toolchains/gnu_arm/4.9_2015q3/bin/../lib/gcc/arm-none-eabi/4.9.3/armv6-m/libgcc.a(_thumb1_case_uqi.o)
 .ARM.attributes
                0x00000a20       0x1e /home/khiemtt/Downloads/SimplicityStudio_v4/developer/toolchains/gnu_arm/4.9_2015q3/bin/../lib/gcc/arm-none-eabi/4.9.3/armv6-m/libgcc.a(_divsi3.o)
 .ARM.attributes
                0x00000a3e       0x2c /home/khiemtt/Downloads/SimplicityStudio_v4/developer/toolchains/gnu_arm/4.9_2015q3/bin/../lib/gcc/arm-none-eabi/4.9.3/armv6-m/libgcc.a(floatsidf.o)
 .ARM.attributes
                0x00000a6a       0x2c /home/khiemtt/Downloads/SimplicityStudio_v4/developer/toolchains/gnu_arm/4.9_2015q3/bin/../lib/gcc/arm-none-eabi/4.9.3/armv6-m/libgcc.a(floatunsidf.o)
 .ARM.attributes
                0x00000a96       0x2c /home/khiemtt/Downloads/SimplicityStudio_v4/developer/toolchains/gnu_arm/4.9_2015q3/bin/../lib/gcc/arm-none-eabi/4.9.3/armv6-m/crtend.o
 .ARM.attributes
                0x00000ac2       0x1e /home/khiemtt/Downloads/SimplicityStudio_v4/developer/toolchains/gnu_arm/4.9_2015q3/bin/../lib/gcc/arm-none-eabi/4.9.3/armv6-m/crtn.o

.comment        0x00000000       0x70
 .comment       0x00000000       0x70 ./CMSIS/EFM32ZG/system_efm32zg.o
                                 0x71 (size before relaxing)
 .comment       0x00000000       0x71 ./emlib/em_cmu.o
 .comment       0x00000000       0x71 ./emlib/em_dma.o
 .comment       0x00000000       0x71 ./emlib/em_leuart.o
 .comment       0x00000000       0x71 ./emlib/em_usart.o
 .comment       0x00000000       0x71 ./src/InitDevice.o
 .comment       0x00000000       0x71 ./src/main.o

.debug_line     0x00000000     0x2486
 .debug_line    0x00000000       0x74 ./CMSIS/EFM32ZG/startup_gcc_efm32zg.o
 .debug_line    0x00000074      0x2a2 ./CMSIS/EFM32ZG/system_efm32zg.o
 .debug_line    0x00000316      0x85c ./emlib/em_cmu.o
 .debug_line    0x00000b72      0x581 ./emlib/em_dma.o
 .debug_line    0x000010f3      0x3b4 ./emlib/em_leuart.o
 .debug_line    0x000014a7      0x508 ./emlib/em_usart.o
 .debug_line    0x000019af      0x553 ./src/InitDevice.o
 .debug_line    0x00001f02      0x584 ./src/main.o

.debug_info     0x00000000     0x5c4a
 .debug_info    0x00000000       0x95 ./CMSIS/EFM32ZG/startup_gcc_efm32zg.o
 .debug_info    0x00000095      0x436 ./CMSIS/EFM32ZG/system_efm32zg.o
 .debug_info    0x000004cb     0x1103 ./emlib/em_cmu.o
 .debug_info    0x000015ce      0xfe8 ./emlib/em_dma.o
 .debug_info    0x000025b6      0x7a8 ./emlib/em_leuart.o
 .debug_info    0x00002d5e      0xdb5 ./emlib/em_usart.o
 .debug_info    0x00003b13     0x1083 ./src/InitDevice.o
 .debug_info    0x00004b96     0x10b4 ./src/main.o

.debug_abbrev   0x00000000      0xe76
 .debug_abbrev  0x00000000       0x14 ./CMSIS/EFM32ZG/startup_gcc_efm32zg.o
 .debug_abbrev  0x00000014      0x160 ./CMSIS/EFM32ZG/system_efm32zg.o
 .debug_abbrev  0x00000174      0x2a6 ./emlib/em_cmu.o
 .debug_abbrev  0x0000041a      0x254 ./emlib/em_dma.o
 .debug_abbrev  0x0000066e      0x1cd ./emlib/em_leuart.o
 .debug_abbrev  0x0000083b      0x1ce ./emlib/em_usart.o
 .debug_abbrev  0x00000a09      0x1d0 ./src/InitDevice.o
 .debug_abbrev  0x00000bd9      0x29d ./src/main.o

.debug_aranges  0x00000000      0x540
 .debug_aranges
                0x00000000       0x20 ./CMSIS/EFM32ZG/startup_gcc_efm32zg.o
 .debug_aranges
                0x00000020       0x68 ./CMSIS/EFM32ZG/system_efm32zg.o
 .debug_aranges
                0x00000088      0x148 ./emlib/em_cmu.o
 .debug_aranges
                0x000001d0       0xb0 ./emlib/em_dma.o
 .debug_aranges
                0x00000280       0x88 ./emlib/em_leuart.o
 .debug_aranges
                0x00000308       0xb8 ./emlib/em_usart.o
 .debug_aranges
                0x000003c0       0xd8 ./src/InitDevice.o
 .debug_aranges
                0x00000498       0xa8 ./src/main.o

.debug_loc      0x00000000     0x1dd8
 .debug_loc     0x00000000      0x1e8 ./CMSIS/EFM32ZG/system_efm32zg.o
 .debug_loc     0x000001e8      0x7fc ./emlib/em_cmu.o
 .debug_loc     0x000009e4      0x428 ./emlib/em_dma.o
 .debug_loc     0x00000e0c      0x310 ./emlib/em_leuart.o
 .debug_loc     0x0000111c      0x462 ./emlib/em_usart.o
 .debug_loc     0x0000157e      0x480 ./src/InitDevice.o
 .debug_loc     0x000019fe      0x3da ./src/main.o

.debug_ranges   0x00000000      0x4b0
 .debug_ranges  0x00000000       0x58 ./CMSIS/EFM32ZG/system_efm32zg.o
 .debug_ranges  0x00000058      0x138 ./emlib/em_cmu.o
 .debug_ranges  0x00000190       0xa0 ./emlib/em_dma.o
 .debug_ranges  0x00000230       0x78 ./emlib/em_leuart.o
 .debug_ranges  0x000002a8       0xa8 ./emlib/em_usart.o
 .debug_ranges  0x00000350       0xc8 ./src/InitDevice.o
 .debug_ranges  0x00000418       0x98 ./src/main.o

.debug_str      0x00000000     0x24d7
 .debug_str     0x00000000      0x395 ./CMSIS/EFM32ZG/system_efm32zg.o
                                0x3ff (size before relaxing)
 .debug_str     0x00000395      0x8ec ./emlib/em_cmu.o
                                0xc0a (size before relaxing)
 .debug_str     0x00000c81      0x6de ./emlib/em_dma.o
                                0xa95 (size before relaxing)
 .debug_str     0x0000135f      0x2b8 ./emlib/em_leuart.o
                                0x675 (size before relaxing)
 .debug_str     0x00001617      0x7d8 ./emlib/em_usart.o
                                0xbeb (size before relaxing)
 .debug_str     0x00001def      0x35c ./src/InitDevice.o
                                0xf4c (size before relaxing)
 .debug_str     0x0000214b      0x38c ./src/main.o
                                0xa16 (size before relaxing)

.debug_frame    0x00000000     0x1e04
 .debug_frame   0x00000000      0x138 ./CMSIS/EFM32ZG/system_efm32zg.o
 .debug_frame   0x00000138      0x4b4 ./emlib/em_cmu.o
 .debug_frame   0x000005ec      0x270 ./emlib/em_dma.o
 .debug_frame   0x0000085c      0x1d0 ./emlib/em_leuart.o
 .debug_frame   0x00000a2c      0x294 ./emlib/em_usart.o
 .debug_frame   0x00000cc0      0x2d0 ./src/InitDevice.o
 .debug_frame   0x00000f90      0x258 ./src/main.o
 .debug_frame   0x000011e8       0x20 /home/khiemtt/Downloads/SimplicityStudio_v4/developer/toolchains/gnu_arm/4.9_2015q3/bin/../lib/gcc/arm-none-eabi/4.9.3/armv6-m/libgcc.a(_udivsi3.o)
 .debug_frame   0x00001208       0x2c /home/khiemtt/Downloads/SimplicityStudio_v4/developer/toolchains/gnu_arm/4.9_2015q3/bin/../lib/gcc/arm-none-eabi/4.9.3/armv6-m/libgcc.a(_fixunsdfsi.o)
 .debug_frame   0x00001234       0x3c /home/khiemtt/Downloads/SimplicityStudio_v4/developer/toolchains/gnu_arm/4.9_2015q3/bin/../lib/gcc/arm-none-eabi/4.9.3/armv6-m/libgcc.a(mulsf3.o)
 .debug_frame   0x00001270       0x30 /home/khiemtt/Downloads/SimplicityStudio_v4/developer/toolchains/gnu_arm/4.9_2015q3/bin/../lib/gcc/arm-none-eabi/4.9.3/armv6-m/libgcc.a(subsf3.o)
 .debug_frame   0x000012a0       0x20 /home/khiemtt/Downloads/SimplicityStudio_v4/developer/toolchains/gnu_arm/4.9_2015q3/bin/../lib/gcc/arm-none-eabi/4.9.3/armv6-m/libgcc.a(fixsfsi.o)
 .debug_frame   0x000012c0       0x2c /home/khiemtt/Downloads/SimplicityStudio_v4/developer/toolchains/gnu_arm/4.9_2015q3/bin/../lib/gcc/arm-none-eabi/4.9.3/armv6-m/libgcc.a(floatsisf.o)
 .debug_frame   0x000012ec       0x38 /home/khiemtt/Downloads/SimplicityStudio_v4/developer/toolchains/gnu_arm/4.9_2015q3/bin/../lib/gcc/arm-none-eabi/4.9.3/armv6-m/libgcc.a(adddf3.o)
 .debug_frame   0x00001324       0x3c /home/khiemtt/Downloads/SimplicityStudio_v4/developer/toolchains/gnu_arm/4.9_2015q3/bin/../lib/gcc/arm-none-eabi/4.9.3/armv6-m/libgcc.a(divdf3.o)
 .debug_frame   0x00001360       0x3c /home/khiemtt/Downloads/SimplicityStudio_v4/developer/toolchains/gnu_arm/4.9_2015q3/bin/../lib/gcc/arm-none-eabi/4.9.3/armv6-m/libgcc.a(muldf3.o)
 .debug_frame   0x0000139c       0x3c /home/khiemtt/Downloads/SimplicityStudio_v4/developer/toolchains/gnu_arm/4.9_2015q3/bin/../lib/gcc/arm-none-eabi/4.9.3/armv6-m/libgcc.a(subdf3.o)
 .debug_frame   0x000013d8       0x2c /home/khiemtt/Downloads/SimplicityStudio_v4/developer/toolchains/gnu_arm/4.9_2015q3/bin/../lib/gcc/arm-none-eabi/4.9.3/armv6-m/libgcc.a(fixdfsi.o)
 .debug_frame   0x00001404       0x2c /home/khiemtt/Downloads/SimplicityStudio_v4/developer/toolchains/gnu_arm/4.9_2015q3/bin/../lib/gcc/arm-none-eabi/4.9.3/armv6-m/libgcc.a(extendsfdf2.o)
 .debug_frame   0x00001430       0x2c /home/khiemtt/Downloads/SimplicityStudio_v4/developer/toolchains/gnu_arm/4.9_2015q3/bin/../lib/gcc/arm-none-eabi/4.9.3/armv6-m/libgcc.a(truncdfsf2.o)
 .debug_frame   0x0000145c       0x38 /home/khiemtt/Downloads/SimplicityStudio_v4/developer/toolchains/gnu_arm/4.9_2015q3/bin/../lib/gcc/arm-none-eabi/4.9.3/armv6-m/libgcc.a(eqdf2.o)
 .debug_frame   0x00001494       0x38 /home/khiemtt/Downloads/SimplicityStudio_v4/developer/toolchains/gnu_arm/4.9_2015q3/bin/../lib/gcc/arm-none-eabi/4.9.3/armv6-m/libgcc.a(gedf2.o)
 .debug_frame   0x000014cc       0x38 /home/khiemtt/Downloads/SimplicityStudio_v4/developer/toolchains/gnu_arm/4.9_2015q3/bin/../lib/gcc/arm-none-eabi/4.9.3/armv6-m/libgcc.a(ledf2.o)
 .debug_frame   0x00001504       0x28 /home/khiemtt/Downloads/SimplicityStudio_v4/developer/toolchains/gnu_arm/4.9_2015q3/bin/../lib/gcc/arm-none-eabi/4.9.3/../../../../arm-none-eabi/lib/armv6-m/libc_nano.a(lib_a-atof.o)
 .debug_frame   0x0000152c       0x28 /home/khiemtt/Downloads/SimplicityStudio_v4/developer/toolchains/gnu_arm/4.9_2015q3/bin/../lib/gcc/arm-none-eabi/4.9.3/../../../../arm-none-eabi/lib/armv6-m/libc_nano.a(lib_a-exit.o)
 .debug_frame   0x00001554       0x2c /home/khiemtt/Downloads/SimplicityStudio_v4/developer/toolchains/gnu_arm/4.9_2015q3/bin/../lib/gcc/arm-none-eabi/4.9.3/../../../../arm-none-eabi/lib/armv6-m/libc_nano.a(lib_a-init.o)
 .debug_frame   0x00001580       0x20 /home/khiemtt/Downloads/SimplicityStudio_v4/developer/toolchains/gnu_arm/4.9_2015q3/bin/../lib/gcc/arm-none-eabi/4.9.3/../../../../arm-none-eabi/lib/armv6-m/libc_nano.a(lib_a-memset.o)
 .debug_frame   0x000015a0       0x50 /home/khiemtt/Downloads/SimplicityStudio_v4/developer/toolchains/gnu_arm/4.9_2015q3/bin/../lib/gcc/arm-none-eabi/4.9.3/../../../../arm-none-eabi/lib/armv6-m/libc_nano.a(lib_a-sprintf.o)
 .debug_frame   0x000015f0       0x20 /home/khiemtt/Downloads/SimplicityStudio_v4/developer/toolchains/gnu_arm/4.9_2015q3/bin/../lib/gcc/arm-none-eabi/4.9.3/../../../../arm-none-eabi/lib/armv6-m/libc_nano.a(lib_a-strlen.o)
 .debug_frame   0x00001610       0x2c /home/khiemtt/Downloads/SimplicityStudio_v4/developer/toolchains/gnu_arm/4.9_2015q3/bin/../lib/gcc/arm-none-eabi/4.9.3/../../../../arm-none-eabi/lib/armv6-m/libc_nano.a(lib_a-strncpy.o)
 .debug_frame   0x0000163c       0xa0 /home/khiemtt/Downloads/SimplicityStudio_v4/developer/toolchains/gnu_arm/4.9_2015q3/bin/../lib/gcc/arm-none-eabi/4.9.3/../../../../arm-none-eabi/lib/armv6-m/libc_nano.a(lib_a-strtod.o)
 .debug_frame   0x000016dc       0x60 /home/khiemtt/Downloads/SimplicityStudio_v4/developer/toolchains/gnu_arm/4.9_2015q3/bin/../lib/gcc/arm-none-eabi/4.9.3/../../../../arm-none-eabi/lib/armv6-m/libc_nano.a(lib_a-gdtoa-gethex.o)
 .debug_frame   0x0000173c       0x4c /home/khiemtt/Downloads/SimplicityStudio_v4/developer/toolchains/gnu_arm/4.9_2015q3/bin/../lib/gcc/arm-none-eabi/4.9.3/../../../../arm-none-eabi/lib/armv6-m/libc_nano.a(lib_a-gdtoa-hexnan.o)
 .debug_frame   0x00001788       0xa4 /home/khiemtt/Downloads/SimplicityStudio_v4/developer/toolchains/gnu_arm/4.9_2015q3/bin/../lib/gcc/arm-none-eabi/4.9.3/../../../../arm-none-eabi/lib/armv6-m/libc_nano.a(lib_a-locale.o)
 .debug_frame   0x0000182c       0x28 /home/khiemtt/Downloads/SimplicityStudio_v4/developer/toolchains/gnu_arm/4.9_2015q3/bin/../lib/gcc/arm-none-eabi/4.9.3/../../../../arm-none-eabi/lib/armv6-m/libc_nano.a(lib_a-memcpy.o)
 .debug_frame   0x00001854      0x238 /home/khiemtt/Downloads/SimplicityStudio_v4/developer/toolchains/gnu_arm/4.9_2015q3/bin/../lib/gcc/arm-none-eabi/4.9.3/../../../../arm-none-eabi/lib/armv6-m/libc_nano.a(lib_a-mprec.o)
 .debug_frame   0x00001a8c       0x2c /home/khiemtt/Downloads/SimplicityStudio_v4/developer/toolchains/gnu_arm/4.9_2015q3/bin/../lib/gcc/arm-none-eabi/4.9.3/../../../../arm-none-eabi/lib/armv6-m/libc_nano.a(lib_a-nano-callocr.o)
 .debug_frame   0x00001ab8       0x2c /home/khiemtt/Downloads/SimplicityStudio_v4/developer/toolchains/gnu_arm/4.9_2015q3/bin/../lib/gcc/arm-none-eabi/4.9.3/../../../../arm-none-eabi/lib/armv6-m/libc_nano.a(lib_a-nano-mallocr.o)
 .debug_frame   0x00001ae4       0x74 /home/khiemtt/Downloads/SimplicityStudio_v4/developer/toolchains/gnu_arm/4.9_2015q3/bin/../lib/gcc/arm-none-eabi/4.9.3/../../../../arm-none-eabi/lib/armv6-m/libc_nano.a(lib_a-nano-svfprintf.o)
 .debug_frame   0x00001b58       0x54 /home/khiemtt/Downloads/SimplicityStudio_v4/developer/toolchains/gnu_arm/4.9_2015q3/bin/../lib/gcc/arm-none-eabi/4.9.3/../../../../arm-none-eabi/lib/armv6-m/libc_nano.a(lib_a-nano-vfprintf_i.o)
 .debug_frame   0x00001bac       0x2c /home/khiemtt/Downloads/SimplicityStudio_v4/developer/toolchains/gnu_arm/4.9_2015q3/bin/../lib/gcc/arm-none-eabi/4.9.3/../../../../arm-none-eabi/lib/armv6-m/libc_nano.a(lib_a-sbrkr.o)
 .debug_frame   0x00001bd8       0x2c /home/khiemtt/Downloads/SimplicityStudio_v4/developer/toolchains/gnu_arm/4.9_2015q3/bin/../lib/gcc/arm-none-eabi/4.9.3/../../../../arm-none-eabi/lib/armv6-m/libc_nano.a(lib_a-strncmp.o)
 .debug_frame   0x00001c04       0x40 /home/khiemtt/Downloads/SimplicityStudio_v4/developer/toolchains/gnu_arm/4.9_2015q3/bin/../lib/gcc/arm-none-eabi/4.9.3/../../../../arm-none-eabi/lib/armv6-m/libc_nano.a(lib_a-malloc.o)
 .debug_frame   0x00001c44       0x20 /home/khiemtt/Downloads/SimplicityStudio_v4/developer/toolchains/gnu_arm/4.9_2015q3/bin/../lib/gcc/arm-none-eabi/4.9.3/../../../../arm-none-eabi/lib/armv6-m/libc_nano.a(lib_a-memchr.o)
 .debug_frame   0x00001c64       0x28 /home/khiemtt/Downloads/SimplicityStudio_v4/developer/toolchains/gnu_arm/4.9_2015q3/bin/../lib/gcc/arm-none-eabi/4.9.3/../../../../arm-none-eabi/lib/armv6-m/libc_nano.a(lib_a-memmove.o)
 .debug_frame   0x00001c8c       0x2c /home/khiemtt/Downloads/SimplicityStudio_v4/developer/toolchains/gnu_arm/4.9_2015q3/bin/../lib/gcc/arm-none-eabi/4.9.3/../../../../arm-none-eabi/lib/armv6-m/libc_nano.a(lib_a-nano-freer.o)
 .debug_frame   0x00001cb8       0x30 /home/khiemtt/Downloads/SimplicityStudio_v4/developer/toolchains/gnu_arm/4.9_2015q3/bin/../lib/gcc/arm-none-eabi/4.9.3/../../../../arm-none-eabi/lib/armv6-m/libc_nano.a(lib_a-nano-reallocr.o)
 .debug_frame   0x00001ce8       0x48 /home/khiemtt/Downloads/SimplicityStudio_v4/developer/toolchains/gnu_arm/4.9_2015q3/bin/../lib/gcc/arm-none-eabi/4.9.3/../../../../arm-none-eabi/lib/armv6-m/libc_nano.a(lib_a-reent.o)
 .debug_frame   0x00001d30       0x20 /home/khiemtt/Downloads/SimplicityStudio_v4/developer/toolchains/gnu_arm/4.9_2015q3/bin/../lib/gcc/arm-none-eabi/4.9.3/../../../../arm-none-eabi/lib/armv6-m/libc_nano.a(lib_a-nano-msizer.o)
 .debug_frame   0x00001d50       0x20 /home/khiemtt/Downloads/SimplicityStudio_v4/developer/toolchains/gnu_arm/4.9_2015q3/bin/../lib/gcc/arm-none-eabi/4.9.3/../../../../arm-none-eabi/lib/armv6-m/libnosys.a(sbrk.o)
 .debug_frame   0x00001d70       0x20 /home/khiemtt/Downloads/SimplicityStudio_v4/developer/toolchains/gnu_arm/4.9_2015q3/bin/../lib/gcc/arm-none-eabi/4.9.3/../../../../arm-none-eabi/lib/armv6-m/libnosys.a(_exit.o)
 .debug_frame   0x00001d90       0x20 /home/khiemtt/Downloads/SimplicityStudio_v4/developer/toolchains/gnu_arm/4.9_2015q3/bin/../lib/gcc/arm-none-eabi/4.9.3/armv6-m/libgcc.a(_divsi3.o)
 .debug_frame   0x00001db0       0x2c /home/khiemtt/Downloads/SimplicityStudio_v4/developer/toolchains/gnu_arm/4.9_2015q3/bin/../lib/gcc/arm-none-eabi/4.9.3/armv6-m/libgcc.a(floatsidf.o)
 .debug_frame   0x00001ddc       0x28 /home/khiemtt/Downloads/SimplicityStudio_v4/developer/toolchains/gnu_arm/4.9_2015q3/bin/../lib/gcc/arm-none-eabi/4.9.3/armv6-m/libgcc.a(floatunsidf.o)
