Archive member included because of file (symbol)

/home/thucnh/Apps/SimplicityStudio_v4/developer/toolchains/gnu_arm/4.8_2013q4/bin/../lib/gcc/arm-none-eabi/4.8.3/../../../../arm-none-eabi/lib/armv7-m/libm.a(lib_a-s_ceil.o)
                              ./mac/region/RegionCommon.o (ceil)
/home/thucnh/Apps/SimplicityStudio_v4/developer/toolchains/gnu_arm/4.8_2013q4/bin/../lib/gcc/arm-none-eabi/4.8.3/../../../../arm-none-eabi/lib/armv7-m/libm.a(lib_a-s_floor.o)
                              ./mac/region/RegionCommon.o (floor)
/home/thucnh/Apps/SimplicityStudio_v4/developer/toolchains/gnu_arm/4.8_2013q4/bin/../lib/gcc/arm-none-eabi/4.8.3/../../../../arm-none-eabi/lib/armv7-m/libm.a(lib_a-s_round.o)
                              ./boards/rtc-board.o (round)
/home/thucnh/Apps/SimplicityStudio_v4/developer/toolchains/gnu_arm/4.8_2013q4/bin/../lib/gcc/arm-none-eabi/4.8.3/armv7-m/libgcc.a(_arm_addsubdf3.o)
                              ./boards/rtc-board.o (__aeabi_dsub)
/home/thucnh/Apps/SimplicityStudio_v4/developer/toolchains/gnu_arm/4.8_2013q4/bin/../lib/gcc/arm-none-eabi/4.8.3/armv7-m/libgcc.a(_arm_muldivdf3.o)
                              ./boards/rtc-board.o (__aeabi_dmul)
/home/thucnh/Apps/SimplicityStudio_v4/developer/toolchains/gnu_arm/4.8_2013q4/bin/../lib/gcc/arm-none-eabi/4.8.3/armv7-m/libgcc.a(_arm_cmpdf2.o)
                              ./boards/rtc-board.o (__aeabi_dcmpgt)
/home/thucnh/Apps/SimplicityStudio_v4/developer/toolchains/gnu_arm/4.8_2013q4/bin/../lib/gcc/arm-none-eabi/4.8.3/armv7-m/libgcc.a(_arm_fixdfsi.o)
                              ./boards/rtc-board.o (__aeabi_d2iz)
/home/thucnh/Apps/SimplicityStudio_v4/developer/toolchains/gnu_arm/4.8_2013q4/bin/../lib/gcc/arm-none-eabi/4.8.3/armv7-m/libgcc.a(_arm_fixunsdfsi.o)
                              ./boards/rtc-board.o (__aeabi_d2uiz)
/home/thucnh/Apps/SimplicityStudio_v4/developer/toolchains/gnu_arm/4.8_2013q4/bin/../lib/gcc/arm-none-eabi/4.8.3/armv7-m/libgcc.a(_arm_truncdfsf2.o)
                              ./src/Gps.o (__aeabi_d2f)
/home/thucnh/Apps/SimplicityStudio_v4/developer/toolchains/gnu_arm/4.8_2013q4/bin/../lib/gcc/arm-none-eabi/4.8.3/armv7-m/libgcc.a(_arm_addsubsf3.o)
                              ./mac/region/RegionCommon.o (__aeabi_fsub)
/home/thucnh/Apps/SimplicityStudio_v4/developer/toolchains/gnu_arm/4.8_2013q4/bin/../lib/gcc/arm-none-eabi/4.8.3/armv7-m/libgcc.a(_arm_muldivsf3.o)
                              ./src/Gps.o (__aeabi_fmul)
/home/thucnh/Apps/SimplicityStudio_v4/developer/toolchains/gnu_arm/4.8_2013q4/bin/../lib/gcc/arm-none-eabi/4.8.3/armv7-m/libgcc.a(_arm_cmpsf2.o)
                              ./src/main.o (__aeabi_fcmpeq)
/home/thucnh/Apps/SimplicityStudio_v4/developer/toolchains/gnu_arm/4.8_2013q4/bin/../lib/gcc/arm-none-eabi/4.8.3/armv7-m/libgcc.a(_arm_fixsfsi.o)
                              ./src/Gps.o (__aeabi_f2iz)
/home/thucnh/Apps/SimplicityStudio_v4/developer/toolchains/gnu_arm/4.8_2013q4/bin/../lib/gcc/arm-none-eabi/4.8.3/armv7-m/libgcc.a(_arm_fixunssfsi.o)
                              ./system/delay.o (__aeabi_f2uiz)
/home/thucnh/Apps/SimplicityStudio_v4/developer/toolchains/gnu_arm/4.8_2013q4/bin/../lib/gcc/arm-none-eabi/4.8.3/armv7-m/libgcc.a(_aeabi_uldivmod.o)
                              ./emlib/em_usart.o (__aeabi_uldivmod)
/home/thucnh/Apps/SimplicityStudio_v4/developer/toolchains/gnu_arm/4.8_2013q4/bin/../lib/gcc/arm-none-eabi/4.8.3/armv7-m/libgcc.a(bpabi.o)
                              /home/thucnh/Apps/SimplicityStudio_v4/developer/toolchains/gnu_arm/4.8_2013q4/bin/../lib/gcc/arm-none-eabi/4.8.3/armv7-m/libgcc.a(_aeabi_uldivmod.o) (__gnu_uldivmod_helper)
/home/thucnh/Apps/SimplicityStudio_v4/developer/toolchains/gnu_arm/4.8_2013q4/bin/../lib/gcc/arm-none-eabi/4.8.3/armv7-m/libgcc.a(_dvmd_tls.o)
                              /home/thucnh/Apps/SimplicityStudio_v4/developer/toolchains/gnu_arm/4.8_2013q4/bin/../lib/gcc/arm-none-eabi/4.8.3/armv7-m/libgcc.a(_aeabi_uldivmod.o) (__aeabi_ldiv0)
/home/thucnh/Apps/SimplicityStudio_v4/developer/toolchains/gnu_arm/4.8_2013q4/bin/../lib/gcc/arm-none-eabi/4.8.3/armv7-m/libgcc.a(_divdi3.o)
                              /home/thucnh/Apps/SimplicityStudio_v4/developer/toolchains/gnu_arm/4.8_2013q4/bin/../lib/gcc/arm-none-eabi/4.8.3/armv7-m/libgcc.a(bpabi.o) (__divdi3)
/home/thucnh/Apps/SimplicityStudio_v4/developer/toolchains/gnu_arm/4.8_2013q4/bin/../lib/gcc/arm-none-eabi/4.8.3/armv7-m/libgcc.a(_udivdi3.o)
                              /home/thucnh/Apps/SimplicityStudio_v4/developer/toolchains/gnu_arm/4.8_2013q4/bin/../lib/gcc/arm-none-eabi/4.8.3/armv7-m/libgcc.a(bpabi.o) (__udivdi3)
/home/thucnh/Apps/SimplicityStudio_v4/developer/toolchains/gnu_arm/4.8_2013q4/bin/../lib/gcc/arm-none-eabi/4.8.3/../../../../arm-none-eabi/lib/armv7-m/libc_s.a(lib_a-abs.o)
                              ./src/Gps.o (abs)
[...]
Memory Configuration

Name             Origin             Length             Attributes
FLASH            0x00000000         0x00020000         xr
RAM              0x20000000         0x00008000         xrw
*default*        0x00000000         0xffffffff

Linker script and memory map

LOAD /home/thucnh/Apps/SimplicityStudio_v4/developer/toolchains/gnu_arm/4.8_2013q4/bin/../lib/gcc/arm-none-eabi/4.8.3/armv7-m/crti.o
LOAD /home/thucnh/Apps/SimplicityStudio_v4/developer/toolchains/gnu_arm/4.8_2013q4/bin/../lib/gcc/arm-none-eabi/4.8.3/armv7-m/crtbegin.o
LOAD /home/thucnh/Apps/SimplicityStudio_v4/developer/toolchains/gnu_arm/4.8_2013q4/bin/../lib/gcc/arm-none-eabi/4.8.3/../../../../arm-none-eabi/lib/armv7-m/crt0.o
LOAD ./CMSIS/EFM32JG1B/startup_gcc_efm32jg1b.o
LOAD ./CMSIS/EFM32JG1B/system_efm32jg1b.o
LOAD ./boards/adc-board.o
LOAD ./boards/board.o
LOAD ./boards/gpio-board.o
LOAD ./boards/i2c-EEPROM.o
LOAD ./boards/i2c-MMA8652.o
LOAD ./boards/rtc-board.o
LOAD ./boards/spi-board.o
LOAD ./boards/sx1276-board.o
LOAD ./boards/utilities.o
LOAD ./emlib/em_adc.o
LOAD ./emlib/em_assert.o
LOAD ./emlib/em_cmu.o
LOAD ./emlib/em_cryotimer.o
LOAD ./emlib/em_crypto.o
LOAD ./emlib/em_emu.o
LOAD ./emlib/em_gpio.o
LOAD ./emlib/em_i2c.o
LOAD ./emlib/em_leuart.o
LOAD ./emlib/em_rtcc.o
LOAD ./emlib/em_system.o
LOAD ./emlib/em_usart.o
LOAD ./emlib/em_wdog.o
LOAD ./mac/LoRaMac.o
LOAD ./mac/LoRaMacCrypto.o
LOAD ./mac/region/Region.o
LOAD ./mac/region/RegionAS923.o
LOAD ./mac/region/RegionAU915.o
LOAD ./mac/region/RegionCN470.o
LOAD ./mac/region/RegionCN779.o
LOAD ./mac/region/RegionCommon.o
LOAD ./mac/region/RegionEU433.o
LOAD ./mac/region/RegionEU868.o
LOAD ./mac/region/RegionIN865.o
LOAD ./mac/region/RegionKR920.o
LOAD ./mac/region/RegionUS915-Hybrid.o
LOAD ./mac/region/RegionUS915.o
LOAD ./radio/sx1276.o
LOAD ./src/EepromData.o
LOAD ./src/Gps.o
LOAD ./src/InitDevice.o
LOAD ./src/MCUInit.o
LOAD ./src/main.o
LOAD ./system/adc.o
LOAD ./system/delay.o
LOAD ./system/gpio.o
LOAD ./system/timer.o
LOAD ./system/crypto/aes.o
LOAD ./system/crypto/cmac.o
LOAD /home/thucnh/Apps/SimplicityStudio_v4/developer/toolchains/gnu_arm/4.8_2013q4/bin/../lib/gcc/arm-none-eabi/4.8.3/../../../../arm-none-eabi/lib/armv7-m/libm.a
START GROUP
LOAD /home/thucnh/Apps/SimplicityStudio_v4/developer/toolchains/gnu_arm/4.8_2013q4/bin/../lib/gcc/arm-none-eabi/4.8.3/armv7-m/libgcc.a
LOAD /home/thucnh/Apps/SimplicityStudio_v4/developer/toolchains/gnu_arm/4.8_2013q4/bin/../lib/gcc/arm-none-eabi/4.8.3/../../../../arm-none-eabi/lib/armv7-m/libc_s.a
LOAD /home/thucnh/Apps/SimplicityStudio_v4/developer/toolchains/gnu_arm/4.8_2013q4/bin/../lib/gcc/arm-none-eabi/4.8.3/../../../../arm-none-eabi/lib/armv7-m/libnosys.a
END GROUP
START GROUP
LOAD /home/thucnh/Apps/SimplicityStudio_v4/developer/toolchains/gnu_arm/4.8_2013q4/bin/../lib/gcc/arm-none-eabi/4.8.3/armv7-m/libgcc.a
LOAD /home/thucnh/Apps/SimplicityStudio_v4/developer/toolchains/gnu_arm/4.8_2013q4/bin/../lib/gcc/arm-none-eabi/4.8.3/../../../../arm-none-eabi/lib/armv7-m/libg_s.a
LOAD /home/thucnh/Apps/SimplicityStudio_v4/developer/toolchains/gnu_arm/4.8_2013q4/bin/../lib/gcc/arm-none-eabi/4.8.3/../../../../arm-none-eabi/lib/armv7-m/libc_s.a
END GROUP
START GROUP
LOAD /home/thucnh/Apps/SimplicityStudio_v4/developer/toolchains/gnu_arm/4.8_2013q4/bin/../lib/gcc/arm-none-eabi/4.8.3/armv7-m/libgcc.a
LOAD /home/thucnh/Apps/SimplicityStudio_v4/developer/toolchains/gnu_arm/4.8_2013q4/bin/../lib/gcc/arm-none-eabi/4.8.3/../../../../arm-none-eabi/lib/armv7-m/libc_s.a
END GROUP
LOAD /home/thucnh/Apps/SimplicityStudio_v4/developer/toolchains/gnu_arm/4.8_2013q4/bin/../lib/gcc/arm-none-eabi/4.8.3/armv7-m/crtend.o
LOAD /home/thucnh/Apps/SimplicityStudio_v4/developer/toolchains/gnu_arm/4.8_2013q4/bin/../lib/gcc/arm-none-eabi/4.8.3/armv7-m/crtn.o

.text           0x00000000    0x13ae4
 *(.vectors)
 .vectors       0x00000000       0xc8 ./CMSIS/EFM32JG1B/startup_gcc_efm32jg1b.o
                0x00000000                __Vectors
                0x000000c8                __Vectors_End = .
                0x000000c8                __Vectors_Size = (__Vectors_End - __Vectors)
                0x000000c8                __end__ = .
 *(.text*)
 .text          0x000000c8       0x54 /home/thucnh/Apps/SimplicityStudio_v4/developer/toolchains/gnu_arm/4.8_2013q4/bin/../lib/gcc/arm-none-eabi/4.8.3/armv7-m/crtbegin.o
 .text          0x0000011c       0x74 /home/thucnh/Apps/SimplicityStudio_v4/developer/toolchains/gnu_arm/4.8_2013q4/bin/../lib/gcc/arm-none-eabi/4.8.3/../../../../arm-none-eabi/lib/armv7-m/crt0.o
                0x0000011c                _mainCRTStartup
                0x0000011c                _start
 .text          0x00000190       0x30 ./CMSIS/EFM32JG1B/startup_gcc_efm32jg1b.o
                0x00000190                Reset_Handler
                0x000001bc                DebugMon_Handler
                0x000001bc                USART0_TX_IRQHandler
                0x000001bc                I2C0_IRQHandler
                0x000001bc                HardFault_Handler
                0x000001bc                SysTick_Handler
                0x000001bc                USART1_RX_IRQHandler
                0x000001bc                PendSV_Handler
                0x000001bc                NMI_Handler
                0x000001bc                WDOG0_IRQHandler
                0x000001bc                USART1_TX_IRQHandler
                0x000001bc                MSC_IRQHandler
                0x000001bc                ADC0_IRQHandler
                0x000001bc                UsageFault_Handler
                0x000001bc                LDMA_IRQHandler
                0x000001bc                TIMER0_IRQHandler
                0x000001bc                LETIMER0_IRQHandler
                0x000001bc                TIMER1_IRQHandler
                0x000001bc                Default_Handler
                0x000001bc                EMU_IRQHandler
                0x000001bc                PCNT0_IRQHandler
                0x000001bc                ACMP0_IRQHandler
                0x000001bc                USART0_RX_IRQHandler
                0x000001bc                MemManage_Handler
                0x000001bc                SVC_Handler
                0x000001bc                CRYPTO_IRQHandler
                0x000001bc                CMU_IRQHandler
                0x000001bc                BusFault_Handler
                0x000001bc                IDAC0_IRQHandler
 .text.SystemCoreClockGet
                0x000001c0       0x44 ./CMSIS/EFM32JG1B/system_efm32jg1b.o
                0x000001c0                SystemCoreClockGet
 .text.SystemMaxCoreClockGet
                0x00000204       0x14 ./CMSIS/EFM32JG1B/system_efm32jg1b.o
                0x00000204                SystemMaxCoreClockGet
 .text.SystemHFClockGet
                0x00000218       0x70 ./CMSIS/EFM32JG1B/system_efm32jg1b.o
                0x00000218                SystemHFClockGet
 .text.SystemInit
                0x00000288        0xc ./CMSIS/EFM32JG1B/system_efm32jg1b.o
                0x00000288                SystemInit
 .text.SystemLFRCOClockGet
                0x00000294       0x14 ./CMSIS/EFM32JG1B/system_efm32jg1b.o
                0x00000294                SystemLFRCOClockGet
 .text.SystemULFRCOClockGet
                0x000002a8       0x14 ./CMSIS/EFM32JG1B/system_efm32jg1b.o
                0x000002a8                SystemULFRCOClockGet
 .text.SystemLFXOClockGet
                0x000002bc       0x18 ./CMSIS/EFM32JG1B/system_efm32jg1b.o
                0x000002bc                SystemLFXOClockGet
 .text.SystemLFXOClockSet
                0x000002d4       0x30 ./CMSIS/EFM32JG1B/system_efm32jg1b.o
                0x000002d4                SystemLFXOClockSet
 .text.NVIC_EnableIRQ
                0x00000304       0x30 ./boards/board.o
 .text.NVIC_ClearPendingIRQ
                0x00000334       0x34 ./boards/board.o
 .text.BUS_RegBitRead
                0x00000368       0x2c ./boards/board.o
 .text.GPIO_IntClear
                0x00000394       0x20 ./boards/board.o
 .text.GPIO_PinInGet
                0x000003b4       0x54 ./boards/board.o
 .text.GPIO_IntConfig
                0x00000408       0x2c ./boards/board.o
 .text.BoardDisableIrq
                0x00000434       0x20 ./boards/board.o
                0x00000434                BoardDisableIrq
 .text.BoardEnableIrq
                0x00000454       0x28 ./boards/board.o
                0x00000454                BoardEnableIrq
 .text.BoardInitPeriph
                0x0000047c       0xe8 ./boards/board.o
                0x0000047c                BoardInitPeriph
 .text.BoardGetBatteryLevel
                0x00000564       0x10 ./boards/board.o
                0x00000564                BoardGetBatteryLevel
 .text.NVIC_EnableIRQ
                0x00000574       0x30 ./boards/gpio-board.o
 .text.NVIC_SetPriority
                0x000005a4       0x54 ./boards/gpio-board.o
 .text.BUS_RegBitWrite
                0x000005f8       0x2c ./boards/gpio-board.o
 .text.GPIO_IntClear
                0x00000624       0x20 ./boards/gpio-board.o
 .text.GPIO_IntGet
                0x00000644       0x18 ./boards/gpio-board.o
 .text.GPIO_PinOutClear
                0x0000065c       0x54 ./boards/gpio-board.o
 .text.GPIO_PinOutSet
                0x000006b0       0x54 ./boards/gpio-board.o
 .text.GPIO_IntConfig
                0x00000704       0x2c ./boards/gpio-board.o
 .text.GpioMcuInit
                0x00000730       0xa8 ./boards/gpio-board.o
                0x00000730                GpioMcuInit
 .text.GpioMcuSetInterrupt
                0x000007d8       0xe4 ./boards/gpio-board.o
                0x000007d8                GpioMcuSetInterrupt
 .text.GpioMcuWrite
                0x000008bc       0x58 ./boards/gpio-board.o
                0x000008bc                GpioMcuWrite
 .text.GPIO_ODD_IRQHandler
                0x00000914       0x50 ./boards/gpio-board.o
                0x00000914                GPIO_ODD_IRQHandler
 .text.GPIO_EVEN_IRQHandler
                0x00000964       0x68 ./boards/gpio-board.o
                0x00000964                GPIO_EVEN_IRQHandler
 .text.readEepromData
                0x000009cc       0x84 ./boards/i2c-EEPROM.o
                0x000009cc                readEepromData
 .text.writeEepromData
                0x00000a50       0x74 ./boards/i2c-EEPROM.o
                0x00000a50                writeEepromData
 .text.MMA8652_I2CInit
                0x00000ac4       0xb8 ./boards/i2c-MMA8652.o
                0x00000ac4                MMA8652_I2CInit
 .text.MMA8652_RegisterGet
                0x00000b7c       0x70 ./boards/i2c-MMA8652.o
                0x00000b7c                MMA8652_RegisterGet
 .text.MMA8652_RegisterSet
                0x00000bec       0x60 ./boards/i2c-MMA8652.o
                0x00000bec                MMA8652_RegisterSet
 .text.enableInt
                0x00000c4c       0x30 ./boards/i2c-MMA8652.o
                0x00000c4c                enableInt
 .text.enableFreeFallInt
                0x00000c7c       0x4c ./boards/i2c-MMA8652.o
                0x00000c7c                enableFreeFallInt
 .text.clearFlagFreeFallInt
                0x00000cc8        0xc ./boards/i2c-MMA8652.o
                0x00000cc8                clearFlagFreeFallInt
 .text.active   0x00000cd4       0x10 ./boards/i2c-MMA8652.o
                0x00000cd4                active
 .text.standBy  0x00000ce4       0x10 ./boards/i2c-MMA8652.o
                0x00000ce4                standBy
 .text.NVIC_EnableIRQ
                0x00000cf4       0x30 ./boards/rtc-board.o
 .text.NVIC_ClearPendingIRQ
                0x00000d24       0x34 ./boards/rtc-board.o
 .text.NVIC_SetPriority
                0x00000d58       0x54 ./boards/rtc-board.o
 .text.RTCC_ChannelCCVSet
                0x00000dac       0x28 ./boards/rtc-board.o
 .text.RTCC_IntClear
                0x00000dd4       0x1c ./boards/rtc-board.o
 .text.RTCC_IntDisable
                0x00000df0       0x24 ./boards/rtc-board.o
 .text.RTCC_IntEnable
                0x00000e14       0x24 ./boards/rtc-board.o
 .text.RTCC_IntGet
                0x00000e38       0x18 ./boards/rtc-board.o
 .text.RtcInit  0x00000e50      0x120 ./boards/rtc-board.o
                0x00000e50                RtcInit
 .text.RtcSetTimeout
                0x00000f70      0x1d8 ./boards/rtc-board.o
                0x00000f70                RtcSetTimeout
 .text.RtcGetAdjustedTimeoutValue
                0x00001148       0x58 ./boards/rtc-board.o
                0x00001148                RtcGetAdjustedTimeoutValue
 .text.RtcGetTimerValue
                0x000011a0       0x70 ./boards/rtc-board.o
                0x000011a0                RtcGetTimerValue
 .text.RtcGetElapsedAlarmTime
                0x00001210       0x40 ./boards/rtc-board.o
                0x00001210                RtcGetElapsedAlarmTime
 .text.RtcComputeElapsedTime
                0x00001250       0x44 ./boards/rtc-board.o
                0x00001250                RtcComputeElapsedTime
 .text.RTCC_IRQHandler
                0x00001294       0x50 ./boards/rtc-board.o
                0x00001294                RTCC_IRQHandler
 .text.HAL_Delay
                0x000012e4       0x28 ./boards/rtc-board.o
                0x000012e4                HAL_Delay
 .text.SpiInit  0x0000130c      0x1ac ./boards/spi-board.o
                0x0000130c                SpiInit
 .text.SpiInOut
                0x000014b8       0x2c ./boards/spi-board.o
                0x000014b8                SpiInOut
 .text.SX1276IoInit
                0x000014e4       0xb4 ./boards/sx1276-board.o
                0x000014e4                SX1276IoInit
 .text.SX1276IoIrqInit
                0x00001598       0x70 ./boards/sx1276-board.o
                0x00001598                SX1276IoIrqInit
 .text.SX1276SetRfTxPower
                0x00001608      0x144 ./boards/sx1276-board.o
                0x00001608                SX1276SetRfTxPower
 .text.SX1276GetPaSelect
                0x0000174c       0x18 ./boards/sx1276-board.o
                0x0000174c                SX1276GetPaSelect
 .text.SX1276SetAntSwLowPower
                0x00001764       0x3c ./boards/sx1276-board.o
                0x00001764                SX1276SetAntSwLowPower
 .text.SX1276AntSwInit
                0x000017a0        0xc ./boards/sx1276-board.o
                0x000017a0                SX1276AntSwInit
 .text.SX1276AntSwDeInit
                0x000017ac        0xc ./boards/sx1276-board.o
                0x000017ac                SX1276AntSwDeInit
 .text.SX1276SetAntSw
                0x000017b8       0x20 ./boards/sx1276-board.o
                0x000017b8                SX1276SetAntSw
 .text.SX1276CheckRfFrequency
                0x000017d8       0x18 ./boards/sx1276-board.o
                0x000017d8                SX1276CheckRfFrequency
 .text.rand1    0x000017f0       0x48 ./boards/utilities.o
                0x000017f0                rand1
 .text.srand1   0x00001838       0x1c ./boards/utilities.o
                0x00001838                srand1
 .text.randr    0x00001854       0x30 ./boards/utilities.o
                0x00001854                randr
 .text.memcpy1  0x00001884       0x34 ./boards/utilities.o
                0x00001884                memcpy1
 .text.memcpyr  0x000018b8       0x40 ./boards/utilities.o
                0x000018b8                memcpyr
 .text.memset1  0x000018f8       0x30 ./boards/utilities.o
                0x000018f8                memset1
 .text.ADC_IntClear
                0x00001928       0x1c ./emlib/em_adc.o
 .text.BUS_RegBitWrite
                0x00001944       0x2c ./emlib/em_adc.o
 .text.BUS_RegMaskedSet
                0x00001970       0x24 ./emlib/em_adc.o
 .text.BUS_RegMaskedClear
                0x00001994       0x24 ./emlib/em_adc.o
 .text.BUS_RegMaskedWrite
                0x000019b8       0x24 ./emlib/em_adc.o
 .text.ADC_LoadDevinfoCal
                0x000019dc      0x190 ./emlib/em_adc.o
 .text.ADC_Init
                0x00001b6c       0x90 ./emlib/em_adc.o
                0x00001b6c                ADC_Init
 .text.ADC_InitSingle
                0x00001bfc      0x154 ./emlib/em_adc.o
                0x00001bfc                ADC_InitSingle
 .text.ADC_PrescaleCalc
                0x00001d50       0x64 ./emlib/em_adc.o
                0x00001d50                ADC_PrescaleCalc
 .text.ADC_TimebaseCalc
                0x00001db4       0x50 ./emlib/em_adc.o
                0x00001db4                ADC_TimebaseCalc
 .text.BUS_RegBitWrite
                0x00001e04       0x2c ./emlib/em_cmu.o
 .text.BUS_RegBitRead
                0x00001e30       0x2c ./emlib/em_cmu.o
 .text.BUS_RegMaskedSet
                0x00001e5c       0x24 ./emlib/em_cmu.o
 .text.BUS_RegMaskedClear
                0x00001e80       0x24 ./emlib/em_cmu.o
 .text.BUS_RegMaskedWrite
                0x00001ea4       0x24 ./emlib/em_cmu.o
 .text.BUS_RegMaskedRead
                0x00001ec8       0x20 ./emlib/em_cmu.o
 .text.CMU_Log2ToDiv
                0x00001ee8       0x1c ./emlib/em_cmu.o
 .text.CMU_PrescToLog2
                0x00001f04       0x28 ./emlib/em_cmu.o
 .text.setHfLeConfig
                0x00001f2c       0x3c ./emlib/em_cmu.o
 .text.getHfLeConfig
                0x00001f68       0x2c ./emlib/em_cmu.o
 .text.auxClkGet
                0x00001f94       0x20 ./emlib/em_cmu.o
 .text.dbgClkGet
                0x00001fb4       0x40 ./emlib/em_cmu.o
 .text.flashWaitStateControl
                0x00001ff4       0x78 ./emlib/em_cmu.o
 .text.flashWaitStateMax
                0x0000206c       0x14 ./emlib/em_cmu.o
 .text.getRegIshUpperVal
                0x00002080       0x38 ./emlib/em_cmu.o
 .text.lfClkGet
                0x000020b8       0xec ./emlib/em_cmu.o
 .text.syncReg  0x000021a4       0x38 ./emlib/em_cmu.o
 .text.CMU_ClockDivSet
                0x000021dc       0x1c ./emlib/em_cmu.o
                0x000021dc                CMU_ClockDivSet
 .text.CMU_ClockEnable
                0x000021f8       0xcc ./emlib/em_cmu.o
                0x000021f8                CMU_ClockEnable
 .text.CMU_ClockFreqGet
                0x000022c4      0x188 ./emlib/em_cmu.o
                0x000022c4                CMU_ClockFreqGet
 .text.CMU_ClockPrescSet
                0x0000244c      0x1e8 ./emlib/em_cmu.o
                0x0000244c                CMU_ClockPrescSet
 .text.CMU_ClockSelectGet
                0x00002634      0x14c ./emlib/em_cmu.o
                0x00002634                CMU_ClockSelectGet
 .text.CMU_ClockSelectSet
                0x00002780      0x1c8 ./emlib/em_cmu.o
                0x00002780                CMU_ClockSelectSet
 .text.CMU_HFXOInit
                0x00002948      0x110 ./emlib/em_cmu.o
                0x00002948                CMU_HFXOInit
 .text.CMU_LFXOInit
                0x00002a58       0x50 ./emlib/em_cmu.o
                0x00002a58                CMU_LFXOInit
 .text.CMU_OscillatorEnable
                0x00002aa8      0x184 ./emlib/em_cmu.o
                0x00002aa8                CMU_OscillatorEnable
 .text.CMU_OscillatorTuningGet
                0x00002c2c       0x74 ./emlib/em_cmu.o
                0x00002c2c                CMU_OscillatorTuningGet
 .text.CMU_OscillatorTuningSet
                0x00002ca0      0x100 ./emlib/em_cmu.o
                0x00002ca0                CMU_OscillatorTuningSet
 .text.CMU_OscillatorTuningWait
                0x00002da0       0x94 ./emlib/em_cmu.o
                0x00002da0                CMU_OscillatorTuningWait
 .text.CMU_OscillatorTuningOptimize
                0x00002e34       0x54 ./emlib/em_cmu.o
                0x00002e34                CMU_OscillatorTuningOptimize
 .text.BUS_RegBitWrite
                0x00002e88       0x2c ./emlib/em_cryotimer.o
 .text.CRYOTIMER_EM4WakeupEnable
                0x00002eb4       0x20 ./emlib/em_cryotimer.o
 .text.CRYOTIMER_Init
                0x00002ed4       0x4c ./emlib/em_cryotimer.o
                0x00002ed4                CRYOTIMER_Init
 .text.BUS_RegBitWrite
                0x00002f20       0x2c ./emlib/em_emu.o
 .text.EMU_Unlock
                0x00002f4c       0x18 ./emlib/em_emu.o
 .text.dcdcFetCntSet
                0x00002f64       0x50 ./emlib/em_emu.o
 .text.dcdcHsFixLnBlock
                0x00002fb4       0x48 ./emlib/em_emu.o
 .text.EMU_EnterEM4
                0x00002ffc       0xbc ./emlib/em_emu.o
                0x00002ffc                EMU_EnterEM4
 .text.EMU_UpdateOscConfig
                0x000030b8       0x30 ./emlib/em_emu.o
                0x000030b8                EMU_UpdateOscConfig
 .text.EMU_EM23Init
                0x000030e8       0x14 ./emlib/em_emu.o
                0x000030e8                EMU_EM23Init
 .text.EMU_EM4Init
                0x000030fc       0x74 ./emlib/em_emu.o
                0x000030fc                EMU_EM4Init
 .text.currentLimitersUpdate
                0x00003170       0xec ./emlib/em_emu.o
 .text.EMU_DCDCModeSet
                0x0000325c       0x7c ./emlib/em_emu.o
                0x0000325c                EMU_DCDCModeSet
 .text.EMU_DCDCPowerOff
                0x000032d8       0x40 ./emlib/em_emu.o
                0x000032d8                EMU_DCDCPowerOff
 .text.BUS_RegBitWrite
                0x00003318       0x2c ./emlib/em_gpio.o
 .text.BUS_RegMaskedSet
                0x00003344       0x24 ./emlib/em_gpio.o
 .text.BUS_RegMaskedClear
                0x00003368       0x24 ./emlib/em_gpio.o
 .text.BUS_RegMaskedWrite
                0x0000338c       0x24 ./emlib/em_gpio.o
 .text.GPIO_EM4SetPinRetention
                0x000033b0       0x3c ./emlib/em_gpio.o
 .text.GPIO_IntClear
                0x000033ec       0x20 ./emlib/em_gpio.o
 .text.GPIO_PinOutClear
                0x0000340c       0x54 ./emlib/em_gpio.o
 .text.GPIO_PinOutSet
                0x00003460       0x54 ./emlib/em_gpio.o
 .text.GPIO_ExtIntConfig
                0x000034b4      0x11c ./emlib/em_gpio.o
                0x000034b4                GPIO_ExtIntConfig
 .text.GPIO_PinModeSet
                0x000035d0      0x110 ./emlib/em_gpio.o
                0x000035d0                GPIO_PinModeSet
 .text.GPIO_EM4EnablePinWakeup
                0x000036e0       0x58 ./emlib/em_gpio.o
                0x000036e0                GPIO_EM4EnablePinWakeup
 .text.BUS_RegBitWrite
                0x00003738       0x2c ./emlib/em_i2c.o
 .text.BUS_RegMaskedSet
                0x00003764       0x24 ./emlib/em_i2c.o
 .text.BUS_RegMaskedClear
                0x00003788       0x24 ./emlib/em_i2c.o
 .text.BUS_RegMaskedWrite
                0x000037ac       0x24 ./emlib/em_i2c.o
 .text.I2C_BusFreqSet
                0x000037d0       0xf8 ./emlib/em_i2c.o
                0x000037d0                I2C_BusFreqSet
 .text.I2C_Init
                0x000038c8       0x5c ./emlib/em_i2c.o
                0x000038c8                I2C_Init
 .text.I2C_Transfer
                0x00003924      0x420 ./emlib/em_i2c.o
                0x00003924                I2C_Transfer
 .text.I2C_TransferInit
                0x00003d44       0xc0 ./emlib/em_i2c.o
                0x00003d44                I2C_TransferInit
 .text.LEUART_Sync
                0x00003e04       0x30 ./emlib/em_leuart.o
 .text.LEUART_BaudrateSet
                0x00003e34       0x6c ./emlib/em_leuart.o
                0x00003e34                LEUART_BaudrateSet
 .text.LEUART_Enable
                0x00003ea0       0x3c ./emlib/em_leuart.o
                0x00003ea0                LEUART_Enable
 .text.LEUART_FreezeEnable
                0x00003edc       0x34 ./emlib/em_leuart.o
                0x00003edc                LEUART_FreezeEnable
 .text.LEUART_Init
                0x00003f10       0x68 ./emlib/em_leuart.o
                0x00003f10                LEUART_Init
 .text.LEUART_Rx
                0x00003f78       0x28 ./emlib/em_leuart.o
                0x00003f78                LEUART_Rx
 .text.LEUART_TxDmaInEM2Enable
                0x00003fa0       0x3c ./emlib/em_leuart.o
                0x00003fa0                LEUART_TxDmaInEM2Enable
 .text.LEUART_RxDmaInEM2Enable
                0x00003fdc       0x3c ./emlib/em_leuart.o
                0x00003fdc                LEUART_RxDmaInEM2Enable
 .text.RTCC_Unlock
                0x00004018       0x18 ./emlib/em_rtcc.o
 .text.BUS_RegBitWrite
                0x00004030       0x2c ./emlib/em_rtcc.o
 .text.RTCC_ChannelInit
                0x0000405c       0x5c ./emlib/em_rtcc.o
                0x0000405c                RTCC_ChannelInit
 .text.RTCC_Enable
                0x000040b8       0x20 ./emlib/em_rtcc.o
                0x000040b8                RTCC_Enable
 .text.RTCC_Init
                0x000040d8       0x60 ./emlib/em_rtcc.o
                0x000040d8                RTCC_Init
 .text.RTCC_Reset
                0x00004138       0x94 ./emlib/em_rtcc.o
                0x00004138                RTCC_Reset
 .text.RTCC_StatusClear
                0x000041cc       0x24 ./emlib/em_rtcc.o
                0x000041cc                RTCC_StatusClear
 .text.SYSTEM_ChipRevisionGet
                0x000041f0       0x74 ./emlib/em_system.o
                0x000041f0                SYSTEM_ChipRevisionGet
 .text.BUS_RegMaskedSet
                0x00004264       0x24 ./emlib/em_usart.o
 .text.BUS_RegMaskedClear
                0x00004288       0x24 ./emlib/em_usart.o
 .text.BUS_RegMaskedWrite
                0x000042ac       0x24 ./emlib/em_usart.o
 .text.USART_BaudrateSyncSet
                0x000042d0       0xac ./emlib/em_usart.o
                0x000042d0                USART_BaudrateSyncSet
 .text.USART_Enable
                0x0000437c       0x4c ./emlib/em_usart.o
                0x0000437c                USART_Enable
 .text.USART_InitSync
                0x000043c8       0xf0 ./emlib/em_usart.o
                0x000043c8                USART_InitSync
 .text.USART_Reset
                0x000044b8       0x94 ./emlib/em_usart.o
                0x000044b8                USART_Reset
 .text.USART_Rx
                0x0000454c       0x28 ./emlib/em_usart.o
                0x0000454c                USART_Rx
 .text.USART_Tx
                0x00004574       0x2c ./emlib/em_usart.o
                0x00004574                USART_Tx
 .text.OnRadioTxDone
                0x000045a0      0x180 ./mac/LoRaMac.o
 .text.PrepareRxDoneAbort
                0x00004720       0x50 ./mac/LoRaMac.o
 .text.OnRadioRxDone
                0x00004770      0x8d4 ./mac/LoRaMac.o
 .text.OnRadioTxTimeout
                0x00005044       0x44 ./mac/LoRaMac.o
 .text.OnRadioRxError
                0x00005088       0x98 ./mac/LoRaMac.o
 .text.OnRadioRxTimeout
                0x00005120       0xa0 ./mac/LoRaMac.o
 .text.OnMacStateCheckTimerEvent
                0x000051c0      0x488 ./mac/LoRaMac.o
 .text.OnTxDelayedTimerEvent
                0x00005648       0xb0 ./mac/LoRaMac.o
 .text.OnRxWindow1TimerEvent
                0x000056f8       0xa4 ./mac/LoRaMac.o
 .text.OnRxWindow2TimerEvent
                0x0000579c       0x9c ./mac/LoRaMac.o
 .text.OnAckTimeoutTimerEvent
                0x00005838       0x50 ./mac/LoRaMac.o
 .text.RxWindowSetup
                0x00005888       0x34 ./mac/LoRaMac.o
 .text.ValidatePayloadLength
                0x000058bc       0x84 ./mac/LoRaMac.o
 .text.AddMacCommand
                0x00005940      0x248 ./mac/LoRaMac.o
 .text.ParseMacCommandsToRepeat
                0x00005b88       0xd8 ./mac/LoRaMac.o
 .text.ProcessMacCommands
                0x00005c60      0x4c8 ./mac/LoRaMac.o
 .text.Send     0x00006128       0x9c ./mac/LoRaMac.o
                0x00006128                Send
 .text.ScheduleTx
                0x000061c4      0x1cc ./mac/LoRaMac.o
 .text.CalculateBackOff
                0x00006390       0x84 ./mac/LoRaMac.o
 .text.ResetMacParameters
                0x00006414      0x12c ./mac/LoRaMac.o
 .text.PrepareFrame
                0x00006540      0x580 ./mac/LoRaMac.o
                0x00006540                PrepareFrame
 .text.SendFrameOnChannel
                0x00006ac0       0xf4 ./mac/LoRaMac.o
                0x00006ac0                SendFrameOnChannel
 .text.SetTxContinuousWave
                0x00006bb4       0x78 ./mac/LoRaMac.o
                0x00006bb4                SetTxContinuousWave
 .text.SetTxContinuousWave1
                0x00006c2c       0x50 ./mac/LoRaMac.o
                0x00006c2c                SetTxContinuousWave1
 .text.LoRaMacInitialization
                0x00006c7c      0x3f8 ./mac/LoRaMac.o
                0x00006c7c                LoRaMacInitialization
 .text.LoRaMacQueryTxPossible
                0x00007074      0x130 ./mac/LoRaMac.o
                0x00007074                LoRaMacQueryTxPossible
 .text.LoRaMacMibGetRequestConfirm
                0x000071a4      0x268 ./mac/LoRaMac.o
                0x000071a4                LoRaMacMibGetRequestConfirm
 .text.LoRaMacMibSetRequestConfirm
                0x0000740c      0x48c ./mac/LoRaMac.o
                0x0000740c                LoRaMacMibSetRequestConfirm
 .text.LoRaMacChannelAdd
                0x00007898       0x58 ./mac/LoRaMac.o
                0x00007898                LoRaMacChannelAdd
 .text.LoRaMacMlmeRequest
                0x000078f0      0x210 ./mac/LoRaMac.o
                0x000078f0                LoRaMacMlmeRequest
 .text.LoRaMacMcpsRequest
                0x00007b00      0x1d0 ./mac/LoRaMac.o
                0x00007b00                LoRaMacMcpsRequest
 .text.LoRaMacTestSetDutyCycleOn
                0x00007cd0       0x3c ./mac/LoRaMac.o
                0x00007cd0                LoRaMacTestSetDutyCycleOn
 .text.LoRaMacComputeMic
                0x00007d0c       0xcc ./mac/LoRaMacCrypto.o
                0x00007d0c                LoRaMacComputeMic
 .text.LoRaMacPayloadEncrypt
                0x00007dd8      0x140 ./mac/LoRaMacCrypto.o
                0x00007dd8                LoRaMacPayloadEncrypt
 .text.LoRaMacPayloadDecrypt
                0x00007f18       0x30 ./mac/LoRaMacCrypto.o
                0x00007f18                LoRaMacPayloadDecrypt
 .text.LoRaMacJoinComputeMic
                0x00007f48       0x64 ./mac/LoRaMacCrypto.o
                0x00007f48                LoRaMacJoinComputeMic
 .text.LoRaMacJoinDecrypt
                0x00007fac       0x54 ./mac/LoRaMacCrypto.o
                0x00007fac                LoRaMacJoinDecrypt
 .text.LoRaMacJoinComputeSKeys
                0x00008000       0xb4 ./mac/LoRaMacCrypto.o
                0x00008000                LoRaMacJoinComputeSKeys
 .text.RegionIsActive
                0x000080b4       0x24 ./mac/region/Region.o
                0x000080b4                RegionIsActive
 .text.RegionGetPhyParam
                0x000080d8       0x2c ./mac/region/Region.o
                0x000080d8                RegionGetPhyParam
 .text.RegionSetBandTxDone
                0x00008104       0x24 ./mac/region/Region.o
                0x00008104                RegionSetBandTxDone
 .text.RegionInitDefaults
                0x00008128       0x28 ./mac/region/Region.o
                0x00008128                RegionInitDefaults
 .text.RegionVerify
                0x00008150       0x30 ./mac/region/Region.o
                0x00008150                RegionVerify
 .text.RegionApplyCFList
                0x00008180       0x24 ./mac/region/Region.o
                0x00008180                RegionApplyCFList
 .text.RegionChanMaskSet
                0x000081a4       0x28 ./mac/region/Region.o
                0x000081a4                RegionChanMaskSet
 .text.RegionAdrNext
                0x000081cc       0x30 ./mac/region/Region.o
                0x000081cc                RegionAdrNext
 .text.RegionComputeRxWindowParameters
                0x000081fc       0x38 ./mac/region/Region.o
                0x000081fc                RegionComputeRxWindowParameters
 .text.RegionRxConfig
                0x00008234       0x2c ./mac/region/Region.o
                0x00008234                RegionRxConfig
 .text.RegionTxConfig
                0x00008260       0x30 ./mac/region/Region.o
                0x00008260                RegionTxConfig
 .text.RegionLinkAdrReq
                0x00008290       0x34 ./mac/region/Region.o
                0x00008290                RegionLinkAdrReq
 .text.RegionRxParamSetupReq
                0x000082c4       0x28 ./mac/region/Region.o
                0x000082c4                RegionRxParamSetupReq
 .text.RegionNewChannelReq
                0x000082ec       0x28 ./mac/region/Region.o
                0x000082ec                RegionNewChannelReq
 .text.RegionTxParamSetupReq
                0x00008314       0x28 ./mac/region/Region.o
                0x00008314                RegionTxParamSetupReq
 .text.RegionDlChannelReq
                0x0000833c       0x28 ./mac/region/Region.o
                0x0000833c                RegionDlChannelReq
 .text.RegionAlternateDr
                0x00008364       0x28 ./mac/region/Region.o
                0x00008364                RegionAlternateDr
 .text.RegionCalcBackOff
                0x0000838c       0x24 ./mac/region/Region.o
                0x0000838c                RegionCalcBackOff
 .text.RegionNextChannel
                0x000083b0       0x30 ./mac/region/Region.o
                0x000083b0                RegionNextChannel
 .text.RegionChannelAdd
                0x000083e0       0x28 ./mac/region/Region.o
                0x000083e0                RegionChannelAdd
 .text.RegionSetContinuousWave
                0x00008408       0x24 ./mac/region/Region.o
                0x00008408                RegionSetContinuousWave
 .text.RegionApplyDrOffset
                0x0000842c       0x38 ./mac/region/Region.o
                0x0000842c                RegionApplyDrOffset
 .text.CountChannels
                0x00008464       0x54 ./mac/region/RegionCommon.o
 .text.RegionCommonGetJoinDc
                0x000084b8       0x48 ./mac/region/RegionCommon.o
                0x000084b8                RegionCommonGetJoinDc
 .text.RegionCommonChanVerifyDr
                0x00008500       0xe4 ./mac/region/RegionCommon.o
                0x00008500                RegionCommonChanVerifyDr
 .text.RegionCommonValueInRange
                0x000085e4       0x3c ./mac/region/RegionCommon.o
                0x000085e4                RegionCommonValueInRange
 .text.RegionCommonChanDisable
                0x00008620       0x6c ./mac/region/RegionCommon.o
                0x00008620                RegionCommonChanDisable
 .text.RegionCommonCountChannels
                0x0000868c       0x58 ./mac/region/RegionCommon.o
                0x0000868c                RegionCommonCountChannels
 .text.RegionCommonChanMaskCopy
                0x000086e4       0x4c ./mac/region/RegionCommon.o
                0x000086e4                RegionCommonChanMaskCopy
 .text.RegionCommonSetBandTxDone
                0x00008730       0x34 ./mac/region/RegionCommon.o
                0x00008730                RegionCommonSetBandTxDone
 .text.RegionCommonUpdateBandTimeOff
                0x00008764      0x188 ./mac/region/RegionCommon.o
                0x00008764                RegionCommonUpdateBandTimeOff
 .text.RegionCommonParseLinkAdrReq
                0x000088ec       0xa0 ./mac/region/RegionCommon.o
                0x000088ec                RegionCommonParseLinkAdrReq
 .text.RegionCommonLinkAdrReqVerifyParams
                0x0000898c      0x10c ./mac/region/RegionCommon.o
                0x0000898c                RegionCommonLinkAdrReqVerifyParams
 .text.RegionCommonComputeSymbolTimeLoRa
                0x00008a98       0x54 ./mac/region/RegionCommon.o
                0x00008a98                RegionCommonComputeSymbolTimeLoRa
 .text.RegionCommonComputeSymbolTimeFsk
                0x00008aec       0x34 ./mac/region/RegionCommon.o
                0x00008aec                RegionCommonComputeSymbolTimeFsk
 .text.RegionCommonComputeRxWindowParameters
                0x00008b20      0x178 ./mac/region/RegionCommon.o
                0x00008b20                RegionCommonComputeRxWindowParameters
 .text.RegionCommonComputeTxPower
                0x00008c98       0x64 ./mac/region/RegionCommon.o
                0x00008c98                RegionCommonComputeTxPower
 .text.RegionCommonCalcBackOff
                0x00008cfc       0xe4 ./mac/region/RegionCommon.o
                0x00008cfc                RegionCommonCalcBackOff
 .text.GetNextLowerTxDr
                0x00008de0       0x3c ./mac/region/RegionEU868.o
 .text.GetBandwidth
                0x00008e1c       0x40 ./mac/region/RegionEU868.o
 .text.LimitTxPower
                0x00008e5c       0x38 ./mac/region/RegionEU868.o
 .text.VerifyTxFreq
                0x00008e94       0xe8 ./mac/region/RegionEU868.o
 .text.CountNbOfEnabledChannels
                0x00008f7c      0x140 ./mac/region/RegionEU868.o
 .text.RegionEU868GetPhyParam
                0x000090bc      0x1a4 ./mac/region/RegionEU868.o
                0x000090bc                RegionEU868GetPhyParam
 .text.RegionEU868SetBandTxDone
                0x00009260       0x44 ./mac/region/RegionEU868.o
                0x00009260                RegionEU868SetBandTxDone
 .text.RegionEU868InitDefaults
                0x000092a4       0x7c ./mac/region/RegionEU868.o
                0x000092a4                RegionEU868InitDefaults
 .text.RegionEU868Verify
                0x00009320      0x120 ./mac/region/RegionEU868.o
                0x00009320                RegionEU868Verify
 .text.RegionEU868ApplyCFList
                0x00009440       0xd4 ./mac/region/RegionEU868.o
                0x00009440                RegionEU868ApplyCFList
 .text.RegionEU868ChanMaskSet
                0x00009514       0x4c ./mac/region/RegionEU868.o
                0x00009514                RegionEU868ChanMaskSet
 .text.RegionEU868AdrNext
                0x00009560       0xc8 ./mac/region/RegionEU868.o
                0x00009560                RegionEU868AdrNext
 .text.RegionEU868ComputeRxWindowParameters
                0x00009628       0xb4 ./mac/region/RegionEU868.o
                0x00009628                RegionEU868ComputeRxWindowParameters
 .text.RegionEU868RxConfig
                0x000096dc      0x194 ./mac/region/RegionEU868.o
                0x000096dc                RegionEU868RxConfig
 .text.RegionEU868TxConfig
                0x00009870      0x184 ./mac/region/RegionEU868.o
                0x00009870                RegionEU868TxConfig
 .text.RegionEU868LinkAdrReq
                0x000099f4      0x220 ./mac/region/RegionEU868.o
                0x000099f4                RegionEU868LinkAdrReq
 .text.RegionEU868RxParamSetupReq
                0x00009c14       0x70 ./mac/region/RegionEU868.o
                0x00009c14                RegionEU868RxParamSetupReq
 .text.RegionEU868NewChannelReq
                0x00009c84       0xb4 ./mac/region/RegionEU868.o
                0x00009c84                RegionEU868NewChannelReq
 .text.RegionEU868TxParamSetupReq
                0x00009d38       0x18 ./mac/region/RegionEU868.o
                0x00009d38                RegionEU868TxParamSetupReq
 .text.RegionEU868DlChannelReq
                0x00009d50       0x84 ./mac/region/RegionEU868.o
                0x00009d50                RegionEU868DlChannelReq
 .text.RegionEU868AlternateDr
                0x00009dd4       0xa4 ./mac/region/RegionEU868.o
                0x00009dd4                RegionEU868AlternateDr
 .text.RegionEU868CalcBackOff
                0x00009e78       0x4c ./mac/region/RegionEU868.o
                0x00009e78                RegionEU868CalcBackOff
 .text.RegionEU868NextChannel
                0x00009ec4      0x144 ./mac/region/RegionEU868.o
                0x00009ec4                RegionEU868NextChannel
 .text.RegionEU868ChannelAdd
                0x0000a008      0x198 ./mac/region/RegionEU868.o
                0x0000a008                RegionEU868ChannelAdd
 .text.RegionEU868ChannelsRemove
                0x0000a1a0       0x80 ./mac/region/RegionEU868.o
                0x0000a1a0                RegionEU868ChannelsRemove
 .text.RegionEU868SetContinuousWave
                0x0000a220       0xa0 ./mac/region/RegionEU868.o
                0x0000a220                RegionEU868SetContinuousWave
 .text.RegionEU868ApplyDrOffset
                0x0000a2c0       0x38 ./mac/region/RegionEU868.o
                0x0000a2c0                RegionEU868ApplyDrOffset
 .text.SX1276Init
                0x0000a2f8       0xb8 ./radio/sx1276.o
                0x0000a2f8                SX1276Init
 .text.SX1276GetStatus
                0x0000a3b0       0x18 ./radio/sx1276.o
                0x0000a3b0                SX1276GetStatus
 .text.SX1276SetChannel
                0x0000a3c8       0x78 ./radio/sx1276.o
                0x0000a3c8                SX1276SetChannel
 .text.SX1276IsChannelFree
                0x0000a440       0x7c ./radio/sx1276.o
                0x0000a440                SX1276IsChannelFree
 .text.SX1276Random
                0x0000a4bc       0x5c ./radio/sx1276.o
                0x0000a4bc                SX1276Random
 .text.RxChainCalibration
                0x0000a518       0xe0 ./radio/sx1276.o
 .text.GetFskBandwidthRegValue
                0x0000a5f8       0x58 ./radio/sx1276.o
 .text.SX1276SetRxConfig
                0x0000a650      0x438 ./radio/sx1276.o
                0x0000a650                SX1276SetRxConfig
 .text.SX1276SetTxConfig
                0x0000aa88      0x360 ./radio/sx1276.o
                0x0000aa88                SX1276SetTxConfig
 .text.SX1276GetTimeOnAir
                0x0000ade8      0x360 ./radio/sx1276.o
                0x0000ade8                SX1276GetTimeOnAir
 .text.SX1276Send
                0x0000b148      0x168 ./radio/sx1276.o
                0x0000b148                SX1276Send
 .text.SX1276SetSleep
                0x0000b2b0       0x2c ./radio/sx1276.o
                0x0000b2b0                SX1276SetSleep
 .text.SX1276SetStby
                0x0000b2dc       0x2c ./radio/sx1276.o
                0x0000b2dc                SX1276SetStby
 .text.SX1276SetRx
                0x0000b308      0x310 ./radio/sx1276.o
                0x0000b308                SX1276SetRx
 .text.SX1276SetTx
                0x0000b618       0xf8 ./radio/sx1276.o
                0x0000b618                SX1276SetTx
 .text.SX1276StartCad
                0x0000b710       0x4c ./radio/sx1276.o
                0x0000b710                SX1276StartCad
 .text.SX1276SetTxContinuousWave
                0x0000b75c       0xa8 ./radio/sx1276.o
                0x0000b75c                SX1276SetTxContinuousWave
 .text.SX1276ReadRssi
                0x0000b804       0x78 ./radio/sx1276.o
                0x0000b804                SX1276ReadRssi
 .text.SX1276Reset
                0x0000b87c       0x48 ./radio/sx1276.o
                0x0000b87c                SX1276Reset
 .text.SX1276SetOpMode
                0x0000b8c4       0x4c ./radio/sx1276.o
                0x0000b8c4                SX1276SetOpMode
 .text.SX1276SetModem
                0x0000b910       0xb0 ./radio/sx1276.o
                0x0000b910                SX1276SetModem
 .text.SX1276Write
                0x0000b9c0       0x24 ./radio/sx1276.o
                0x0000b9c0                SX1276Write
 .text.SX1276Read
                0x0000b9e4       0x24 ./radio/sx1276.o
                0x0000b9e4                SX1276Read
 .text.SX1276WriteBuffer
                0x0000ba08       0x64 ./radio/sx1276.o
                0x0000ba08                SX1276WriteBuffer
 .text.SX1276ReadBuffer
                0x0000ba6c       0x68 ./radio/sx1276.o
                0x0000ba6c                SX1276ReadBuffer
 .text.SX1276WriteFifo
                0x0000bad4       0x20 ./radio/sx1276.o
                0x0000bad4                SX1276WriteFifo
 .text.SX1276ReadFifo
                0x0000baf4       0x20 ./radio/sx1276.o
                0x0000baf4                SX1276ReadFifo
 .text.SX1276SetMaxPayloadLength
                0x0000bb14       0x58 ./radio/sx1276.o
                0x0000bb14                SX1276SetMaxPayloadLength
 .text.SX1276SetPublicNetwork
                0x0000bb6c       0x3c ./radio/sx1276.o
                0x0000bb6c                SX1276SetPublicNetwork
 .text.SX1276OnTimeoutIrq
                0x0000bba8      0x14c ./radio/sx1276.o
                0x0000bba8                SX1276OnTimeoutIrq
 .text.SX1276OnDio0Irq
                0x0000bcf4      0x4a0 ./radio/sx1276.o
                0x0000bcf4                SX1276OnDio0Irq
 .text.SX1276OnDio1Irq
                0x0000c194      0x1f0 ./radio/sx1276.o
                0x0000c194                SX1276OnDio1Irq
 *fill*         0x0000c384        0x4 
 .text.SX1276OnDio2Irq
                0x0000c388      0x190 ./radio/sx1276.o
                0x0000c388                SX1276OnDio2Irq
 .text.SX1276OnDio3Irq
                0x0000c518       0x80 ./radio/sx1276.o
                0x0000c518                SX1276OnDio3Irq
 .text.SX1276OnDio4Irq
                0x0000c598       0x38 ./radio/sx1276.o
                0x0000c598                SX1276OnDio4Irq
 .text.joinedChecking
                0x0000c5d0       0x14 ./src/EepromData.o
                0x0000c5d0                joinedChecking
 .text.getStoredNwsKey
                0x0000c5e4       0x3c ./src/EepromData.o
                0x0000c5e4                getStoredNwsKey
 .text.getStoredAppsKey
                0x0000c620       0x3c ./src/EepromData.o
                0x0000c620                getStoredAppsKey
 .text.getStoredDevNonce
                0x0000c65c       0x48 ./src/EepromData.o
                0x0000c65c                getStoredDevNonce
 .text.getStoredNetID
                0x0000c6a4       0x48 ./src/EepromData.o
                0x0000c6a4                getStoredNetID
 .text.getStoredDevAddr
                0x0000c6ec       0x48 ./src/EepromData.o
                0x0000c6ec                getStoredDevAddr
 .text.getStoredUplCounter
                0x0000c734       0x48 ./src/EepromData.o
                0x0000c734                getStoredUplCounter
 .text.getStoredDownlCounter
                0x0000c77c       0x48 ./src/EepromData.o
                0x0000c77c                getStoredDownlCounter
 .text.setJoinedChecking
                0x0000c7c4       0x10 ./src/EepromData.o
                0x0000c7c4                setJoinedChecking
 .text.setStoredNwsKey
                0x0000c7d4       0x3c ./src/EepromData.o
                0x0000c7d4                setStoredNwsKey
 .text.setStoredAppsKey
                0x0000c810       0x3c ./src/EepromData.o
                0x0000c810                setStoredAppsKey
 .text.setStoredDevNonce
                0x0000c84c       0x4c ./src/EepromData.o
                0x0000c84c                setStoredDevNonce
 .text.setStoredNetID
                0x0000c898       0x48 ./src/EepromData.o
                0x0000c898                setStoredNetID
 .text.setStoredDevAddr
                0x0000c8e0       0x48 ./src/EepromData.o
                0x0000c8e0                setStoredDevAddr
 .text.setStoredUplCounter
                0x0000c928       0x48 ./src/EepromData.o
                0x0000c928                setStoredUplCounter
 .text.setStoredDownlCounter
                0x0000c970       0x48 ./src/EepromData.o
                0x0000c970                setStoredDownlCounter
 .text.convert32to8
                0x0000c9b8       0x48 ./src/EepromData.o
                0x0000c9b8                convert32to8
 .text.convert16to8
                0x0000ca00       0x2c ./src/EepromData.o
                0x0000ca00                convert16to8
 .text.reverse8BitsArrayTo32
                0x0000ca2c       0x38 ./src/EepromData.o
                0x0000ca2c                reverse8BitsArrayTo32
 .text.reverse8BitsArrayTo16
                0x0000ca64       0x28 ./src/EepromData.o
                0x0000ca64                reverse8BitsArrayTo16
 .text.gpsConvertLatToFloat
                0x0000ca8c       0xd4 ./src/Gps.o
                0x0000ca8c                gpsConvertLatToFloat
 .text.gpsConvertLonToFloat
                0x0000cb60       0xd4 ./src/Gps.o
                0x0000cb60                gpsConvertLonToFloat
 .text.getMessageFeilds
                0x0000cc34       0x74 ./src/Gps.o
                0x0000cc34                getMessageFeilds
 .text.ftoa     0x0000cca8       0x5c ./src/Gps.o
                0x0000cca8                ftoa
 .text.NVIC_EnableIRQ
                0x0000cd04       0x30 ./src/MCUInit.o
 .text.NVIC_ClearPendingIRQ
                0x0000cd34       0x34 ./src/MCUInit.o
 .text.BUS_RegBitWrite
                0x0000cd68       0x2c ./src/MCUInit.o
 .text.CRYOTIMER_IntClear
                0x0000cd94       0x20 ./src/MCUInit.o
 .text.CRYOTIMER_IntEnable
                0x0000cdb4       0x28 ./src/MCUInit.o
 .text.CRYOTIMER_Enable
                0x0000cddc       0x20 ./src/MCUInit.o
 .text.LEUART_IntClear
                0x0000cdfc       0x1c ./src/MCUInit.o
 .text.LEUART_IntEnable
                0x0000ce18       0x20 ./src/MCUInit.o
 .text.EMUInit  0x0000ce38       0x54 ./src/MCUInit.o
                0x0000ce38                EMUInit
 .text.CMUInit  0x0000ce8c      0x124 ./src/MCUInit.o
                0x0000ce8c                CMUInit
 .text.CryotimerInit
                0x0000cfb0       0x60 ./src/MCUInit.o
                0x0000cfb0                CryotimerInit
 .text.GpsInit  0x0000d010       0xac ./src/MCUInit.o
                0x0000d010                GpsInit
 .text.BUS_RegBitWrite
                0x0000d0bc       0x2c ./src/main.o
 .text.BUS_RegBitRead
                0x0000d0e8       0x2c ./src/main.o
 .text.GPIO_PinInGet
                0x0000d114       0x54 ./src/main.o
 .text.GPIO_PinOutClear
                0x0000d168       0x54 ./src/main.o
 .text.SYSTEM_GetProdRev
                0x0000d1bc       0x1c ./src/main.o
 .text.CHIP_Init
                0x0000d1d8       0xa8 ./src/main.o
 .text.CRYOTIMER_IntClear
                0x0000d280       0x20 ./src/main.o
 .text.PrepareTxFrame
                0x0000d2a0      0x158 ./src/main.o
 .text.SendFrame
                0x0000d3f8       0x98 ./src/main.o
 .text.OnTxNextPacketTimerEvent
                0x0000d490       0x50 ./src/main.o
 .text.McpsConfirm
                0x0000d4e0       0x48 ./src/main.o
 .text.McpsIndication
                0x0000d528      0x364 ./src/main.o
 .text.MlmeConfirm
                0x0000d88c       0x74 ./src/main.o
 .text.NMEA_GPGGA_Decoder
                0x0000d900       0xc0 ./src/main.o
                0x0000d900                NMEA_GPGGA_Decoder
 .text.LEUART0_IRQHandler
                0x0000d9c0       0x7c ./src/main.o
                0x0000d9c0                LEUART0_IRQHandler
 .text.CRYOTIMER_IRQHandler
                0x0000da3c       0x10 ./src/main.o
                0x0000da3c                CRYOTIMER_IRQHandler
 .text.main     0x0000da4c      0x468 ./src/main.o
                0x0000da4c                main
 .text.MCU_Init
                0x0000deb4       0x44 ./src/main.o
                0x0000deb4                MCU_Init
 .text.goToSleepMode
                0x0000def8       0xc8 ./src/main.o
                0x0000def8                goToSleepMode
 .text.saveDataToEeprom
                0x0000dfc0       0x64 ./src/main.o
                0x0000dfc0                saveDataToEeprom
 .text.getJoinParamFromEeprom
                0x0000e024       0x64 ./src/main.o
                0x0000e024                getJoinParamFromEeprom
 .text.ADC_DataSingleGet
                0x0000e088       0x18 ./system/adc.o
 .text.ADC_Start
                0x0000e0a0       0x1c ./system/adc.o
 .text.AdcInit  0x0000e0bc       0xfc ./system/adc.o
                0x0000e0bc                AdcInit
 .text.AdcReadChannel
                0x0000e1b8       0x2c ./system/adc.o
                0x0000e1b8                AdcReadChannel
 .text.DelayMs  0x0000e1e4       0x14 ./system/delay.o
                0x0000e1e4                DelayMs
 .text.GpioInit
                0x0000e1f8       0x38 ./system/gpio.o
                0x0000e1f8                GpioInit
 .text.GpioSetInterrupt
                0x0000e230       0x38 ./system/gpio.o
                0x0000e230                GpioSetInterrupt
 .text.GpioWrite
                0x0000e268       0x28 ./system/gpio.o
                0x0000e268                GpioWrite
 .text.TimerInit
                0x0000e290       0x34 ./system/timer.o
                0x0000e290                TimerInit
 .text.TimerStart
                0x0000e2c4       0xb4 ./system/timer.o
                0x0000e2c4                TimerStart
 .text.TimerInsertTimer
                0x0000e378       0xd8 ./system/timer.o
 .text.TimerInsertNewHeadTimer
                0x0000e450       0x50 ./system/timer.o
 .text.TimerIrqHandler
                0x0000e4a0       0xb0 ./system/timer.o
                0x0000e4a0                TimerIrqHandler
 .text.TimerStop
                0x0000e550      0x140 ./system/timer.o
                0x0000e550                TimerStop
 .text.TimerExists
                0x0000e690       0x3c ./system/timer.o
 .text.TimerSetValue
                0x0000e6cc       0x24 ./system/timer.o
                0x0000e6cc                TimerSetValue
 .text.TimerGetValue
                0x0000e6f0       0x10 ./system/timer.o
                0x0000e6f0                TimerGetValue
 .text.TimerGetCurrentTime
                0x0000e700       0x10 ./system/timer.o
                0x0000e700                TimerGetCurrentTime
 .text.TimerGetElapsedTime
                0x0000e710       0x18 ./system/timer.o
                0x0000e710                TimerGetElapsedTime
 .text.TimerSetTimeout
                0x0000e728       0x34 ./system/timer.o
 .text.copy_block
                0x0000e75c       0xb4 ./system/crypto/aes.o
 .text.copy_block_nn
                0x0000e810       0x34 ./system/crypto/aes.o
 .text.xor_block
                0x0000e844      0x170 ./system/crypto/aes.o
 .text.copy_and_key
                0x0000e9b4      0x170 ./system/crypto/aes.o
 .text.add_round_key
                0x0000eb24       0x18 ./system/crypto/aes.o
 .text.shift_sub_rows
                0x0000eb3c      0x11c ./system/crypto/aes.o
 .text.mix_sub_columns
                0x0000ec58      0x2d4 ./system/crypto/aes.o
 .text.aes_set_key
                0x0000ef2c      0x19c ./system/crypto/aes.o
                0x0000ef2c                aes_set_key
 .text.aes_encrypt
                0x0000f0c8       0x98 ./system/crypto/aes.o
                0x0000f0c8                aes_encrypt
 .text.AES_CMAC_Init
                0x0000f160       0x30 ./system/crypto/cmac.o
                0x0000f160                AES_CMAC_Init
 .text.AES_CMAC_SetKey
                0x0000f190       0x1c ./system/crypto/cmac.o
                0x0000f190                AES_CMAC_SetKey
 .text.AES_CMAC_Update
                0x0000f1ac      0x170 ./system/crypto/cmac.o
                0x0000f1ac                AES_CMAC_Update
 .text.AES_CMAC_Final
                0x0000f31c      0x2c8 ./system/crypto/cmac.o
                0x0000f31c                AES_CMAC_Final
 *fill*         0x0000f5e4        0x4 
 .text.ceil     0x0000f5e8      0x120 /home/thucnh/Apps/SimplicityStudio_v4/developer/toolchains/gnu_arm/4.8_2013q4/bin/../lib/gcc/arm-none-eabi/4.8.3/../../../../arm-none-eabi/lib/armv7-m/libm.a(lib_a-s_ceil.o)
                0x0000f5e8                ceil
 .text.floor    0x0000f708      0x120 /home/thucnh/Apps/SimplicityStudio_v4/developer/toolchains/gnu_arm/4.8_2013q4/bin/../lib/gcc/arm-none-eabi/4.8.3/../../../../arm-none-eabi/lib/armv7-m/libm.a(lib_a-s_floor.o)
                0x0000f708                floor
 .text.round    0x0000f828       0x9c /home/thucnh/Apps/SimplicityStudio_v4/developer/toolchains/gnu_arm/4.8_2013q4/bin/../lib/gcc/arm-none-eabi/4.8.3/../../../../arm-none-eabi/lib/armv7-m/libm.a(lib_a-s_round.o)
                0x0000f828                round
 .text          0x0000f8c4      0x370 /home/thucnh/Apps/SimplicityStudio_v4/developer/toolchains/gnu_arm/4.8_2013q4/bin/../lib/gcc/arm-none-eabi/4.8.3/armv7-m/libgcc.a(_arm_addsubdf3.o)
                0x0000f8c4                __aeabi_drsub
                0x0000f8cc                __aeabi_dsub
                0x0000f8cc                __subdf3
                0x0000f8d0                __adddf3
                0x0000f8d0                __aeabi_dadd
                0x0000fb48                __aeabi_ui2d
                0x0000fb48                __floatunsidf
                0x0000fb68                __floatsidf
                0x0000fb68                __aeabi_i2d
                0x0000fb8c                __extendsfdf2
                0x0000fb8c                __aeabi_f2d
                0x0000fbc8                __aeabi_ul2d
                0x0000fbc8                __floatundidf
                0x0000fbd8                __floatdidf
                0x0000fbd8                __aeabi_l2d
 .text          0x0000fc34      0x424 /home/thucnh/Apps/SimplicityStudio_v4/developer/toolchains/gnu_arm/4.8_2013q4/bin/../lib/gcc/arm-none-eabi/4.8.3/armv7-m/libgcc.a(_arm_muldivdf3.o)
                0x0000fc34                __aeabi_dmul
                0x0000fc34                __muldf3
                0x0000fe88                __aeabi_ddiv
                0x0000fe88                __divdf3
 .text          0x00010058      0x110 /home/thucnh/Apps/SimplicityStudio_v4/developer/toolchains/gnu_arm/4.8_2013q4/bin/../lib/gcc/arm-none-eabi/4.8.3/armv7-m/libgcc.a(_arm_cmpdf2.o)
                0x00010058                __gtdf2
                0x00010058                __gedf2
                0x00010060                __ltdf2
                0x00010060                __ledf2
                0x00010068                __cmpdf2
                0x00010068                __eqdf2
                0x00010068                __nedf2
                0x000100e4                __aeabi_cdrcmple
                0x000100f4                __aeabi_cdcmple
                0x000100f4                __aeabi_cdcmpeq
                0x00010104                __aeabi_dcmpeq
                0x00010118                __aeabi_dcmplt
                0x0001012c                __aeabi_dcmple
                0x00010140                __aeabi_dcmpge
                0x00010154                __aeabi_dcmpgt
 .text          0x00010168       0x50 /home/thucnh/Apps/SimplicityStudio_v4/developer/toolchains/gnu_arm/4.8_2013q4/bin/../lib/gcc/arm-none-eabi/4.8.3/armv7-m/libgcc.a(_arm_fixdfsi.o)
                0x00010168                __fixdfsi
                0x00010168                __aeabi_d2iz
 .text          0x000101b8       0x40 /home/thucnh/Apps/SimplicityStudio_v4/developer/toolchains/gnu_arm/4.8_2013q4/bin/../lib/gcc/arm-none-eabi/4.8.3/armv7-m/libgcc.a(_arm_fixunsdfsi.o)
                0x000101b8                __fixunsdfsi
                0x000101b8                __aeabi_d2uiz
 .text          0x000101f8       0xa0 /home/thucnh/Apps/SimplicityStudio_v4/developer/toolchains/gnu_arm/4.8_2013q4/bin/../lib/gcc/arm-none-eabi/4.8.3/armv7-m/libgcc.a(_arm_truncdfsf2.o)
                0x000101f8                __aeabi_d2f
                0x000101f8                __truncdfsf2
 .text          0x00010298      0x21c /home/thucnh/Apps/SimplicityStudio_v4/developer/toolchains/gnu_arm/4.8_2013q4/bin/../lib/gcc/arm-none-eabi/4.8.3/armv7-m/libgcc.a(_arm_addsubsf3.o)
                0x00010298                __aeabi_frsub
                0x000102a0                __subsf3
                0x000102a0                __aeabi_fsub
                0x000102a4                __aeabi_fadd
                0x000102a4                __addsf3
                0x00010404                __aeabi_ui2f
                0x00010404                __floatunsisf
                0x0001040c                __aeabi_i2f
                0x0001040c                __floatsisf
                0x00010428                __floatundisf
                0x00010428                __aeabi_ul2f
                0x00010438                __floatdisf
                0x00010438                __aeabi_l2f
 .text          0x000104b4      0x2a0 /home/thucnh/Apps/SimplicityStudio_v4/developer/toolchains/gnu_arm/4.8_2013q4/bin/../lib/gcc/arm-none-eabi/4.8.3/armv7-m/libgcc.a(_arm_muldivsf3.o)
                0x000104b4                __mulsf3
                0x000104b4                __aeabi_fmul
                0x0001061c                __divsf3
                0x0001061c                __aeabi_fdiv
 .text          0x00010754       0xec /home/thucnh/Apps/SimplicityStudio_v4/developer/toolchains/gnu_arm/4.8_2013q4/bin/../lib/gcc/arm-none-eabi/4.8.3/armv7-m/libgcc.a(_arm_cmpsf2.o)
                0x00010754                __gtsf2
                0x00010754                __gesf2
                0x0001075c                __lesf2
                0x0001075c                __ltsf2
                0x00010764                __nesf2
                0x00010764                __eqsf2
                0x00010764                __cmpsf2
                0x000107c4                __aeabi_cfrcmple
                0x000107cc                __aeabi_cfcmple
                0x000107cc                __aeabi_cfcmpeq
                0x000107dc                __aeabi_fcmpeq
                0x000107f0                __aeabi_fcmplt
                0x00010804                __aeabi_fcmple
                0x00010818                __aeabi_fcmpge
                0x0001082c                __aeabi_fcmpgt
 .text          0x00010840       0x4c /home/thucnh/Apps/SimplicityStudio_v4/developer/toolchains/gnu_arm/4.8_2013q4/bin/../lib/gcc/arm-none-eabi/4.8.3/armv7-m/libgcc.a(_arm_fixsfsi.o)
                0x00010840                __fixsfsi
                0x00010840                __aeabi_f2iz
 .text          0x0001088c       0x2c /home/thucnh/Apps/SimplicityStudio_v4/developer/toolchains/gnu_arm/4.8_2013q4/bin/../lib/gcc/arm-none-eabi/4.8.3/armv7-m/libgcc.a(_aeabi_uldivmod.o)
                0x0001088c                __aeabi_uldivmod
 .text          0x000108b8       0x60 /home/thucnh/Apps/SimplicityStudio_v4/developer/toolchains/gnu_arm/4.8_2013q4/bin/../lib/gcc/arm-none-eabi/4.8.3/armv7-m/libgcc.a(bpabi.o)
                0x000108b8                __gnu_ldivmod_helper
                0x000108e8                __gnu_uldivmod_helper
 .text          0x00010918        0x4 /home/thucnh/Apps/SimplicityStudio_v4/developer/toolchains/gnu_arm/4.8_2013q4/bin/../lib/gcc/arm-none-eabi/4.8.3/armv7-m/libgcc.a(_dvmd_tls.o)
                0x00010918                __aeabi_ldiv0
                0x00010918                __aeabi_idiv0
 .text          0x0001091c      0x2a0 /home/thucnh/Apps/SimplicityStudio_v4/developer/toolchains/gnu_arm/4.8_2013q4/bin/../lib/gcc/arm-none-eabi/4.8.3/armv7-m/libgcc.a(_divdi3.o)
                0x0001091c                __divdi3
 .text          0x00010bbc      0x290 /home/thucnh/Apps/SimplicityStudio_v4/developer/toolchains/gnu_arm/4.8_2013q4/bin/../lib/gcc/arm-none-eabi/4.8.3/armv7-m/libgcc.a(_udivdi3.o)
                0x00010bbc                __udivdi3
 .text.abs      0x00010e4c        0x8 /home/thucnh/Apps/SimplicityStudio_v4/developer/toolchains/gnu_arm/4.8_2013q4/bin/../lib/gcc/arm-none-eabi/4.8.3/../../../../arm-none-eabi/lib/armv7-m/libc_s.a(lib_a-abs.o)
                0x00010e4c                abs
 .text.atof     0x00010e54        0x6 /home/thucnh/Apps/SimplicityStudio_v4/developer/toolchains/gnu_arm/4.8_2013q4/bin/../lib/gcc/arm-none-eabi/4.8.3/../../../../arm-none-eabi/lib/armv7-m/libc_s.a(lib_a-atof.o)
                0x00010e54                atof
 *fill*         0x00010e5a        0x2 
 .text.exit     0x00010e5c       0x28 /home/thucnh/Apps/SimplicityStudio_v4/developer/toolchains/gnu_arm/4.8_2013q4/bin/../lib/gcc/arm-none-eabi/4.8.3/../../../../arm-none-eabi/lib/armv7-m/libc_s.a(lib_a-exit.o)
                0x00010e5c                exit
 .text.__libc_init_array
                0x00010e84       0x4c /home/thucnh/Apps/SimplicityStudio_v4/developer/toolchains/gnu_arm/4.8_2013q4/bin/../lib/gcc/arm-none-eabi/4.8.3/../../../../arm-none-eabi/lib/armv7-m/libc_s.a(lib_a-init.o)
                0x00010e84                __libc_init_array
 .text.memcpy   0x00010ed0       0x12 /home/thucnh/Apps/SimplicityStudio_v4/developer/toolchains/gnu_arm/4.8_2013q4/bin/../lib/gcc/arm-none-eabi/4.8.3/../../../../arm-none-eabi/lib/armv7-m/libc_s.a(lib_a-memcpy-stub.o)
                0x00010ed0                memcpy
 .text.memset   0x00010ee2       0x10 /home/thucnh/Apps/SimplicityStudio_v4/developer/toolchains/gnu_arm/4.8_2013q4/bin/../lib/gcc/arm-none-eabi/4.8.3/../../../../arm-none-eabi/lib/armv7-m/libc_s.a(lib_a-memset.o)
                0x00010ee2                memset
 *fill*         0x00010ef2        0x2 
 .text.srand    0x00010ef4       0x54 /home/thucnh/Apps/SimplicityStudio_v4/developer/toolchains/gnu_arm/4.8_2013q4/bin/../lib/gcc/arm-none-eabi/4.8.3/../../../../arm-none-eabi/lib/armv7-m/libc_s.a(lib_a-rand.o)
                0x00010ef4                srand
 .text.sprintf  0x00010f48       0x48 /home/thucnh/Apps/SimplicityStudio_v4/developer/toolchains/gnu_arm/4.8_2013q4/bin/../lib/gcc/arm-none-eabi/4.8.3/../../../../arm-none-eabi/lib/armv7-m/libc_s.a(lib_a-sprintf.o)
                0x00010f48                sprintf
                0x00010f48                siprintf
 .text          0x00010f90       0x14 /home/thucnh/Apps/SimplicityStudio_v4/developer/toolchains/gnu_arm/4.8_2013q4/bin/../lib/gcc/arm-none-eabi/4.8.3/../../../../arm-none-eabi/lib/armv7-m/libc_s.a(lib_a-strcmp.o)
                0x00010f90                strcmp
 .text.strlen   0x00010fa4       0x10 /home/thucnh/Apps/SimplicityStudio_v4/developer/toolchains/gnu_arm/4.8_2013q4/bin/../lib/gcc/arm-none-eabi/4.8.3/../../../../arm-none-eabi/lib/armv7-m/libc_s.a(lib_a-strlen.o)
                0x00010fa4                strlen
 .text.strncpy  0x00010fb4       0x24 /home/thucnh/Apps/SimplicityStudio_v4/developer/toolchains/gnu_arm/4.8_2013q4/bin/../lib/gcc/arm-none-eabi/4.8.3/../../../../arm-none-eabi/lib/armv7-m/libc_s.a(lib_a-strncpy.o)
                0x00010fb4                strncpy
 .text.match    0x00010fd8       0x2a /home/thucnh/Apps/SimplicityStudio_v4/developer/toolchains/gnu_arm/4.8_2013q4/bin/../lib/gcc/arm-none-eabi/4.8.3/../../../../arm-none-eabi/lib/armv7-m/libc_s.a(lib_a-strtod.o)
 .text.sulp     0x00011002       0x3e /home/thucnh/Apps/SimplicityStudio_v4/developer/toolchains/gnu_arm/4.8_2013q4/bin/../lib/gcc/arm-none-eabi/4.8.3/../../../../arm-none-eabi/lib/armv7-m/libc_s.a(lib_a-strtod.o)
 .text._strtod_r
                0x00011040      0xc38 /home/thucnh/Apps/SimplicityStudio_v4/developer/toolchains/gnu_arm/4.8_2013q4/bin/../lib/gcc/arm-none-eabi/4.8.3/../../../../arm-none-eabi/lib/armv7-m/libc_s.a(lib_a-strtod.o)
                0x00011040                _strtod_r
 .text.strtod   0x00011c78       0x14 /home/thucnh/Apps/SimplicityStudio_v4/developer/toolchains/gnu_arm/4.8_2013q4/bin/../lib/gcc/arm-none-eabi/4.8.3/../../../../arm-none-eabi/lib/armv7-m/libc_s.a(lib_a-strtod.o)
                0x00011c78                strtod
 .text.__ssputs_r
                0x00011c8c       0xb8 /home/thucnh/Apps/SimplicityStudio_v4/developer/toolchains/gnu_arm/4.8_2013q4/bin/../lib/gcc/arm-none-eabi/4.8.3/../../../../arm-none-eabi/lib/armv7-m/libc_s.a(lib_a-svfprintf.o)
                0x00011c8c                __ssputs_r
 .text._svfprintf_r
                0x00011d44      0x1d8 /home/thucnh/Apps/SimplicityStudio_v4/developer/toolchains/gnu_arm/4.8_2013q4/bin/../lib/gcc/arm-none-eabi/4.8.3/../../../../arm-none-eabi/lib/armv7-m/libc_s.a(lib_a-svfprintf.o)
                0x00011d44                _svfprintf_r
                0x00011d44                _svfiprintf_r
 .text.time     0x00011f1c       0x28 /home/thucnh/Apps/SimplicityStudio_v4/developer/toolchains/gnu_arm/4.8_2013q4/bin/../lib/gcc/arm-none-eabi/4.8.3/../../../../arm-none-eabi/lib/armv7-m/libc_s.a(lib_a-time.o)
                0x00011f1c                time
 .text._printf_common
                0x00011f44       0xe4 /home/thucnh/Apps/SimplicityStudio_v4/developer/toolchains/gnu_arm/4.8_2013q4/bin/../lib/gcc/arm-none-eabi/4.8.3/../../../../arm-none-eabi/lib/armv7-m/libc_s.a(lib_a-vfprintf_i.o)
                0x00011f44                _printf_common
 .text._printf_i
                0x00012028      0x228 /home/thucnh/Apps/SimplicityStudio_v4/developer/toolchains/gnu_arm/4.8_2013q4/bin/../lib/gcc/arm-none-eabi/4.8.3/../../../../arm-none-eabi/lib/armv7-m/libc_s.a(lib_a-vfprintf_i.o)
                0x00012028                _printf_i
 .text.rshift   0x00012250       0x6a /home/thucnh/Apps/SimplicityStudio_v4/developer/toolchains/gnu_arm/4.8_2013q4/bin/../lib/gcc/arm-none-eabi/4.8.3/../../../../arm-none-eabi/lib/armv7-m/libc_s.a(lib_a-gdtoa-gethex.o)
 .text.__hexdig_fun
                0x000122ba       0x30 /home/thucnh/Apps/SimplicityStudio_v4/developer/toolchains/gnu_arm/4.8_2013q4/bin/../lib/gcc/arm-none-eabi/4.8.3/../../../../arm-none-eabi/lib/armv7-m/libc_s.a(lib_a-gdtoa-gethex.o)
                0x000122ba                __hexdig_fun
 .text.__gethex
                0x000122ea      0x45e /home/thucnh/Apps/SimplicityStudio_v4/developer/toolchains/gnu_arm/4.8_2013q4/bin/../lib/gcc/arm-none-eabi/4.8.3/../../../../arm-none-eabi/lib/armv7-m/libc_s.a(lib_a-gdtoa-gethex.o)
                0x000122ea                __gethex
 .text.L_shift  0x00012748       0x26 /home/thucnh/Apps/SimplicityStudio_v4/developer/toolchains/gnu_arm/4.8_2013q4/bin/../lib/gcc/arm-none-eabi/4.8.3/../../../../arm-none-eabi/lib/armv7-m/libc_s.a(lib_a-gdtoa-hexnan.o)
 .text.__hexnan
                0x0001276e      0x120 /home/thucnh/Apps/SimplicityStudio_v4/developer/toolchains/gnu_arm/4.8_2013q4/bin/../lib/gcc/arm-none-eabi/4.8.3/../../../../arm-none-eabi/lib/armv7-m/libc_s.a(lib_a-gdtoa-hexnan.o)
                0x0001276e                __hexnan
 *fill*         0x0001288e        0x2 
 .text._gettimeofday_r
                0x00012890       0x24 /home/thucnh/Apps/SimplicityStudio_v4/developer/toolchains/gnu_arm/4.8_2013q4/bin/../lib/gcc/arm-none-eabi/4.8.3/../../../../arm-none-eabi/lib/armv7-m/libc_s.a(lib_a-gettimeofdayr.o)
                0x00012890                _gettimeofday_r
 .text._localeconv_r
                0x000128b4        0x8 /home/thucnh/Apps/SimplicityStudio_v4/developer/toolchains/gnu_arm/4.8_2013q4/bin/../lib/gcc/arm-none-eabi/4.8.3/../../../../arm-none-eabi/lib/armv7-m/libc_s.a(lib_a-locale.o)
                0x000128b4                _localeconv_r
 .text.malloc   0x000128bc       0x10 /home/thucnh/Apps/SimplicityStudio_v4/developer/toolchains/gnu_arm/4.8_2013q4/bin/../lib/gcc/arm-none-eabi/4.8.3/../../../../arm-none-eabi/lib/armv7-m/libc_s.a(lib_a-malloc.o)
                0x000128bc                malloc
 .text.memchr   0x000128cc       0x1c /home/thucnh/Apps/SimplicityStudio_v4/developer/toolchains/gnu_arm/4.8_2013q4/bin/../lib/gcc/arm-none-eabi/4.8.3/../../../../arm-none-eabi/lib/armv7-m/libc_s.a(lib_a-memchr-stub.o)
                0x000128cc                memchr
 .text.memmove  0x000128e8       0x36 /home/thucnh/Apps/SimplicityStudio_v4/developer/toolchains/gnu_arm/4.8_2013q4/bin/../lib/gcc/arm-none-eabi/4.8.3/../../../../arm-none-eabi/lib/armv7-m/libc_s.a(lib_a-memmove.o)
                0x000128e8                memmove
 .text._Balloc  0x0001291e       0x6a /home/thucnh/Apps/SimplicityStudio_v4/developer/toolchains/gnu_arm/4.8_2013q4/bin/../lib/gcc/arm-none-eabi/4.8.3/../../../../arm-none-eabi/lib/armv7-m/libc_s.a(lib_a-mprec.o)
                0x0001291e                _Balloc
 .text._Bfree   0x00012988       0x2e /home/thucnh/Apps/SimplicityStudio_v4/developer/toolchains/gnu_arm/4.8_2013q4/bin/../lib/gcc/arm-none-eabi/4.8.3/../../../../arm-none-eabi/lib/armv7-m/libc_s.a(lib_a-mprec.o)
                0x00012988                _Bfree
 .text.__multadd
                0x000129b6       0x74 /home/thucnh/Apps/SimplicityStudio_v4/developer/toolchains/gnu_arm/4.8_2013q4/bin/../lib/gcc/arm-none-eabi/4.8.3/../../../../arm-none-eabi/lib/armv7-m/libc_s.a(lib_a-mprec.o)
                0x000129b6                __multadd
 .text.__s2b    0x00012a2a       0x84 /home/thucnh/Apps/SimplicityStudio_v4/developer/toolchains/gnu_arm/4.8_2013q4/bin/../lib/gcc/arm-none-eabi/4.8.3/../../../../arm-none-eabi/lib/armv7-m/libc_s.a(lib_a-mprec.o)
                0x00012a2a                __s2b
 .text.__hi0bits
                0x00012aae       0x40 /home/thucnh/Apps/SimplicityStudio_v4/developer/toolchains/gnu_arm/4.8_2013q4/bin/../lib/gcc/arm-none-eabi/4.8.3/../../../../arm-none-eabi/lib/armv7-m/libc_s.a(lib_a-mprec.o)
                0x00012aae                __hi0bits
 .text.__lo0bits
                0x00012aee       0x5a /home/thucnh/Apps/SimplicityStudio_v4/developer/toolchains/gnu_arm/4.8_2013q4/bin/../lib/gcc/arm-none-eabi/4.8.3/../../../../arm-none-eabi/lib/armv7-m/libc_s.a(lib_a-mprec.o)
                0x00012aee                __lo0bits
 .text.__i2b    0x00012b48       0x12 /home/thucnh/Apps/SimplicityStudio_v4/developer/toolchains/gnu_arm/4.8_2013q4/bin/../lib/gcc/arm-none-eabi/4.8.3/../../../../arm-none-eabi/lib/armv7-m/libc_s.a(lib_a-mprec.o)
                0x00012b48                __i2b
 .text.__multiply
                0x00012b5a      0x130 /home/thucnh/Apps/SimplicityStudio_v4/developer/toolchains/gnu_arm/4.8_2013q4/bin/../lib/gcc/arm-none-eabi/4.8.3/../../../../arm-none-eabi/lib/armv7-m/libc_s.a(lib_a-mprec.o)
                0x00012b5a                __multiply
 *fill*         0x00012c8a        0x2 
 .text.__pow5mult
                0x00012c8c       0x9c /home/thucnh/Apps/SimplicityStudio_v4/developer/toolchains/gnu_arm/4.8_2013q4/bin/../lib/gcc/arm-none-eabi/4.8.3/../../../../arm-none-eabi/lib/armv7-m/libc_s.a(lib_a-mprec.o)
                0x00012c8c                __pow5mult
 .text.__lshift
                0x00012d28       0xa6 /home/thucnh/Apps/SimplicityStudio_v4/developer/toolchains/gnu_arm/4.8_2013q4/bin/../lib/gcc/arm-none-eabi/4.8.3/../../../../arm-none-eabi/lib/armv7-m/libc_s.a(lib_a-mprec.o)
                0x00012d28                __lshift
 .text.__mcmp   0x00012dce       0x3a /home/thucnh/Apps/SimplicityStudio_v4/developer/toolchains/gnu_arm/4.8_2013q4/bin/../lib/gcc/arm-none-eabi/4.8.3/../../../../arm-none-eabi/lib/armv7-m/libc_s.a(lib_a-mprec.o)
                0x00012dce                __mcmp
 .text.__mdiff  0x00012e08       0xbe /home/thucnh/Apps/SimplicityStudio_v4/developer/toolchains/gnu_arm/4.8_2013q4/bin/../lib/gcc/arm-none-eabi/4.8.3/../../../../arm-none-eabi/lib/armv7-m/libc_s.a(lib_a-mprec.o)
                0x00012e08                __mdiff
 *fill*         0x00012ec6        0x2 
 .text.__ulp    0x00012ec8       0x44 /home/thucnh/Apps/SimplicityStudio_v4/developer/toolchains/gnu_arm/4.8_2013q4/bin/../lib/gcc/arm-none-eabi/4.8.3/../../../../arm-none-eabi/lib/armv7-m/libc_s.a(lib_a-mprec.o)
                0x00012ec8                __ulp
 .text.__b2d    0x00012f0c       0xa6 /home/thucnh/Apps/SimplicityStudio_v4/developer/toolchains/gnu_arm/4.8_2013q4/bin/../lib/gcc/arm-none-eabi/4.8.3/../../../../arm-none-eabi/lib/armv7-m/libc_s.a(lib_a-mprec.o)
                0x00012f0c                __b2d
 .text.__d2b    0x00012fb2       0xa4 /home/thucnh/Apps/SimplicityStudio_v4/developer/toolchains/gnu_arm/4.8_2013q4/bin/../lib/gcc/arm-none-eabi/4.8.3/../../../../arm-none-eabi/lib/armv7-m/libc_s.a(lib_a-mprec.o)
                0x00012fb2                __d2b
 .text.__ratio  0x00013056       0x4a /home/thucnh/Apps/SimplicityStudio_v4/developer/toolchains/gnu_arm/4.8_2013q4/bin/../lib/gcc/arm-none-eabi/4.8.3/../../../../arm-none-eabi/lib/armv7-m/libc_s.a(lib_a-mprec.o)
                0x00013056                __ratio
 .text.__copybits
                0x000130a0       0x32 /home/thucnh/Apps/SimplicityStudio_v4/developer/toolchains/gnu_arm/4.8_2013q4/bin/../lib/gcc/arm-none-eabi/4.8.3/../../../../arm-none-eabi/lib/armv7-m/libc_s.a(lib_a-mprec.o)
                0x000130a0                __copybits
 .text.__any_on
                0x000130d2       0x48 /home/thucnh/Apps/SimplicityStudio_v4/developer/toolchains/gnu_arm/4.8_2013q4/bin/../lib/gcc/arm-none-eabi/4.8.3/../../../../arm-none-eabi/lib/armv7-m/libc_s.a(lib_a-mprec.o)
                0x000130d2                __any_on
 .text._calloc_r
                0x0001311a       0x1c /home/thucnh/Apps/SimplicityStudio_v4/developer/toolchains/gnu_arm/4.8_2013q4/bin/../lib/gcc/arm-none-eabi/4.8.3/../../../../arm-none-eabi/lib/armv7-m/libc_s.a(lib_a-nano-callocr.o)
                0x0001311a                _calloc_r
 *fill*         0x00013136        0x2 
 .text._free_r  0x00013138       0x88 /home/thucnh/Apps/SimplicityStudio_v4/developer/toolchains/gnu_arm/4.8_2013q4/bin/../lib/gcc/arm-none-eabi/4.8.3/../../../../arm-none-eabi/lib/armv7-m/libc_s.a(lib_a-nano-freer.o)
                0x00013138                _free_r
 .text._malloc_r
                0x000131c0       0xa8 /home/thucnh/Apps/SimplicityStudio_v4/developer/toolchains/gnu_arm/4.8_2013q4/bin/../lib/gcc/arm-none-eabi/4.8.3/../../../../arm-none-eabi/lib/armv7-m/libc_s.a(lib_a-nano-mallocr.o)
                0x000131c0                _malloc_r
 .text._realloc_r
                0x00013268       0x4c /home/thucnh/Apps/SimplicityStudio_v4/developer/toolchains/gnu_arm/4.8_2013q4/bin/../lib/gcc/arm-none-eabi/4.8.3/../../../../arm-none-eabi/lib/armv7-m/libc_s.a(lib_a-nano-reallocr.o)
                0x00013268                _realloc_r
 .text._sbrk_r  0x000132b4       0x20 /home/thucnh/Apps/SimplicityStudio_v4/developer/toolchains/gnu_arm/4.8_2013q4/bin/../lib/gcc/arm-none-eabi/4.8.3/../../../../arm-none-eabi/lib/armv7-m/libc_s.a(lib_a-sbrkr.o)
                0x000132b4                _sbrk_r
 .text.strncmp  0x000132d4       0x2c /home/thucnh/Apps/SimplicityStudio_v4/developer/toolchains/gnu_arm/4.8_2013q4/bin/../lib/gcc/arm-none-eabi/4.8.3/../../../../arm-none-eabi/lib/armv7-m/libc_s.a(lib_a-strncmp.o)
                0x000132d4                strncmp
 .text._malloc_usable_size_r
                0x00013300       0x12 /home/thucnh/Apps/SimplicityStudio_v4/developer/toolchains/gnu_arm/4.8_2013q4/bin/../lib/gcc/arm-none-eabi/4.8.3/../../../../arm-none-eabi/lib/armv7-m/libc_s.a(lib_a-nano-msizer.o)
                0x00013300                _malloc_usable_size_r
 *fill*         0x00013312        0x2 
 .text._gettimeofday
                0x00013314       0x10 /home/thucnh/Apps/SimplicityStudio_v4/developer/toolchains/gnu_arm/4.8_2013q4/bin/../lib/gcc/arm-none-eabi/4.8.3/../../../../arm-none-eabi/lib/armv7-m/libnosys.a(gettod.o)
                0x00013314                _gettimeofday
 .text._sbrk    0x00013324       0x34 /home/thucnh/Apps/SimplicityStudio_v4/developer/toolchains/gnu_arm/4.8_2013q4/bin/../lib/gcc/arm-none-eabi/4.8.3/../../../../arm-none-eabi/lib/armv7-m/libnosys.a(sbrk.o)
                0x00013324                _sbrk
 .text._exit    0x00013358        0x4 /home/thucnh/Apps/SimplicityStudio_v4/developer/toolchains/gnu_arm/4.8_2013q4/bin/../lib/gcc/arm-none-eabi/4.8.3/../../../../arm-none-eabi/lib/armv7-m/libnosys.a(_exit.o)
                0x00013358                _exit
 *(.init)
 .init          0x0001335c        0x4 /home/thucnh/Apps/SimplicityStudio_v4/developer/toolchains/gnu_arm/4.8_2013q4/bin/../lib/gcc/arm-none-eabi/4.8.3/armv7-m/crti.o
                0x0001335c                _init
 .init          0x00013360        0x8 /home/thucnh/Apps/SimplicityStudio_v4/developer/toolchains/gnu_arm/4.8_2013q4/bin/../lib/gcc/arm-none-eabi/4.8.3/armv7-m/crtn.o
 *(.fini)
 .fini          0x00013368        0x4 /home/thucnh/Apps/SimplicityStudio_v4/developer/toolchains/gnu_arm/4.8_2013q4/bin/../lib/gcc/arm-none-eabi/4.8.3/armv7-m/crti.o
                0x00013368                _fini
 .fini          0x0001336c        0x8 /home/thucnh/Apps/SimplicityStudio_v4/developer/toolchains/gnu_arm/4.8_2013q4/bin/../lib/gcc/arm-none-eabi/4.8.3/armv7-m/crtn.o
 *crtbegin.o(.ctors)
 *crtbegin?.o(.ctors)
 *(EXCLUDE_FILE(*crtend.o *crtend?.o) .ctors)
 *(SORT(.ctors.*))
 *(.ctors)
 *crtbegin.o(.dtors)
 *crtbegin?.o(.dtors)
 *(EXCLUDE_FILE(*crtend.o *crtend?.o) .dtors)
 *(SORT(.dtors.*))
 *(.dtors)
 *(.rodata*)
 .rodata        0x00013374       0x10 ./boards/i2c-MMA8652.o
 .rodata        0x00013384        0x8 ./boards/rtc-board.o
 .rodata        0x0001338c       0x18 ./boards/spi-board.o
 .rodata.Radio  0x000133a4       0x5c ./boards/sx1276-board.o
                0x000133a4                Radio
 .rodata.i2cNSum
                0x00013400        0x4 ./emlib/em_i2c.o
 .rodata.LoRaMacMaxEirpTable
                0x00013404       0x10 ./mac/LoRaMac.o
 .rodata.DataratesEU868
                0x00013414        0x8 ./mac/region/RegionEU868.o
 .rodata.BandwidthsEU868
                0x0001341c       0x20 ./mac/region/RegionEU868.o
 .rodata.MaxPayloadOfDatarateEU868
                0x0001343c        0x8 ./mac/region/RegionEU868.o
 .rodata.MaxPayloadOfDatarateRepeaterEU868
                0x00013444        0x8 ./mac/region/RegionEU868.o
 .rodata        0x0001344c       0x24 ./mac/region/RegionEU868.o
 .rodata.RadioRegsInit
                0x00013470       0x30 ./radio/sx1276.o
                0x00013470                RadioRegsInit
 .rodata.FskBandwidths
                0x000134a0       0xb0 ./radio/sx1276.o
                0x000134a0                FskBandwidths
 .rodata        0x00013550       0x10 ./src/Gps.o
 .rodata        0x00013560       0x3c ./src/MCUInit.o
 .rodata        0x0001359c       0x9c ./src/main.o
 .rodata.sbox   0x00013638      0x100 ./system/crypto/aes.o
 .rodata.gfm2_sbox
                0x00013738      0x100 ./system/crypto/aes.o
 .rodata.gfm3_sbox
                0x00013838      0x100 ./system/crypto/aes.o
 .rodata.str1.1
                0x00013938        0x2 /home/thucnh/Apps/SimplicityStudio_v4/developer/toolchains/gnu_arm/4.8_2013q4/bin/../lib/gcc/arm-none-eabi/4.8.3/../../../../arm-none-eabi/lib/armv7-m/libc_s.a(lib_a-impure.o)
 *fill*         0x0001393a        0x2 
 .rodata._global_impure_ptr
                0x0001393c        0x4 /home/thucnh/Apps/SimplicityStudio_v4/developer/toolchains/gnu_arm/4.8_2013q4/bin/../lib/gcc/arm-none-eabi/4.8.3/../../../../arm-none-eabi/lib/armv7-m/libc_s.a(lib_a-impure.o)
                0x0001393c                _global_impure_ptr
 .rodata.fpinan.5301
                0x00013940       0x14 /home/thucnh/Apps/SimplicityStudio_v4/developer/toolchains/gnu_arm/4.8_2013q4/bin/../lib/gcc/arm-none-eabi/4.8.3/../../../../arm-none-eabi/lib/armv7-m/libc_s.a(lib_a-strtod.o)
 .rodata.str1.1
                0x00013954        0xc /home/thucnh/Apps/SimplicityStudio_v4/developer/toolchains/gnu_arm/4.8_2013q4/bin/../lib/gcc/arm-none-eabi/4.8.3/../../../../arm-none-eabi/lib/armv7-m/libc_s.a(lib_a-strtod.o)
 .rodata.fpi.5265
                0x00013960       0x14 /home/thucnh/Apps/SimplicityStudio_v4/developer/toolchains/gnu_arm/4.8_2013q4/bin/../lib/gcc/arm-none-eabi/4.8.3/../../../../arm-none-eabi/lib/armv7-m/libc_s.a(lib_a-strtod.o)
 *fill*         0x00013974        0x4 
 .rodata.tinytens
                0x00013978       0x28 /home/thucnh/Apps/SimplicityStudio_v4/developer/toolchains/gnu_arm/4.8_2013q4/bin/../lib/gcc/arm-none-eabi/4.8.3/../../../../arm-none-eabi/lib/armv7-m/libc_s.a(lib_a-strtod.o)
 .rodata.str1.1
                0x000139a0       0x11 /home/thucnh/Apps/SimplicityStudio_v4/developer/toolchains/gnu_arm/4.8_2013q4/bin/../lib/gcc/arm-none-eabi/4.8.3/../../../../arm-none-eabi/lib/armv7-m/libc_s.a(lib_a-svfprintf.o)
 .rodata.str1.1
                0x000139b1       0x22 /home/thucnh/Apps/SimplicityStudio_v4/developer/toolchains/gnu_arm/4.8_2013q4/bin/../lib/gcc/arm-none-eabi/4.8.3/../../../../arm-none-eabi/lib/armv7-m/libc_s.a(lib_a-vfprintf_i.o)
 .rodata.str1.1
                0x000139d3        0x8 /home/thucnh/Apps/SimplicityStudio_v4/developer/toolchains/gnu_arm/4.8_2013q4/bin/../lib/gcc/arm-none-eabi/4.8.3/../../../../arm-none-eabi/lib/armv7-m/libc_s.a(lib_a-locale.o)
                                  0xb (size before relaxing)
 *fill*         0x000139db        0x5 
 .rodata.__mprec_tens
                0x000139e0       0xc8 /home/thucnh/Apps/SimplicityStudio_v4/developer/toolchains/gnu_arm/4.8_2013q4/bin/../lib/gcc/arm-none-eabi/4.8.3/../../../../arm-none-eabi/lib/armv7-m/libc_s.a(lib_a-mprec.o)
                0x000139e0                __mprec_tens
 .rodata.p05.5300
                0x00013aa8        0xc /home/thucnh/Apps/SimplicityStudio_v4/developer/toolchains/gnu_arm/4.8_2013q4/bin/../lib/gcc/arm-none-eabi/4.8.3/../../../../arm-none-eabi/lib/armv7-m/libc_s.a(lib_a-mprec.o)
 *fill*         0x00013ab4        0x4 
 .rodata.__mprec_bigtens
                0x00013ab8       0x28 /home/thucnh/Apps/SimplicityStudio_v4/developer/toolchains/gnu_arm/4.8_2013q4/bin/../lib/gcc/arm-none-eabi/4.8.3/../../../../arm-none-eabi/lib/armv7-m/libc_s.a(lib_a-mprec.o)
                0x00013ab8                __mprec_bigtens
 *(.eh_frame*)
 .eh_frame      0x00013ae0        0x0 /home/thucnh/Apps/SimplicityStudio_v4/developer/toolchains/gnu_arm/4.8_2013q4/bin/../lib/gcc/arm-none-eabi/4.8.3/armv7-m/crtbegin.o
 .eh_frame      0x00013ae0        0x4 /home/thucnh/Apps/SimplicityStudio_v4/developer/toolchains/gnu_arm/4.8_2013q4/bin/../lib/gcc/arm-none-eabi/4.8.3/armv7-m/crtend.o

.glue_7         0x00013ae4        0x0
 .glue_7        0x00000000        0x0 linker stubs

.glue_7t        0x00013ae4        0x0
 .glue_7t       0x00000000        0x0 linker stubs

.vfp11_veneer   0x00013ae4        0x0
 .vfp11_veneer  0x00000000        0x0 linker stubs

.v4_bx          0x00013ae4        0x0
 .v4_bx         0x00000000        0x0 linker stubs

.iplt           0x00013ae4        0x0
 .iplt          0x00000000        0x0 /home/thucnh/Apps/SimplicityStudio_v4/developer/toolchains/gnu_arm/4.8_2013q4/bin/../lib/gcc/arm-none-eabi/4.8.3/armv7-m/crtbegin.o

.ARM.extab
 *(.ARM.extab* .gnu.linkonce.armextab.*)
                0x00013ae4                __exidx_start = .

.ARM.exidx      0x00013ae4        0x8
 *(.ARM.exidx* .gnu.linkonce.armexidx.*)
 .ARM.exidx     0x00013ae4        0x8 /home/thucnh/Apps/SimplicityStudio_v4/developer/toolchains/gnu_arm/4.8_2013q4/bin/../lib/gcc/arm-none-eabi/4.8.3/../../../../arm-none-eabi/lib/armv7-m/crt0.o
 .ARM.exidx     0x00013aec        0x0 /home/thucnh/Apps/SimplicityStudio_v4/developer/toolchains/gnu_arm/4.8_2013q4/bin/../lib/gcc/arm-none-eabi/4.8.3/armv7-m/libgcc.a(_divdi3.o)
                                  0x8 (size before relaxing)
 .ARM.exidx     0x00013aec        0x0 /home/thucnh/Apps/SimplicityStudio_v4/developer/toolchains/gnu_arm/4.8_2013q4/bin/../lib/gcc/arm-none-eabi/4.8.3/armv7-m/libgcc.a(_udivdi3.o)
                                  0x8 (size before relaxing)
                0x00013aec                __exidx_end = .
                0x00013aec                __etext = .

.rel.dyn        0x00013aec        0x0
 .rel.iplt      0x00000000        0x0 /home/thucnh/Apps/SimplicityStudio_v4/developer/toolchains/gnu_arm/4.8_2013q4/bin/../lib/gcc/arm-none-eabi/4.8.3/armv7-m/crtbegin.o

.data           0x20000000      0x180 load address 0x00013aec
                0x20000000                __data_start__ = .
 *(vtable)
 *(.data*)
 .data.SystemHFXOClock
                0x20000000        0x4 ./CMSIS/EFM32JG1B/system_efm32jg1b.o
 .data.SystemLFXOClock
                0x20000004        0x4 ./CMSIS/EFM32JG1B/system_efm32jg1b.o
 .data.SystemHfrcoFreq
                0x20000008        0x4 ./CMSIS/EFM32JG1B/system_efm32jg1b.o
                0x20000008                SystemHfrcoFreq
 .data.next     0x2000000c        0x4 ./boards/utilities.o
 .data.auxHfrcoFreq
                0x20000010        0x4 ./emlib/em_cmu.o
 .data.AckTimeoutRetries
                0x20000014        0x1 ./mac/LoRaMac.o
 .data.AckTimeoutRetriesCounter
                0x20000015        0x1 ./mac/LoRaMac.o
 *fill*         0x20000016        0x2 
 .data.MicBlockB0
                0x20000018       0x10 ./mac/LoRaMacCrypto.o
 .data.aBlock   0x20000028       0x10 ./mac/LoRaMacCrypto.o
 .data.Bands    0x20000038       0x50 ./mac/region/RegionEU868.o
 .data.DioIrq   0x20000088       0x18 ./radio/sx1276.o
                0x20000088                DioIrq
 .data.DevEui   0x200000a0        0x8 ./src/main.o
 .data.AppEui   0x200000a8        0x8 ./src/main.o
 .data.AppKey   0x200000b0       0x10 ./src/main.o
 .data.AppPort  0x200000c0        0x1 ./src/main.o
 .data.AppDataSize
                0x200000c1        0x1 ./src/main.o
 *fill*         0x200000c2        0x2 
 .data.AppData  0x200000c4       0x10 ./src/main.o
 .data.NextTx   0x200000d4        0x1 ./src/main.o
 *fill*         0x200000d5        0x3 
 .data.impure_data
                0x200000d8       0x60 /home/thucnh/Apps/SimplicityStudio_v4/developer/toolchains/gnu_arm/4.8_2013q4/bin/../lib/gcc/arm-none-eabi/4.8.3/../../../../arm-none-eabi/lib/armv7-m/libc_s.a(lib_a-impure.o)
 .data._impure_ptr
                0x20000138        0x4 /home/thucnh/Apps/SimplicityStudio_v4/developer/toolchains/gnu_arm/4.8_2013q4/bin/../lib/gcc/arm-none-eabi/4.8.3/../../../../arm-none-eabi/lib/armv7-m/libc_s.a(lib_a-impure.o)
                0x20000138                _impure_ptr
 .data.lconv    0x2000013c       0x38 /home/thucnh/Apps/SimplicityStudio_v4/developer/toolchains/gnu_arm/4.8_2013q4/bin/../lib/gcc/arm-none-eabi/4.8.3/../../../../arm-none-eabi/lib/armv7-m/libc_s.a(lib_a-locale.o)
                0x20000174                . = ALIGN (0x4)
 *(.ram)
                0x20000174                . = ALIGN (0x4)
                0x20000174                PROVIDE (__preinit_array_start, .)
 *(.preinit_array)
                0x20000174                PROVIDE (__preinit_array_end, .)
                0x20000174                . = ALIGN (0x4)
                0x20000174                PROVIDE (__init_array_start, .)
 *(SORT(.init_array.*))
 *(.init_array)
 .init_array    0x20000174        0x4 /home/thucnh/Apps/SimplicityStudio_v4/developer/toolchains/gnu_arm/4.8_2013q4/bin/../lib/gcc/arm-none-eabi/4.8.3/armv7-m/crtbegin.o
                0x20000178                PROVIDE (__init_array_end, .)
                0x20000178                . = ALIGN (0x4)
                0x20000178                PROVIDE (__fini_array_start, .)
 *(SORT(.fini_array.*))
 *(.fini_array)
 .fini_array    0x20000178        0x4 /home/thucnh/Apps/SimplicityStudio_v4/developer/toolchains/gnu_arm/4.8_2013q4/bin/../lib/gcc/arm-none-eabi/4.8.3/armv7-m/crtbegin.o
                0x2000017c                PROVIDE (__fini_array_end, .)
 *(.jcr*)
 .jcr           0x2000017c        0x0 /home/thucnh/Apps/SimplicityStudio_v4/developer/toolchains/gnu_arm/4.8_2013q4/bin/../lib/gcc/arm-none-eabi/4.8.3/armv7-m/crtbegin.o
 .jcr           0x2000017c        0x4 /home/thucnh/Apps/SimplicityStudio_v4/developer/toolchains/gnu_arm/4.8_2013q4/bin/../lib/gcc/arm-none-eabi/4.8.3/armv7-m/crtend.o
                0x20000180                . = ALIGN (0x4)
                0x20000180                __data_end__ = .

.igot.plt       0x20000180        0x0 load address 0x00013c6c
 .igot.plt      0x00000000        0x0 /home/thucnh/Apps/SimplicityStudio_v4/developer/toolchains/gnu_arm/4.8_2013q4/bin/../lib/gcc/arm-none-eabi/4.8.3/armv7-m/crtbegin.o

.bss            0x20000180      0xc0c load address 0x00013c6c
                0x20000180                . = ALIGN (0x4)
                0x20000180                __bss_start__ = .
 *(.bss*)
 .bss           0x20000180       0x1c /home/thucnh/Apps/SimplicityStudio_v4/developer/toolchains/gnu_arm/4.8_2013q4/bin/../lib/gcc/arm-none-eabi/4.8.3/armv7-m/crtbegin.o
 .bss.IrqNestLevel
                0x2000019c        0x1 ./boards/board.o
 *fill*         0x2000019d        0x3 
 .bss.GpioIrq   0x200001a0       0x40 ./boards/gpio-board.o
 .bss.rtcOverflowCounter
                0x200001e0        0x4 ./boards/rtc-board.o
 .bss.rtcOverflowInterval
                0x200001e4        0x4 ./boards/rtc-board.o
 .bss.rtcOverflowIntervalR
                0x200001e8        0x4 ./boards/rtc-board.o
 .bss.tempCompAccumulator
                0x200001ec        0x4 ./boards/rtc-board.o
 .bss.rtcFreq   0x200001f0        0x4 ./boards/rtc-board.o
 .bss.previousTime
                0x200001f4        0x4 ./boards/rtc-board.o
 .bss.NonScheduledWakeUp
                0x200001f8        0x1 ./boards/rtc-board.o
                0x200001f8                NonScheduledWakeUp
 .bss.RtcTimerEventAllowsLowPower
                0x200001f9        0x1 ./boards/rtc-board.o
 .bss.RtcInitalized
                0x200001fa        0x1 ./boards/rtc-board.o
 *fill*         0x200001fb        0x1 
 .bss.McuWakeUpTime
                0x200001fc        0x4 ./boards/rtc-board.o
                0x200001fc                McuWakeUpTime
 .bss.TimeoutValueError
                0x20000200        0x4 ./boards/rtc-board.o
 .bss.RadioIsActive
                0x20000204        0x1 ./boards/sx1276-board.o
 .bss.errataFixDcdcHsState
                0x20000205        0x1 ./emlib/em_emu.o
                0x20000205                errataFixDcdcHsState
 *fill*         0x20000206        0x2 
 .bss.cmuStatus
                0x20000208        0x4 ./emlib/em_emu.o
 .bss.cmuHfclkStatus
                0x2000020c        0x2 ./emlib/em_emu.o
 .bss.dcdcMaxCurrent_mA
                0x2000020e        0x2 ./emlib/em_emu.o
 .bss.dcdcReverseCurrentControl
                0x20000210        0x2 ./emlib/em_emu.o
 *fill*         0x20000212        0x2 
 .bss.emuDcdcMiscCtrlReg.5430
                0x20000214        0x4 ./emlib/em_emu.o
 .bss.i2cTransfer
                0x20000218        0xc ./emlib/em_i2c.o
 .bss.LoRaMacRegion
                0x20000224        0x1 ./mac/LoRaMac.o
 *fill*         0x20000225        0x3 
 .bss.LoRaMacDevEui
                0x20000228        0x4 ./mac/LoRaMac.o
 .bss.LoRaMacAppEui
                0x2000022c        0x4 ./mac/LoRaMac.o
 .bss.LoRaMacAppKey
                0x20000230        0x4 ./mac/LoRaMac.o
 .bss.LoRaMacNwkSKey
                0x20000234       0x10 ./mac/LoRaMac.o
                0x20000234                LoRaMacNwkSKey
 .bss.LoRaMacAppSKey
                0x20000244       0x10 ./mac/LoRaMac.o
                0x20000244                LoRaMacAppSKey
 .bss.MulticastChannels
                0x20000254        0x4 ./mac/LoRaMac.o
 .bss.LoRaMacDeviceClass
                0x20000258        0x1 ./mac/LoRaMac.o
 .bss.PublicNetwork
                0x20000259        0x1 ./mac/LoRaMac.o
 .bss.RepeaterSupport
                0x2000025a        0x1 ./mac/LoRaMac.o
 *fill*         0x2000025b        0x1 
 .bss.LoRaMacBuffer
                0x2000025c      0x100 ./mac/LoRaMac.o
 .bss.LoRaMacBufferPktLen
                0x2000035c        0x2 ./mac/LoRaMac.o
 .bss.LoRaMacTxPayloadLen
                0x2000035e        0x1 ./mac/LoRaMac.o
 *fill*         0x2000035f        0x1 
 .bss.LoRaMacRxPayload
                0x20000360      0x100 ./mac/LoRaMac.o
 .bss.UpLinkCounter
                0x20000460        0x4 ./mac/LoRaMac.o
                0x20000460                UpLinkCounter
 .bss.DownLinkCounter
                0x20000464        0x4 ./mac/LoRaMac.o