Archive member included because of file (symbol)

/home/khiemtt/Downloads/SimplicityStudio_v4/developer/toolchains/gnu_arm/4.8_2013q4/bin/../lib/gcc/arm-none-eabi/4.8.3/armv6-m/libgcc.a(_udivsi3.o)
                              ./emlib/em_leuart.o (__aeabi_uidiv)
/home/khiemtt/Downloads/SimplicityStudio_v4/developer/toolchains/gnu_arm/4.8_2013q4/bin/../lib/gcc/arm-none-eabi/4.8.3/armv6-m/libgcc.a(_dvmd_tls.o)
                              /home/khiemtt/Downloads/SimplicityStudio_v4/developer/toolchains/gnu_arm/4.8_2013q4/bin/../lib/gcc/arm-none-eabi/4.8.3/armv6-m/libgcc.a(_udivsi3.o) (__aeabi_idiv0)
/home/khiemtt/Downloads/SimplicityStudio_v4/developer/toolchains/gnu_arm/4.8_2013q4/bin/../lib/gcc/arm-none-eabi/4.8.3/armv6-m/libgcc.a(_clzsi2.o)
                              ./emlib/em_cmu.o (__clzsi2)
/home/khiemtt/Downloads/SimplicityStudio_v4/developer/toolchains/gnu_arm/4.8_2013q4/bin/../lib/gcc/arm-none-eabi/4.8.3/armv6-m/libgcc.a(_fixunsdfsi.o)
                              ./src/main.o (__aeabi_d2uiz)
/home/khiemtt/Downloads/SimplicityStudio_v4/developer/toolchains/gnu_arm/4.8_2013q4/bin/../lib/gcc/arm-none-eabi/4.8.3/armv6-m/libgcc.a(mulsf3.o)
                              ./src/main.o (__aeabi_fmul)
/home/khiemtt/Downloads/SimplicityStudio_v4/developer/toolchains/gnu_arm/4.8_2013q4/bin/../lib/gcc/arm-none-eabi/4.8.3/armv6-m/libgcc.a(subsf3.o)
                              ./src/main.o (__aeabi_fsub)
/home/khiemtt/Downloads/SimplicityStudio_v4/developer/toolchains/gnu_arm/4.8_2013q4/bin/../lib/gcc/arm-none-eabi/4.8.3/armv6-m/libgcc.a(fixsfsi.o)
                              ./src/main.o (__aeabi_f2iz)
/home/khiemtt/Downloads/SimplicityStudio_v4/developer/toolchains/gnu_arm/4.8_2013q4/bin/../lib/gcc/arm-none-eabi/4.8.3/armv6-m/libgcc.a(floatsisf.o)
                              ./src/main.o (__aeabi_i2f)
/home/khiemtt/Downloads/SimplicityStudio_v4/developer/toolchains/gnu_arm/4.8_2013q4/bin/../lib/gcc/arm-none-eabi/4.8.3/armv6-m/libgcc.a(adddf3.o)
                              ./src/main.o (__aeabi_dadd)
/home/khiemtt/Downloads/SimplicityStudio_v4/developer/toolchains/gnu_arm/4.8_2013q4/bin/../lib/gcc/arm-none-eabi/4.8.3/armv6-m/libgcc.a(divdf3.o)
                              ./src/main.o (__aeabi_ddiv)
/home/khiemtt/Downloads/SimplicityStudio_v4/developer/toolchains/gnu_arm/4.8_2013q4/bin/../lib/gcc/arm-none-eabi/4.8.3/armv6-m/libgcc.a(muldf3.o)
                              ./src/main.o (__aeabi_dmul)
/home/khiemtt/Downloads/SimplicityStudio_v4/developer/toolchains/gnu_arm/4.8_2013q4/bin/../lib/gcc/arm-none-eabi/4.8.3/armv6-m/libgcc.a(subdf3.o)
                              /home/khiemtt/Downloads/SimplicityStudio_v4/developer/toolchains/gnu_arm/4.8_2013q4/bin/../lib/gcc/arm-none-eabi/4.8.3/armv6-m/libgcc.a(_fixunsdfsi.o) (__aeabi_dsub)
/home/khiemtt/Downloads/SimplicityStudio_v4/developer/toolchains/gnu_arm/4.8_2013q4/bin/../lib/gcc/arm-none-eabi/4.8.3/armv6-m/libgcc.a(fixdfsi.o)
                              /home/khiemtt/Downloads/SimplicityStudio_v4/developer/toolchains/gnu_arm/4.8_2013q4/bin/../lib/gcc/arm-none-eabi/4.8.3/armv6-m/libgcc.a(_fixunsdfsi.o) (__aeabi_d2iz)
/home/khiemtt/Downloads/SimplicityStudio_v4/developer/toolchains/gnu_arm/4.8_2013q4/bin/../lib/gcc/arm-none-eabi/4.8.3/armv6-m/libgcc.a(extendsfdf2.o)
                              ./src/main.o (__aeabi_f2d)
/home/khiemtt/Downloads/SimplicityStudio_v4/developer/toolchains/gnu_arm/4.8_2013q4/bin/../lib/gcc/arm-none-eabi/4.8.3/armv6-m/libgcc.a(truncdfsf2.o)
                              ./src/main.o (__aeabi_d2f)
/home/khiemtt/Downloads/SimplicityStudio_v4/developer/toolchains/gnu_arm/4.8_2013q4/bin/../lib/gcc/arm-none-eabi/4.8.3/armv6-m/libgcc.a(_arm_cmpdf2.o)
                              /home/khiemtt/Downloads/SimplicityStudio_v4/developer/toolchains/gnu_arm/4.8_2013q4/bin/../lib/gcc/arm-none-eabi/4.8.3/armv6-m/libgcc.a(_fixunsdfsi.o) (__aeabi_dcmpge)
/home/khiemtt/Downloads/SimplicityStudio_v4/developer/toolchains/gnu_arm/4.8_2013q4/bin/../lib/gcc/arm-none-eabi/4.8.3/armv6-m/libgcc.a(eqdf2.o)
                              /home/khiemtt/Downloads/SimplicityStudio_v4/developer/toolchains/gnu_arm/4.8_2013q4/bin/../lib/gcc/arm-none-eabi/4.8.3/armv6-m/libgcc.a(_arm_cmpdf2.o) (__eqdf2)
/home/khiemtt/Downloads/SimplicityStudio_v4/developer/toolchains/gnu_arm/4.8_2013q4/bin/../lib/gcc/arm-none-eabi/4.8.3/armv6-m/libgcc.a(gedf2.o)
                              /home/khiemtt/Downloads/SimplicityStudio_v4/developer/toolchains/gnu_arm/4.8_2013q4/bin/../lib/gcc/arm-none-eabi/4.8.3/armv6-m/libgcc.a(_arm_cmpdf2.o) (__gedf2)
/home/khiemtt/Downloads/SimplicityStudio_v4/developer/toolchains/gnu_arm/4.8_2013q4/bin/../lib/gcc/arm-none-eabi/4.8.3/armv6-m/libgcc.a(ledf2.o)
                              /home/khiemtt/Downloads/SimplicityStudio_v4/developer/toolchains/gnu_arm/4.8_2013q4/bin/../lib/gcc/arm-none-eabi/4.8.3/armv6-m/libgcc.a(_arm_cmpdf2.o) (__ledf2)
[...]
Memory Configuration

Name             Origin             Length             Attributes
FLASH            0x00000000         0x00008000         xr
RAM              0x20000000         0x00001000         xrw
*default*        0x00000000         0xffffffff

Linker script and memory map

LOAD /home/khiemtt/Downloads/SimplicityStudio_v4/developer/toolchains/gnu_arm/4.8_2013q4/bin/../lib/gcc/arm-none-eabi/4.8.3/armv6-m/crti.o
LOAD /home/khiemtt/Downloads/SimplicityStudio_v4/developer/toolchains/gnu_arm/4.8_2013q4/bin/../lib/gcc/arm-none-eabi/4.8.3/armv6-m/crtbegin.o
LOAD /home/khiemtt/Downloads/SimplicityStudio_v4/developer/toolchains/gnu_arm/4.8_2013q4/bin/../lib/gcc/arm-none-eabi/4.8.3/../../../../arm-none-eabi/lib/armv6-m/crt0.o
LOAD ./CMSIS/EFM32ZG/startup_gcc_efm32zg.o
LOAD ./CMSIS/EFM32ZG/system_efm32zg.o
LOAD ./emlib/em_assert.o
LOAD ./emlib/em_cmu.o
LOAD ./emlib/em_emu.o
LOAD ./emlib/em_gpio.o
LOAD ./emlib/em_leuart.o
LOAD ./emlib/em_system.o
LOAD ./src/InitDevice.o
LOAD ./src/main.o
START GROUP
LOAD /home/khiemtt/Downloads/SimplicityStudio_v4/developer/toolchains/gnu_arm/4.8_2013q4/bin/../lib/gcc/arm-none-eabi/4.8.3/armv6-m/libgcc.a
LOAD /home/khiemtt/Downloads/SimplicityStudio_v4/developer/toolchains/gnu_arm/4.8_2013q4/bin/../lib/gcc/arm-none-eabi/4.8.3/../../../../arm-none-eabi/lib/armv6-m/libc_s.a
LOAD /home/khiemtt/Downloads/SimplicityStudio_v4/developer/toolchains/gnu_arm/4.8_2013q4/bin/../lib/gcc/arm-none-eabi/4.8.3/../../../../arm-none-eabi/lib/armv6-m/libnosys.a
END GROUP
START GROUP
LOAD /home/khiemtt/Downloads/SimplicityStudio_v4/developer/toolchains/gnu_arm/4.8_2013q4/bin/../lib/gcc/arm-none-eabi/4.8.3/armv6-m/libgcc.a
LOAD /home/khiemtt/Downloads/SimplicityStudio_v4/developer/toolchains/gnu_arm/4.8_2013q4/bin/../lib/gcc/arm-none-eabi/4.8.3/../../../../arm-none-eabi/lib/armv6-m/libg_s.a
LOAD /home/khiemtt/Downloads/SimplicityStudio_v4/developer/toolchains/gnu_arm/4.8_2013q4/bin/../lib/gcc/arm-none-eabi/4.8.3/../../../../arm-none-eabi/lib/armv6-m/libc_s.a
END GROUP
START GROUP
LOAD /home/khiemtt/Downloads/SimplicityStudio_v4/developer/toolchains/gnu_arm/4.8_2013q4/bin/../lib/gcc/arm-none-eabi/4.8.3/armv6-m/libgcc.a
LOAD /home/khiemtt/Downloads/SimplicityStudio_v4/developer/toolchains/gnu_arm/4.8_2013q4/bin/../lib/gcc/arm-none-eabi/4.8.3/../../../../arm-none-eabi/lib/armv6-m/libc_s.a
END GROUP
LOAD /home/khiemtt/Downloads/SimplicityStudio_v4/developer/toolchains/gnu_arm/4.8_2013q4/bin/../lib/gcc/arm-none-eabi/4.8.3/armv6-m/crtend.o
LOAD /home/khiemtt/Downloads/SimplicityStudio_v4/developer/toolchains/gnu_arm/4.8_2013q4/bin/../lib/gcc/arm-none-eabi/4.8.3/armv6-m/crtn.o

.text           0x00000000     0x58fc
 *(.vectors)
 .vectors       0x00000000       0x8c ./CMSIS/EFM32ZG/startup_gcc_efm32zg.o
                0x00000000                __Vectors
                0x0000008c                __Vectors_End = .
                0x0000008c                __Vectors_Size = (__Vectors_End - __Vectors)
                0x0000008c                __end__ = .
 *(.text*)
 .text          0x0000008c       0x60 /home/khiemtt/Downloads/SimplicityStudio_v4/developer/toolchains/gnu_arm/4.8_2013q4/bin/../lib/gcc/arm-none-eabi/4.8.3/armv6-m/crtbegin.o
 .text          0x000000ec       0x78 /home/khiemtt/Downloads/SimplicityStudio_v4/developer/toolchains/gnu_arm/4.8_2013q4/bin/../lib/gcc/arm-none-eabi/4.8.3/../../../../arm-none-eabi/lib/armv6-m/crt0.o
                0x000000ec                _mainCRTStartup
                0x000000ec                _start
 .text          0x00000164       0x30 ./CMSIS/EFM32ZG/startup_gcc_efm32zg.o
                0x00000164                Reset_Handler
                0x00000190                I2C0_IRQHandler
                0x00000190                HardFault_Handler
                0x00000190                USART1_RX_IRQHandler
                0x00000190                PendSV_Handler
                0x00000190                NMI_Handler
                0x00000190                USART1_TX_IRQHandler
                0x00000190                MSC_IRQHandler
                0x00000190                ADC0_IRQHandler
                0x00000190                GPIO_EVEN_IRQHandler
                0x00000190                RTC_IRQHandler
                0x00000190                TIMER0_IRQHandler
                0x00000190                TIMER1_IRQHandler
                0x00000190                Default_Handler
                0x00000190                PCNT0_IRQHandler
                0x00000190                ACMP0_IRQHandler
                0x00000190                SVC_Handler
                0x00000190                CMU_IRQHandler
                0x00000190                GPIO_ODD_IRQHandler
                0x00000190                AES_IRQHandler
                0x00000190                VCMP_IRQHandler
                0x00000190                DMA_IRQHandler
 .text.SystemCoreClockGet
                0x00000194       0x3c ./CMSIS/EFM32ZG/system_efm32zg.o
                0x00000194                SystemCoreClockGet
 .text.SystemMaxCoreClockGet
                0x000001d0       0x10 ./CMSIS/EFM32ZG/system_efm32zg.o
                0x000001d0                SystemMaxCoreClockGet
 .text.SystemHFClockGet
                0x000001e0       0xcc ./CMSIS/EFM32ZG/system_efm32zg.o
                0x000001e0                SystemHFClockGet
 .text.SystemInit
                0x000002ac        0x8 ./CMSIS/EFM32ZG/system_efm32zg.o
                0x000002ac                SystemInit
 .text.SystemLFRCOClockGet
                0x000002b4       0x10 ./CMSIS/EFM32ZG/system_efm32zg.o
                0x000002b4                SystemLFRCOClockGet
 .text.SystemULFRCOClockGet
                0x000002c4       0x10 ./CMSIS/EFM32ZG/system_efm32zg.o
                0x000002c4                SystemULFRCOClockGet
 .text.SystemLFXOClockGet
                0x000002d4       0x14 ./CMSIS/EFM32ZG/system_efm32zg.o
                0x000002d4                SystemLFXOClockGet
 .text.BUS_RegBitWrite
                0x000002e8       0x3c ./emlib/em_cmu.o
 .text.BUS_RegBitRead
                0x00000324       0x20 ./emlib/em_cmu.o
 .text.SYSTEM_GetProdRev
                0x00000344       0x18 ./emlib/em_cmu.o
 .text.auxClkGet
                0x0000035c       0xb0 ./emlib/em_cmu.o
 .text.dbgClkGet
                0x0000040c       0x48 ./emlib/em_cmu.o
 .text.flashWaitStateControl
                0x00000454       0x7c ./emlib/em_cmu.o
 .text.flashWaitStateMax
                0x000004d0       0x18 ./emlib/em_cmu.o
 .text.CMU_UpdateWaitStates
                0x000004e8       0x1c ./emlib/em_cmu.o
                0x000004e8                CMU_UpdateWaitStates
 .text.lfClkGet
                0x00000504       0xe0 ./emlib/em_cmu.o
 .text.syncReg  0x000005e4       0x2c ./emlib/em_cmu.o
 .text.CMU_ClockEnable
                0x00000610       0xa4 ./emlib/em_cmu.o
                0x00000610                CMU_ClockEnable
 .text.CMU_ClockFreqGet
                0x000006b4      0x138 ./emlib/em_cmu.o
                0x000006b4                CMU_ClockFreqGet
 .text.CMU_ClockSelectGet
                0x000007ec      0x140 ./emlib/em_cmu.o
                0x000007ec                CMU_ClockSelectGet
 .text.CMU_ClockSelectSet
                0x0000092c      0x168 ./emlib/em_cmu.o
                0x0000092c                CMU_ClockSelectSet
 .text.CMU_OscillatorEnable
                0x00000a94       0xb8 ./emlib/em_cmu.o
                0x00000a94                CMU_OscillatorEnable
 .text.LEUART_Sync
                0x00000b4c       0x28 ./emlib/em_leuart.o
 .text.LEUART_BaudrateSet
                0x00000b74       0x74 ./emlib/em_leuart.o
                0x00000b74                LEUART_BaudrateSet
 .text.LEUART_Enable
                0x00000be8       0x44 ./emlib/em_leuart.o
                0x00000be8                LEUART_Enable
 .text.LEUART_FreezeEnable
                0x00000c2c       0x34 ./emlib/em_leuart.o
                0x00000c2c                LEUART_FreezeEnable
 .text.LEUART_Init
                0x00000c60       0x74 ./emlib/em_leuart.o
                0x00000c60                LEUART_Init
 .text.LEUART_Rx
                0x00000cd4       0x24 ./emlib/em_leuart.o
                0x00000cd4                LEUART_Rx
 .text.LEUART_Tx
                0x00000cf8       0x34 ./emlib/em_leuart.o
                0x00000cf8                LEUART_Tx
 .text.LEUART_TxDmaInEM2Enable
                0x00000d2c       0x48 ./emlib/em_leuart.o
                0x00000d2c                LEUART_TxDmaInEM2Enable
 .text.LEUART_RxDmaInEM2Enable
                0x00000d74       0x48 ./emlib/em_leuart.o
                0x00000d74                LEUART_RxDmaInEM2Enable
 .text.NVIC_EnableIRQ
                0x00000dbc       0x2c ./src/InitDevice.o
 .text.NVIC_ClearPendingIRQ
                0x00000de8       0x2c ./src/InitDevice.o
 .text.LEUART_IntClear
                0x00000e14       0x18 ./src/InitDevice.o
 .text.LEUART_IntEnable
                0x00000e2c       0x1c ./src/InitDevice.o
 .text.enter_DefaultMode_from_RESET
                0x00000e48       0x14 ./src/InitDevice.o
                0x00000e48                enter_DefaultMode_from_RESET
 .text.CMU_enter_DefaultMode_from_RESET
                0x00000e5c       0x58 ./src/InitDevice.o
                0x00000e5c                CMU_enter_DefaultMode_from_RESET
 .text.LEUART0_enter_DefaultMode_from_RESET
                0x00000eb4       0x8c ./src/InitDevice.o
                0x00000eb4                LEUART0_enter_DefaultMode_from_RESET
 .text.PORTIO_enter_DefaultMode_from_RESET
                0x00000f40       0xdc ./src/InitDevice.o
                0x00000f40                PORTIO_enter_DefaultMode_from_RESET
 .text.NVIC_SetPriority
                0x0000101c       0xe0 ./src/main.o
 .text.SysTick_Config
                0x000010fc       0x48 ./src/main.o
 .text.GPIO_PinOutClear
                0x00001144       0x6c ./src/main.o
 .text.GPIO_PinOutSet
                0x000011b0       0x6c ./src/main.o
 .text.CHIP_Init
                0x0000121c        0x8 ./src/main.o
 .text.SysTick_Handler
                0x00001224       0x18 ./src/main.o
                0x00001224                SysTick_Handler
 .text.Delay    0x0000123c       0x28 ./src/main.o
 .text.send_string
                0x00001264       0x2c ./src/main.o
                0x00001264                send_string
 .text.LEUART0_IRQHandler
                0x00001290       0x84 ./src/main.o
                0x00001290                LEUART0_IRQHandler
 *fill*         0x00001314        0x4 
 .text.gps_convert_lat_to_float
                0x00001318       0xe8 ./src/main.o
 .text.gps_convert_lon_to_float
                0x00001400       0xe8 ./src/main.o
 .text.GetMessageFeilds
                0x000014e8       0x74 ./src/main.o
 *fill*         0x0000155c        0x4 
 .text.NMEA_GPRMC_Decoder
                0x00001560      0x278 ./src/main.o
                0x00001560                NMEA_GPRMC_Decoder
 .text.main     0x000017d8       0x9c ./src/main.o
                0x000017d8                main
 .text          0x00001874       0x9c /home/khiemtt/Downloads/SimplicityStudio_v4/developer/toolchains/gnu_arm/4.8_2013q4/bin/../lib/gcc/arm-none-eabi/4.8.3/armv6-m/libgcc.a(_udivsi3.o)
                0x00001874                __udivsi3
                0x00001874                __aeabi_uidiv
                0x000018fc                __aeabi_uidivmod
 .text          0x00001910        0x4 /home/khiemtt/Downloads/SimplicityStudio_v4/developer/toolchains/gnu_arm/4.8_2013q4/bin/../lib/gcc/arm-none-eabi/4.8.3/armv6-m/libgcc.a(_dvmd_tls.o)
                0x00001910                __aeabi_ldiv0
                0x00001910                __aeabi_idiv0
 .text          0x00001914       0x3c /home/khiemtt/Downloads/SimplicityStudio_v4/developer/toolchains/gnu_arm/4.8_2013q4/bin/../lib/gcc/arm-none-eabi/4.8.3/armv6-m/libgcc.a(_clzsi2.o)
                0x00001914                __clzsi2
 .text          0x00001950       0x40 /home/khiemtt/Downloads/SimplicityStudio_v4/developer/toolchains/gnu_arm/4.8_2013q4/bin/../lib/gcc/arm-none-eabi/4.8.3/armv6-m/libgcc.a(_fixunsdfsi.o)
                0x00001950                __fixunsdfsi
                0x00001950                __aeabi_d2uiz
 .text          0x00001990      0x648 /home/khiemtt/Downloads/SimplicityStudio_v4/developer/toolchains/gnu_arm/4.8_2013q4/bin/../lib/gcc/arm-none-eabi/4.8.3/armv6-m/libgcc.a(adddf3.o)
                0x00001990                __aeabi_dadd
 .text          0x00001fd8      0x650 /home/khiemtt/Downloads/SimplicityStudio_v4/developer/toolchains/gnu_arm/4.8_2013q4/bin/../lib/gcc/arm-none-eabi/4.8.3/armv6-m/libgcc.a(divdf3.o)
                0x00001fd8                __aeabi_ddiv
 .text          0x00002628      0x524 /home/khiemtt/Downloads/SimplicityStudio_v4/developer/toolchains/gnu_arm/4.8_2013q4/bin/../lib/gcc/arm-none-eabi/4.8.3/armv6-m/libgcc.a(muldf3.o)
                0x00002628                __aeabi_dmul
 .text          0x00002b4c      0x66c /home/khiemtt/Downloads/SimplicityStudio_v4/developer/toolchains/gnu_arm/4.8_2013q4/bin/../lib/gcc/arm-none-eabi/4.8.3/armv6-m/libgcc.a(subdf3.o)
                0x00002b4c                __aeabi_dsub
 .text          0x000031b8       0x68 /home/khiemtt/Downloads/SimplicityStudio_v4/developer/toolchains/gnu_arm/4.8_2013q4/bin/../lib/gcc/arm-none-eabi/4.8.3/armv6-m/libgcc.a(fixdfsi.o)
                0x000031b8                __aeabi_d2iz
 .text          0x00003220       0xa4 /home/khiemtt/Downloads/SimplicityStudio_v4/developer/toolchains/gnu_arm/4.8_2013q4/bin/../lib/gcc/arm-none-eabi/4.8.3/armv6-m/libgcc.a(extendsfdf2.o)
                0x00003220                __aeabi_f2d
 .text          0x000032c4      0x118 /home/khiemtt/Downloads/SimplicityStudio_v4/developer/toolchains/gnu_arm/4.8_2013q4/bin/../lib/gcc/arm-none-eabi/4.8.3/armv6-m/libgcc.a(truncdfsf2.o)
                0x000032c4                __aeabi_d2f
 .text          0x000033dc       0x7c /home/khiemtt/Downloads/SimplicityStudio_v4/developer/toolchains/gnu_arm/4.8_2013q4/bin/../lib/gcc/arm-none-eabi/4.8.3/armv6-m/libgcc.a(_arm_cmpdf2.o)
                0x000033dc                __aeabi_cdrcmple
                0x000033ec                __aeabi_cdcmple
                0x000033ec                __aeabi_cdcmpeq
                0x000033fc                __aeabi_dcmpeq
                0x00003408                __aeabi_dcmplt
                0x0000341c                __aeabi_dcmple
                0x00003430                __aeabi_dcmpgt
                0x00003444                __aeabi_dcmpge
 .text          0x00003458       0x94 /home/khiemtt/Downloads/SimplicityStudio_v4/developer/toolchains/gnu_arm/4.8_2013q4/bin/../lib/gcc/arm-none-eabi/4.8.3/armv6-m/libgcc.a(eqdf2.o)
                0x00003458                __eqdf2
                0x00003458                __nedf2
 .text          0x000034ec       0xf4 /home/khiemtt/Downloads/SimplicityStudio_v4/developer/toolchains/gnu_arm/4.8_2013q4/bin/../lib/gcc/arm-none-eabi/4.8.3/armv6-m/libgcc.a(gedf2.o)
                0x000034ec                __gtdf2
                0x000034ec                __gedf2
 .text          0x000035e0      0x108 /home/khiemtt/Downloads/SimplicityStudio_v4/developer/toolchains/gnu_arm/4.8_2013q4/bin/../lib/gcc/arm-none-eabi/4.8.3/armv6-m/libgcc.a(ledf2.o)
                0x000035e0                __ltdf2
                0x000035e0                __ledf2
 .text.atof     0x000036e8        0xa /home/khiemtt/Downloads/SimplicityStudio_v4/developer/toolchains/gnu_arm/4.8_2013q4/bin/../lib/gcc/arm-none-eabi/4.8.3/../../../../arm-none-eabi/lib/armv6-m/libc_s.a(lib_a-atof.o)
                0x000036e8                atof
 *fill*         0x000036f2        0x2 
 .text.exit     0x000036f4       0x2c /home/khiemtt/Downloads/SimplicityStudio_v4/developer/toolchains/gnu_arm/4.8_2013q4/bin/../lib/gcc/arm-none-eabi/4.8.3/../../../../arm-none-eabi/lib/armv6-m/libc_s.a(lib_a-exit.o)
                0x000036f4                exit
 .text.__libc_init_array
                0x00003720       0x4c /home/khiemtt/Downloads/SimplicityStudio_v4/developer/toolchains/gnu_arm/4.8_2013q4/bin/../lib/gcc/arm-none-eabi/4.8.3/../../../../arm-none-eabi/lib/armv6-m/libc_s.a(lib_a-init.o)
                0x00003720                __libc_init_array
 .text.memset   0x0000376c       0x10 /home/khiemtt/Downloads/SimplicityStudio_v4/developer/toolchains/gnu_arm/4.8_2013q4/bin/../lib/gcc/arm-none-eabi/4.8.3/../../../../arm-none-eabi/lib/armv6-m/libc_s.a(lib_a-memset.o)
                0x0000376c                memset
 .text          0x0000377c       0x14 /home/khiemtt/Downloads/SimplicityStudio_v4/developer/toolchains/gnu_arm/4.8_2013q4/bin/../lib/gcc/arm-none-eabi/4.8.3/../../../../arm-none-eabi/lib/armv6-m/libc_s.a(lib_a-strcmp.o)
                0x0000377c                strcmp
 .text.strlen   0x00003790        0xe /home/khiemtt/Downloads/SimplicityStudio_v4/developer/toolchains/gnu_arm/4.8_2013q4/bin/../lib/gcc/arm-none-eabi/4.8.3/../../../../arm-none-eabi/lib/armv6-m/libc_s.a(lib_a-strlen.o)
                0x00003790                strlen
 .text.strncpy  0x0000379e       0x28 /home/khiemtt/Downloads/SimplicityStudio_v4/developer/toolchains/gnu_arm/4.8_2013q4/bin/../lib/gcc/arm-none-eabi/4.8.3/../../../../arm-none-eabi/lib/armv6-m/libc_s.a(lib_a-strncpy.o)
                0x0000379e                strncpy
 .text.match    0x000037c6       0x2a /home/khiemtt/Downloads/SimplicityStudio_v4/developer/toolchains/gnu_arm/4.8_2013q4/bin/../lib/gcc/arm-none-eabi/4.8.3/../../../../arm-none-eabi/lib/armv6-m/libc_s.a(lib_a-strtod.o)
 .text.unlikely.sulp
                0x000037f0       0x2c /home/khiemtt/Downloads/SimplicityStudio_v4/developer/toolchains/gnu_arm/4.8_2013q4/bin/../lib/gcc/arm-none-eabi/4.8.3/../../../../arm-none-eabi/lib/armv6-m/libc_s.a(lib_a-strtod.o)
 *fill*         0x0000381c        0x4 
 .text._strtod_r
                0x00003820      0xc50 /home/khiemtt/Downloads/SimplicityStudio_v4/developer/toolchains/gnu_arm/4.8_2013q4/bin/../lib/gcc/arm-none-eabi/4.8.3/../../../../arm-none-eabi/lib/armv6-m/libc_s.a(lib_a-strtod.o)
                0x00003820                _strtod_r
 .text.strtod   0x00004470       0x18 /home/khiemtt/Downloads/SimplicityStudio_v4/developer/toolchains/gnu_arm/4.8_2013q4/bin/../lib/gcc/arm-none-eabi/4.8.3/../../../../arm-none-eabi/lib/armv6-m/libc_s.a(lib_a-strtod.o)
                0x00004470                strtod
 .text.rshift   0x00004488       0x6c /home/khiemtt/Downloads/SimplicityStudio_v4/developer/toolchains/gnu_arm/4.8_2013q4/bin/../lib/gcc/arm-none-eabi/4.8.3/../../../../arm-none-eabi/lib/armv6-m/libc_s.a(lib_a-gdtoa-gethex.o)
 .text.__hexdig_fun
                0x000044f4       0x30 /home/khiemtt/Downloads/SimplicityStudio_v4/developer/toolchains/gnu_arm/4.8_2013q4/bin/../lib/gcc/arm-none-eabi/4.8.3/../../../../arm-none-eabi/lib/armv6-m/libc_s.a(lib_a-gdtoa-gethex.o)
                0x000044f4                __hexdig_fun
 .text.__gethex
                0x00004524      0x43c /home/khiemtt/Downloads/SimplicityStudio_v4/developer/toolchains/gnu_arm/4.8_2013q4/bin/../lib/gcc/arm-none-eabi/4.8.3/../../../../arm-none-eabi/lib/armv6-m/libc_s.a(lib_a-gdtoa-gethex.o)
                0x00004524                __gethex
 .text.L_shift  0x00004960       0x24 /home/khiemtt/Downloads/SimplicityStudio_v4/developer/toolchains/gnu_arm/4.8_2013q4/bin/../lib/gcc/arm-none-eabi/4.8.3/../../../../arm-none-eabi/lib/armv6-m/libc_s.a(lib_a-gdtoa-hexnan.o)
 .text.__hexnan
                0x00004984      0x132 /home/khiemtt/Downloads/SimplicityStudio_v4/developer/toolchains/gnu_arm/4.8_2013q4/bin/../lib/gcc/arm-none-eabi/4.8.3/../../../../arm-none-eabi/lib/armv6-m/libc_s.a(lib_a-gdtoa-hexnan.o)
                0x00004984                __hexnan
 *fill*         0x00004ab6        0x2 
 .text._localeconv_r
                0x00004ab8        0x8 /home/khiemtt/Downloads/SimplicityStudio_v4/developer/toolchains/gnu_arm/4.8_2013q4/bin/../lib/gcc/arm-none-eabi/4.8.3/../../../../arm-none-eabi/lib/armv6-m/libc_s.a(lib_a-locale.o)
                0x00004ab8                _localeconv_r
 .text.memcpy   0x00004ac0       0x12 /home/khiemtt/Downloads/SimplicityStudio_v4/developer/toolchains/gnu_arm/4.8_2013q4/bin/../lib/gcc/arm-none-eabi/4.8.3/../../../../arm-none-eabi/lib/armv6-m/libc_s.a(lib_a-memcpy-stub.o)
                0x00004ac0                memcpy
 .text._Balloc  0x00004ad2       0x70 /home/khiemtt/Downloads/SimplicityStudio_v4/developer/toolchains/gnu_arm/4.8_2013q4/bin/../lib/gcc/arm-none-eabi/4.8.3/../../../../arm-none-eabi/lib/armv6-m/libc_s.a(lib_a-mprec.o)
                0x00004ad2                _Balloc
 .text._Bfree   0x00004b42       0x32 /home/khiemtt/Downloads/SimplicityStudio_v4/developer/toolchains/gnu_arm/4.8_2013q4/bin/../lib/gcc/arm-none-eabi/4.8.3/../../../../arm-none-eabi/lib/armv6-m/libc_s.a(lib_a-mprec.o)
                0x00004b42                _Bfree
 .text.__multadd
                0x00004b74       0x7c /home/khiemtt/Downloads/SimplicityStudio_v4/developer/toolchains/gnu_arm/4.8_2013q4/bin/../lib/gcc/arm-none-eabi/4.8.3/../../../../arm-none-eabi/lib/armv6-m/libc_s.a(lib_a-mprec.o)
                0x00004b74                __multadd
 .text.__s2b    0x00004bf0       0x80 /home/khiemtt/Downloads/SimplicityStudio_v4/developer/toolchains/gnu_arm/4.8_2013q4/bin/../lib/gcc/arm-none-eabi/4.8.3/../../../../arm-none-eabi/lib/armv6-m/libc_s.a(lib_a-mprec.o)
                0x00004bf0                __s2b
 .text.__hi0bits
                0x00004c70       0x38 /home/khiemtt/Downloads/SimplicityStudio_v4/developer/toolchains/gnu_arm/4.8_2013q4/bin/../lib/gcc/arm-none-eabi/4.8.3/../../../../arm-none-eabi/lib/armv6-m/libc_s.a(lib_a-mprec.o)
                0x00004c70                __hi0bits
 .text.__lo0bits
                0x00004ca8       0x5a /home/khiemtt/Downloads/SimplicityStudio_v4/developer/toolchains/gnu_arm/4.8_2013q4/bin/../lib/gcc/arm-none-eabi/4.8.3/../../../../arm-none-eabi/lib/armv6-m/libc_s.a(lib_a-mprec.o)
                0x00004ca8                __lo0bits
 .text.__i2b    0x00004d02       0x12 /home/khiemtt/Downloads/SimplicityStudio_v4/developer/toolchains/gnu_arm/4.8_2013q4/bin/../lib/gcc/arm-none-eabi/4.8.3/../../../../arm-none-eabi/lib/armv6-m/libc_s.a(lib_a-mprec.o)
                0x00004d02                __i2b
 .text.__multiply
                0x00004d14      0x11e /home/khiemtt/Downloads/SimplicityStudio_v4/developer/toolchains/gnu_arm/4.8_2013q4/bin/../lib/gcc/arm-none-eabi/4.8.3/../../../../arm-none-eabi/lib/armv6-m/libc_s.a(lib_a-mprec.o)
                0x00004d14                __multiply
 *fill*         0x00004e32        0x2 
 .text.__pow5mult
                0x00004e34       0xa4 /home/khiemtt/Downloads/SimplicityStudio_v4/developer/toolchains/gnu_arm/4.8_2013q4/bin/../lib/gcc/arm-none-eabi/4.8.3/../../../../arm-none-eabi/lib/armv6-m/libc_s.a(lib_a-mprec.o)
                0x00004e34                __pow5mult
 .text.__lshift
                0x00004ed8       0xa4 /home/khiemtt/Downloads/SimplicityStudio_v4/developer/toolchains/gnu_arm/4.8_2013q4/bin/../lib/gcc/arm-none-eabi/4.8.3/../../../../arm-none-eabi/lib/armv6-m/libc_s.a(lib_a-mprec.o)
                0x00004ed8                __lshift
 .text.__mcmp   0x00004f7c       0x36 /home/khiemtt/Downloads/SimplicityStudio_v4/developer/toolchains/gnu_arm/4.8_2013q4/bin/../lib/gcc/arm-none-eabi/4.8.3/../../../../arm-none-eabi/lib/armv6-m/libc_s.a(lib_a-mprec.o)
                0x00004f7c                __mcmp
 .text.__mdiff  0x00004fb2       0xcc /home/khiemtt/Downloads/SimplicityStudio_v4/developer/toolchains/gnu_arm/4.8_2013q4/bin/../lib/gcc/arm-none-eabi/4.8.3/../../../../arm-none-eabi/lib/armv6-m/libc_s.a(lib_a-mprec.o)
                0x00004fb2                __mdiff
 *fill*         0x0000507e        0x2 
 .text.__ulp    0x00005080       0x44 /home/khiemtt/Downloads/SimplicityStudio_v4/developer/toolchains/gnu_arm/4.8_2013q4/bin/../lib/gcc/arm-none-eabi/4.8.3/../../../../arm-none-eabi/lib/armv6-m/libc_s.a(lib_a-mprec.o)
                0x00005080                __ulp
 .text.__b2d    0x000050c4       0xa4 /home/khiemtt/Downloads/SimplicityStudio_v4/developer/toolchains/gnu_arm/4.8_2013q4/bin/../lib/gcc/arm-none-eabi/4.8.3/../../../../arm-none-eabi/lib/armv6-m/libc_s.a(lib_a-mprec.o)
                0x000050c4                __b2d
 .text.__d2b    0x00005168       0xb0 /home/khiemtt/Downloads/SimplicityStudio_v4/developer/toolchains/gnu_arm/4.8_2013q4/bin/../lib/gcc/arm-none-eabi/4.8.3/../../../../arm-none-eabi/lib/armv6-m/libc_s.a(lib_a-mprec.o)
                0x00005168                __d2b
 .text.__ratio  0x00005218       0x48 /home/khiemtt/Downloads/SimplicityStudio_v4/developer/toolchains/gnu_arm/4.8_2013q4/bin/../lib/gcc/arm-none-eabi/4.8.3/../../../../arm-none-eabi/lib/armv6-m/libc_s.a(lib_a-mprec.o)
                0x00005218                __ratio
 .text.__copybits
                0x00005260       0x2c /home/khiemtt/Downloads/SimplicityStudio_v4/developer/toolchains/gnu_arm/4.8_2013q4/bin/../lib/gcc/arm-none-eabi/4.8.3/../../../../arm-none-eabi/lib/armv6-m/libc_s.a(lib_a-mprec.o)
                0x00005260                __copybits
 .text.__any_on
                0x0000528c       0x44 /home/khiemtt/Downloads/SimplicityStudio_v4/developer/toolchains/gnu_arm/4.8_2013q4/bin/../lib/gcc/arm-none-eabi/4.8.3/../../../../arm-none-eabi/lib/armv6-m/libc_s.a(lib_a-mprec.o)
                0x0000528c                __any_on
 .text._calloc_r
                0x000052d0       0x1c /home/khiemtt/Downloads/SimplicityStudio_v4/developer/toolchains/gnu_arm/4.8_2013q4/bin/../lib/gcc/arm-none-eabi/4.8.3/../../../../arm-none-eabi/lib/armv6-m/libc_s.a(lib_a-nano-callocr.o)
                0x000052d0                _calloc_r
 .text._malloc_r
                0x000052ec       0xa8 /home/khiemtt/Downloads/SimplicityStudio_v4/developer/toolchains/gnu_arm/4.8_2013q4/bin/../lib/gcc/arm-none-eabi/4.8.3/../../../../arm-none-eabi/lib/armv6-m/libc_s.a(lib_a-nano-mallocr.o)
                0x000052ec                _malloc_r
 .text._sbrk_r  0x00005394       0x24 /home/khiemtt/Downloads/SimplicityStudio_v4/developer/toolchains/gnu_arm/4.8_2013q4/bin/../lib/gcc/arm-none-eabi/4.8.3/../../../../arm-none-eabi/lib/armv6-m/libc_s.a(lib_a-sbrkr.o)
                0x00005394                _sbrk_r
 .text.strncmp  0x000053b8       0x2c /home/khiemtt/Downloads/SimplicityStudio_v4/developer/toolchains/gnu_arm/4.8_2013q4/bin/../lib/gcc/arm-none-eabi/4.8.3/../../../../arm-none-eabi/lib/armv6-m/libc_s.a(lib_a-strncmp.o)
                0x000053b8                strncmp
 .text.malloc   0x000053e4       0x14 /home/khiemtt/Downloads/SimplicityStudio_v4/developer/toolchains/gnu_arm/4.8_2013q4/bin/../lib/gcc/arm-none-eabi/4.8.3/../../../../arm-none-eabi/lib/armv6-m/libc_s.a(lib_a-malloc.o)
                0x000053e4                malloc
 .text._sbrk    0x000053f8       0x34 /home/khiemtt/Downloads/SimplicityStudio_v4/developer/toolchains/gnu_arm/4.8_2013q4/bin/../lib/gcc/arm-none-eabi/4.8.3/../../../../arm-none-eabi/lib/armv6-m/libnosys.a(sbrk.o)
                0x000053f8                _sbrk
 .text._exit    0x0000542c        0x4 /home/khiemtt/Downloads/SimplicityStudio_v4/developer/toolchains/gnu_arm/4.8_2013q4/bin/../lib/gcc/arm-none-eabi/4.8.3/../../../../arm-none-eabi/lib/armv6-m/libnosys.a(_exit.o)
                0x0000542c                _exit
 .text          0x00005430       0x14 /home/khiemtt/Downloads/SimplicityStudio_v4/developer/toolchains/gnu_arm/4.8_2013q4/bin/../lib/gcc/arm-none-eabi/4.8.3/armv6-m/libgcc.a(_thumb1_case_uqi.o)
                0x00005430                __gnu_thumb1_case_uqi
 .text          0x00005444       0xc0 /home/khiemtt/Downloads/SimplicityStudio_v4/developer/toolchains/gnu_arm/4.8_2013q4/bin/../lib/gcc/arm-none-eabi/4.8.3/armv6-m/libgcc.a(_divsi3.o)
                0x00005444                __aeabi_idiv
                0x00005444                __divsi3
                0x000054f0                __aeabi_idivmod
 .text          0x00005504       0x7c /home/khiemtt/Downloads/SimplicityStudio_v4/developer/toolchains/gnu_arm/4.8_2013q4/bin/../lib/gcc/arm-none-eabi/4.8.3/armv6-m/libgcc.a(floatsidf.o)
                0x00005504                __aeabi_i2d
 .text          0x00005580       0x68 /home/khiemtt/Downloads/SimplicityStudio_v4/developer/toolchains/gnu_arm/4.8_2013q4/bin/../lib/gcc/arm-none-eabi/4.8.3/armv6-m/libgcc.a(floatunsidf.o)
                0x00005580                __aeabi_ui2d
 *(.init)
 .init          0x000055e8        0x4 /home/khiemtt/Downloads/SimplicityStudio_v4/developer/toolchains/gnu_arm/4.8_2013q4/bin/../lib/gcc/arm-none-eabi/4.8.3/armv6-m/crti.o
                0x000055e8                _init
 .init          0x000055ec        0x8 /home/khiemtt/Downloads/SimplicityStudio_v4/developer/toolchains/gnu_arm/4.8_2013q4/bin/../lib/gcc/arm-none-eabi/4.8.3/armv6-m/crtn.o
 *(.fini)
 .fini          0x000055f4        0x4 /home/khiemtt/Downloads/SimplicityStudio_v4/developer/toolchains/gnu_arm/4.8_2013q4/bin/../lib/gcc/arm-none-eabi/4.8.3/armv6-m/crti.o
                0x000055f4                _fini
 .fini          0x000055f8        0x8 /home/khiemtt/Downloads/SimplicityStudio_v4/developer/toolchains/gnu_arm/4.8_2013q4/bin/../lib/gcc/arm-none-eabi/4.8.3/armv6-m/crtn.o
 *crtbegin.o(.ctors)
 *crtbegin?.o(.ctors)
 *(EXCLUDE_FILE(*crtend.o *crtend?.o) .ctors)
 *(SORT(.ctors.*))
 *(.ctors)
 *crtbegin.o(.dtors)
 *crtbegin?.o(.dtors)
 *(EXCLUDE_FILE(*crtend.o *crtend?.o) .dtors)
 *(SORT(.dtors.*))
 *(.dtors)
 *(.rodata*)
 .rodata.CMU_ClockEnable
                0x00005600       0x2c ./emlib/em_cmu.o
 .rodata.CMU_ClockSelectSet
                0x0000562c       0x58 ./emlib/em_cmu.o
 .rodata.CMU_OscillatorEnable
                0x00005684       0x14 ./emlib/em_cmu.o
 .rodata        0x00005698       0x10 ./src/InitDevice.o
 .rodata        0x000056a8       0x64 ./src/main.o
 .rodata        0x0000570c       0x40 /home/khiemtt/Downloads/SimplicityStudio_v4/developer/toolchains/gnu_arm/4.8_2013q4/bin/../lib/gcc/arm-none-eabi/4.8.3/armv6-m/libgcc.a(divdf3.o)
 .rodata        0x0000574c       0x40 /home/khiemtt/Downloads/SimplicityStudio_v4/developer/toolchains/gnu_arm/4.8_2013q4/bin/../lib/gcc/arm-none-eabi/4.8.3/armv6-m/libgcc.a(muldf3.o)
 .rodata.str1.1
                0x0000578c        0x2 /home/khiemtt/Downloads/SimplicityStudio_v4/developer/toolchains/gnu_arm/4.8_2013q4/bin/../lib/gcc/arm-none-eabi/4.8.3/../../../../arm-none-eabi/lib/armv6-m/libc_s.a(lib_a-impure.o)
 *fill*         0x0000578e        0x2 
 .rodata._global_impure_ptr
                0x00005790        0x4 /home/khiemtt/Downloads/SimplicityStudio_v4/developer/toolchains/gnu_arm/4.8_2013q4/bin/../lib/gcc/arm-none-eabi/4.8.3/../../../../arm-none-eabi/lib/armv6-m/libc_s.a(lib_a-impure.o)
                0x00005790                _global_impure_ptr
 .rodata.fpinan.5301
                0x00005794       0x14 /home/khiemtt/Downloads/SimplicityStudio_v4/developer/toolchains/gnu_arm/4.8_2013q4/bin/../lib/gcc/arm-none-eabi/4.8.3/../../../../arm-none-eabi/lib/armv6-m/libc_s.a(lib_a-strtod.o)
 .rodata.str1.1
                0x000057a8        0xc /home/khiemtt/Downloads/SimplicityStudio_v4/developer/toolchains/gnu_arm/4.8_2013q4/bin/../lib/gcc/arm-none-eabi/4.8.3/../../../../arm-none-eabi/lib/armv6-m/libc_s.a(lib_a-strtod.o)
 .rodata.fpi.5265
                0x000057b4       0x14 /home/khiemtt/Downloads/SimplicityStudio_v4/developer/toolchains/gnu_arm/4.8_2013q4/bin/../lib/gcc/arm-none-eabi/4.8.3/../../../../arm-none-eabi/lib/armv6-m/libc_s.a(lib_a-strtod.o)
 .rodata.tinytens
                0x000057c8       0x28 /home/khiemtt/Downloads/SimplicityStudio_v4/developer/toolchains/gnu_arm/4.8_2013q4/bin/../lib/gcc/arm-none-eabi/4.8.3/../../../../arm-none-eabi/lib/armv6-m/libc_s.a(lib_a-strtod.o)
 .rodata.str1.1
                0x000057f0        0x8 /home/khiemtt/Downloads/SimplicityStudio_v4/developer/toolchains/gnu_arm/4.8_2013q4/bin/../lib/gcc/arm-none-eabi/4.8.3/../../../../arm-none-eabi/lib/armv6-m/libc_s.a(lib_a-locale.o)
                                  0xb (size before relaxing)
 .rodata.__mprec_tens
                0x000057f8       0xc8 /home/khiemtt/Downloads/SimplicityStudio_v4/developer/toolchains/gnu_arm/4.8_2013q4/bin/../lib/gcc/arm-none-eabi/4.8.3/../../../../arm-none-eabi/lib/armv6-m/libc_s.a(lib_a-mprec.o)
                0x000057f8                __mprec_tens
 .rodata.p05.5300
                0x000058c0        0xc /home/khiemtt/Downloads/SimplicityStudio_v4/developer/toolchains/gnu_arm/4.8_2013q4/bin/../lib/gcc/arm-none-eabi/4.8.3/../../../../arm-none-eabi/lib/armv6-m/libc_s.a(lib_a-mprec.o)
 *fill*         0x000058cc        0x4 
 .rodata.__mprec_bigtens
                0x000058d0       0x28 /home/khiemtt/Downloads/SimplicityStudio_v4/developer/toolchains/gnu_arm/4.8_2013q4/bin/../lib/gcc/arm-none-eabi/4.8.3/../../../../arm-none-eabi/lib/armv6-m/libc_s.a(lib_a-mprec.o)
                0x000058d0                __mprec_bigtens
 *(.eh_frame*)
 .eh_frame      0x000058f8        0x0 /home/khiemtt/Downloads/SimplicityStudio_v4/developer/toolchains/gnu_arm/4.8_2013q4/bin/../lib/gcc/arm-none-eabi/4.8.3/armv6-m/crtbegin.o
 .eh_frame      0x000058f8        0x4 /home/khiemtt/Downloads/SimplicityStudio_v4/developer/toolchains/gnu_arm/4.8_2013q4/bin/../lib/gcc/arm-none-eabi/4.8.3/armv6-m/crtend.o

.glue_7         0x000058fc        0x0
 .glue_7        0x00000000        0x0 linker stubs

.glue_7t        0x000058fc        0x0
 .glue_7t       0x00000000        0x0 linker stubs

.vfp11_veneer   0x000058fc        0x0
 .vfp11_veneer  0x00000000        0x0 linker stubs

.v4_bx          0x000058fc        0x0
 .v4_bx         0x00000000        0x0 linker stubs

.iplt           0x000058fc        0x0
 .iplt          0x00000000        0x0 /home/khiemtt/Downloads/SimplicityStudio_v4/developer/toolchains/gnu_arm/4.8_2013q4/bin/../lib/gcc/arm-none-eabi/4.8.3/armv6-m/crtbegin.o

.ARM.extab
 *(.ARM.extab* .gnu.linkonce.armextab.*)
                0x000058fc                __exidx_start = .

.ARM.exidx      0x000058fc        0x8
 *(.ARM.exidx* .gnu.linkonce.armexidx.*)
 .ARM.exidx     0x000058fc        0x8 /home/khiemtt/Downloads/SimplicityStudio_v4/developer/toolchains/gnu_arm/4.8_2013q4/bin/../lib/gcc/arm-none-eabi/4.8.3/../../../../arm-none-eabi/lib/armv6-m/crt0.o
                0x00005904                __exidx_end = .
                0x00005904                __etext = .

.rel.dyn        0x00005904        0x0
 .rel.iplt      0x00000000        0x0 /home/khiemtt/Downloads/SimplicityStudio_v4/developer/toolchains/gnu_arm/4.8_2013q4/bin/../lib/gcc/arm-none-eabi/4.8.3/armv6-m/crtbegin.o

.data           0x20000000       0xb4 load address 0x00005904
                0x20000000                __data_start__ = .
 *(vtable)
 *(.data*)
 .data.SystemHFXOClock
                0x20000000        0x4 ./CMSIS/EFM32ZG/system_efm32zg.o
 .data.SystemLFXOClock
                0x20000004        0x4 ./CMSIS/EFM32ZG/system_efm32zg.o
 .data.SystemCoreClock
                0x20000008        0x4 ./CMSIS/EFM32ZG/system_efm32zg.o
                0x20000008                SystemCoreClock
 .data.impure_data
                0x2000000c       0x60 /home/khiemtt/Downloads/SimplicityStudio_v4/developer/toolchains/gnu_arm/4.8_2013q4/bin/../lib/gcc/arm-none-eabi/4.8.3/../../../../arm-none-eabi/lib/armv6-m/libc_s.a(lib_a-impure.o)
 .data._impure_ptr
                0x2000006c        0x4 /home/khiemtt/Downloads/SimplicityStudio_v4/developer/toolchains/gnu_arm/4.8_2013q4/bin/../lib/gcc/arm-none-eabi/4.8.3/../../../../arm-none-eabi/lib/armv6-m/libc_s.a(lib_a-impure.o)
                0x2000006c                _impure_ptr
 .data.lconv    0x20000070       0x38 /home/khiemtt/Downloads/SimplicityStudio_v4/developer/toolchains/gnu_arm/4.8_2013q4/bin/../lib/gcc/arm-none-eabi/4.8.3/../../../../arm-none-eabi/lib/armv6-m/libc_s.a(lib_a-locale.o)
                0x200000a8                . = ALIGN (0x4)
 *(.ram)
                0x200000a8                . = ALIGN (0x4)
                0x200000a8                PROVIDE (__preinit_array_start, .)
 *(.preinit_array)
                0x200000a8                PROVIDE (__preinit_array_end, .)
                0x200000a8                . = ALIGN (0x4)
                0x200000a8                PROVIDE (__init_array_start, .)
 *(SORT(.init_array.*))
 *(.init_array)
 .init_array    0x200000a8        0x4 /home/khiemtt/Downloads/SimplicityStudio_v4/developer/toolchains/gnu_arm/4.8_2013q4/bin/../lib/gcc/arm-none-eabi/4.8.3/armv6-m/crtbegin.o
                0x200000ac                PROVIDE (__init_array_end, .)
                0x200000ac                . = ALIGN (0x4)
                0x200000ac                PROVIDE (__fini_array_start, .)
 *(SORT(.fini_array.*))
 *(.fini_array)
 .fini_array    0x200000ac        0x4 /home/khiemtt/Downloads/SimplicityStudio_v4/developer/toolchains/gnu_arm/4.8_2013q4/bin/../lib/gcc/arm-none-eabi/4.8.3/armv6-m/crtbegin.o
                0x200000b0                PROVIDE (__fini_array_end, .)
 *(.jcr*)
 .jcr           0x200000b0        0x0 /home/khiemtt/Downloads/SimplicityStudio_v4/developer/toolchains/gnu_arm/4.8_2013q4/bin/../lib/gcc/arm-none-eabi/4.8.3/armv6-m/crtbegin.o
 .jcr           0x200000b0        0x4 /home/khiemtt/Downloads/SimplicityStudio_v4/developer/toolchains/gnu_arm/4.8_2013q4/bin/../lib/gcc/arm-none-eabi/4.8.3/armv6-m/crtend.o
                0x200000b4                . = ALIGN (0x4)
                0x200000b4                __data_end__ = .

.igot.plt       0x200000b4        0x0 load address 0x000059b8
 .igot.plt      0x00000000        0x0 /home/khiemtt/Downloads/SimplicityStudio_v4/developer/toolchains/gnu_arm/4.8_2013q4/bin/../lib/gcc/arm-none-eabi/4.8.3/armv6-m/crtbegin.o

.bss            0x200000b4      0x154 load address 0x000059b8
                0x200000b4                . = ALIGN (0x4)
                0x200000b4                __bss_start__ = .
 *(.bss*)
 .bss           0x200000b4       0x1c /home/khiemtt/Downloads/SimplicityStudio_v4/developer/toolchains/gnu_arm/4.8_2013q4/bin/../lib/gcc/arm-none-eabi/4.8.3/armv6-m/crtbegin.o
 .bss.counter   0x200000d0        0x4 ./src/main.o
                0x200000d0                counter
 .bss.msTicks   0x200000d4        0x4 ./src/main.o
 .bss.__malloc_sbrk_start
                0x200000d8        0x4 /home/khiemtt/Downloads/SimplicityStudio_v4/developer/toolchains/gnu_arm/4.8_2013q4/bin/../lib/gcc/arm-none-eabi/4.8.3/../../../../arm-none-eabi/lib/armv6-m/libc_s.a(lib_a-nano-mallocr.o)
                0x200000d8                __malloc_sbrk_start
 .bss.__malloc_free_list
                0x200000dc        0x4 /home/khiemtt/Downloads/SimplicityStudio_v4/developer/toolchains/gnu_arm/4.8_2013q4/bin/../lib/gcc/arm-none-eabi/4.8.3/../../../../arm-none-eabi/lib/armv6-m/libc_s.a(lib_a-nano-mallocr.o)
                0x200000dc                __malloc_free_list
 .bss.heap_end.4237
                0x200000e0        0x4 /home/khiemtt/Downloads/SimplicityStudio_v4/developer/toolchains/gnu_arm/4.8_2013q4/bin/../lib/gcc/arm-none-eabi/4.8.3/../../../../arm-none-eabi/lib/armv6-m/libnosys.a(sbrk.o)
 *(COMMON)
 COMMON         0x200000e4      0x120 ./src/main.o
                0x200000e4                float_str
                0x200000f0                output
                0x20000122                month
                0x20000124                SpeedGPS
                0x20000128                dataToString
                0x2000015a                State_gps
                0x2000015b                minute
                0x2000015c                floatToString
                0x2000016b                hour
                0x2000016c                time_update
                0x20000170                Lng
                0x20000174                year
                0x20000175                sec
                0x20000178                Lat
                0x2000017c                date
                0x20000180                dataGpsInput
                0x20000200                OrGPS
 COMMON         0x20000204        0x4 /home/khiemtt/Downloads/SimplicityStudio_v4/developer/toolchains/gnu_arm/4.8_2013q4/bin/../lib/gcc/arm-none-eabi/4.8.3/../../../../arm-none-eabi/lib/armv6-m/libc_s.a(lib_a-reent.o)
                0x20000204                errno
                0x20000208                . = ALIGN (0x4)
                0x20000208                __bss_end__ = .

.heap           0x20000208        0x0
                0x20000208                __HeapBase = .
                0x20000208                __end__ = .
                0x20000208                end = __end__
                0x20000208                _end = __end__
 *(.heap*)
 .heap          0x20000208        0x0 ./CMSIS/EFM32ZG/startup_gcc_efm32zg.o
                0x20000208                __HeapLimit = .

.stack_dummy    0x20000208      0x400
 *(.stack*)
 .stack         0x20000208      0x400 ./CMSIS/EFM32ZG/startup_gcc_efm32zg.o
                0x20001000                __StackTop = (ORIGIN (RAM) + 0x1000)
                0x20000c00                __StackLimit = (__StackTop - SIZEOF (.stack_dummy))
                0x20001000                PROVIDE (__stack, __StackTop)
                0x00000001                ASSERT ((__StackLimit >= __HeapLimit), region RAM overflowed with stack)
                0x00000001                ASSERT ((0x8000 >= (__etext + SIZEOF (.data))), FLASH memory overflowed !)
OUTPUT(glFw.axf elf32-littlearm)

.ARM.attributes
                0x00000000       0x28
 .ARM.attributes
                0x00000000       0x1e /home/khiemtt/Downloads/SimplicityStudio_v4/developer/toolchains/gnu_arm/4.8_2013q4/bin/../lib/gcc/arm-none-eabi/4.8.3/armv6-m/crti.o
 .ARM.attributes
                0x0000001e       0x2c /home/khiemtt/Downloads/SimplicityStudio_v4/developer/toolchains/gnu_arm/4.8_2013q4/bin/../lib/gcc/arm-none-eabi/4.8.3/armv6-m/crtbegin.o
 .ARM.attributes
                0x0000004a       0x1b /home/khiemtt/Downloads/SimplicityStudio_v4/developer/toolchains/gnu_arm/4.8_2013q4/bin/../lib/gcc/arm-none-eabi/4.8.3/../../../../arm-none-eabi/lib/armv6-m/crt0.o
 .ARM.attributes
                0x00000065       0x1b ./CMSIS/EFM32ZG/startup_gcc_efm32zg.o
 .ARM.attributes
                0x00000080       0x32 ./CMSIS/EFM32ZG/system_efm32zg.o
 .ARM.attributes
                0x000000b2       0x32 ./emlib/em_cmu.o
 .ARM.attributes
                0x000000e4       0x32 ./emlib/em_leuart.o
 .ARM.attributes
                0x00000116       0x32 ./src/InitDevice.o
 .ARM.attributes
                0x00000148       0x32 ./src/main.o
 .ARM.attributes
                0x0000017a       0x1e /home/khiemtt/Downloads/SimplicityStudio_v4/developer/toolchains/gnu_arm/4.8_2013q4/bin/../lib/gcc/arm-none-eabi/4.8.3/armv6-m/libgcc.a(_udivsi3.o)
 .ARM.attributes
                0x00000198       0x1e /home/khiemtt/Downloads/SimplicityStudio_v4/developer/toolchains/gnu_arm/4.8_2013q4/bin/../lib/gcc/arm-none-eabi/4.8.3/armv6-m/libgcc.a(_dvmd_tls.o)
 .ARM.attributes
                0x000001b6       0x1e /home/khiemtt/Downloads/SimplicityStudio_v4/developer/toolchains/gnu_arm/4.8_2013q4/bin/../lib/gcc/arm-none-eabi/4.8.3/armv6-m/libgcc.a(_clzsi2.o)
 .ARM.attributes
                0x000001d4       0x2c /home/khiemtt/Downloads/SimplicityStudio_v4/developer/toolchains/gnu_arm/4.8_2013q4/bin/../lib/gcc/arm-none-eabi/4.8.3/armv6-m/libgcc.a(_fixunsdfsi.o)
 .ARM.attributes
                0x00000200       0x2c /home/khiemtt/Downloads/SimplicityStudio_v4/developer/toolchains/gnu_arm/4.8_2013q4/bin/../lib/gcc/arm-none-eabi/4.8.3/armv6-m/libgcc.a(adddf3.o)
 .ARM.attributes
                0x0000022c       0x2c /home/khiemtt/Downloads/SimplicityStudio_v4/developer/toolchains/gnu_arm/4.8_2013q4/bin/../lib/gcc/arm-none-eabi/4.8.3/armv6-m/libgcc.a(divdf3.o)
 .ARM.attributes
                0x00000258       0x2c /home/khiemtt/Downloads/SimplicityStudio_v4/developer/toolchains/gnu_arm/4.8_2013q4/bin/../lib/gcc/arm-none-eabi/4.8.3/armv6-m/libgcc.a(muldf3.o)
 .ARM.attributes
                0x00000284       0x2c /home/khiemtt/Downloads/SimplicityStudio_v4/developer/toolchains/gnu_arm/4.8_2013q4/bin/../lib/gcc/arm-none-eabi/4.8.3/armv6-m/libgcc.a(subdf3.o)
 .ARM.attributes
                0x000002b0       0x2c /home/khiemtt/Downloads/SimplicityStudio_v4/developer/toolchains/gnu_arm/4.8_2013q4/bin/../lib/gcc/arm-none-eabi/4.8.3/armv6-m/libgcc.a(fixdfsi.o)
 .ARM.attributes
                0x000002dc       0x2c /home/khiemtt/Downloads/SimplicityStudio_v4/developer/toolchains/gnu_arm/4.8_2013q4/bin/../lib/gcc/arm-none-eabi/4.8.3/armv6-m/libgcc.a(extendsfdf2.o)
 .ARM.attributes
                0x00000308       0x2c /home/khiemtt/Downloads/SimplicityStudio_v4/developer/toolchains/gnu_arm/4.8_2013q4/bin/../lib/gcc/arm-none-eabi/4.8.3/armv6-m/libgcc.a(truncdfsf2.o)
 .ARM.attributes
                0x00000334       0x1e /home/khiemtt/Downloads/SimplicityStudio_v4/developer/toolchains/gnu_arm/4.8_2013q4/bin/../lib/gcc/arm-none-eabi/4.8.3/armv6-m/libgcc.a(_arm_cmpdf2.o)
 .ARM.attributes
                0x00000352       0x2c /home/khiemtt/Downloads/SimplicityStudio_v4/developer/toolchains/gnu_arm/4.8_2013q4/bin/../lib/gcc/arm-none-eabi/4.8.3/armv6-m/libgcc.a(eqdf2.o)
 .ARM.attributes
                0x0000037e       0x2c /home/khiemtt/Downloads/SimplicityStudio_v4/developer/toolchains/gnu_arm/4.8_2013q4/bin/../lib/gcc/arm-none-eabi/4.8.3/armv6-m/libgcc.a(gedf2.o)
 .ARM.attributes
                0x000003aa       0x2c /home/khiemtt/Downloads/SimplicityStudio_v4/developer/toolchains/gnu_arm/4.8_2013q4/bin/../lib/gcc/arm-none-eabi/4.8.3/armv6-m/libgcc.a(ledf2.o)
 .ARM.attributes
                0x000003d6       0x2c /home/khiemtt/Downloads/SimplicityStudio_v4/developer/toolchains/gnu_arm/4.8_2013q4/bin/../lib/gcc/arm-none-eabi/4.8.3/../../../../arm-none-eabi/lib/armv6-m/libc_s.a(lib_a-atof.o)
 .ARM.attributes
                0x00000402       0x2c /home/khiemtt/Downloads/SimplicityStudio_v4/developer/toolchains/gnu_arm/4.8_2013q4/bin/../lib/gcc/arm-none-eabi/4.8.3/../../../../arm-none-eabi/lib/armv6-m/libc_s.a(lib_a-exit.o)
 .ARM.attributes
                0x0000042e       0x2c /home/khiemtt/Downloads/SimplicityStudio_v4/developer/toolchains/gnu_arm/4.8_2013q4/bin/../lib/gcc/arm-none-eabi/4.8.3/../../../../arm-none-eabi/lib/armv6-m/libc_s.a(lib_a-impure.o)
 .ARM.attributes
                0x0000045a       0x2c /home/khiemtt/Downloads/SimplicityStudio_v4/developer/toolchains/gnu_arm/4.8_2013q4/bin/../lib/gcc/arm-none-eabi/4.8.3/../../../../arm-none-eabi/lib/armv6-m/libc_s.a(lib_a-init.o)
 .ARM.attributes
                0x00000486       0x2c /home/khiemtt/Downloads/SimplicityStudio_v4/developer/toolchains/gnu_arm/4.8_2013q4/bin/../lib/gcc/arm-none-eabi/4.8.3/../../../../arm-none-eabi/lib/armv6-m/libc_s.a(lib_a-memset.o)
 .ARM.attributes
                0x000004b2       0x1c /home/khiemtt/Downloads/SimplicityStudio_v4/developer/toolchains/gnu_arm/4.8_2013q4/bin/../lib/gcc/arm-none-eabi/4.8.3/../../../../arm-none-eabi/lib/armv6-m/libc_s.a(lib_a-strcmp.o)
 .ARM.attributes
                0x000004ce       0x2c /home/khiemtt/Downloads/SimplicityStudio_v4/developer/toolchains/gnu_arm/4.8_2013q4/bin/../lib/gcc/arm-none-eabi/4.8.3/../../../../arm-none-eabi/lib/armv6-m/libc_s.a(lib_a-strlen.o)
 .ARM.attributes
                0x000004fa       0x2c /home/khiemtt/Downloads/SimplicityStudio_v4/developer/toolchains/gnu_arm/4.8_2013q4/bin/../lib/gcc/arm-none-eabi/4.8.3/../../../../arm-none-eabi/lib/armv6-m/libc_s.a(lib_a-strncpy.o)
 .ARM.attributes
                0x00000526       0x2c /home/khiemtt/Downloads/SimplicityStudio_v4/developer/toolchains/gnu_arm/4.8_2013q4/bin/../lib/gcc/arm-none-eabi/4.8.3/../../../../arm-none-eabi/lib/armv6-m/libc_s.a(lib_a-strtod.o)
 .ARM.attributes
                0x00000552       0x2c /home/khiemtt/Downloads/SimplicityStudio_v4/developer/toolchains/gnu_arm/4.8_2013q4/bin/../lib/gcc/arm-none-eabi/4.8.3/../../../../arm-none-eabi/lib/armv6-m/libc_s.a(lib_a-gdtoa-gethex.o)
 .ARM.attributes
                0x0000057e       0x2c /home/khiemtt/Downloads/SimplicityStudio_v4/developer/toolchains/gnu_arm/4.8_2013q4/bin/../lib/gcc/arm-none-eabi/4.8.3/../../../../arm-none-eabi/lib/armv6-m/libc_s.a(lib_a-gdtoa-hexnan.o)
 .ARM.attributes
                0x000005aa       0x2c /home/khiemtt/Downloads/SimplicityStudio_v4/developer/toolchains/gnu_arm/4.8_2013q4/bin/../lib/gcc/arm-none-eabi/4.8.3/../../../../arm-none-eabi/lib/armv6-m/libc_s.a(lib_a-locale.o)
 .ARM.attributes
                0x000005d6       0x2c /home/khiemtt/Downloads/SimplicityStudio_v4/developer/toolchains/gnu_arm/4.8_2013q4/bin/../lib/gcc/arm-none-eabi/4.8.3/../../../../arm-none-eabi/lib/armv6-m/libc_s.a(lib_a-memcpy-stub.o)
 .ARM.attributes
                0x00000602       0x2c /home/khiemtt/Downloads/SimplicityStudio_v4/developer/toolchains/gnu_arm/4.8_2013q4/bin/../lib/gcc/arm-none-eabi/4.8.3/../../../../arm-none-eabi/lib/armv6-m/libc_s.a(lib_a-mprec.o)
 .ARM.attributes
                0x0000062e       0x2c /home/khiemtt/Downloads/SimplicityStudio_v4/developer/toolchains/gnu_arm/4.8_2013q4/bin/../lib/gcc/arm-none-eabi/4.8.3/../../../../arm-none-eabi/lib/armv6-m/libc_s.a(lib_a-nano-callocr.o)
 .ARM.attributes
                0x0000065a       0x2c /home/khiemtt/Downloads/SimplicityStudio_v4/developer/toolchains/gnu_arm/4.8_2013q4/bin/../lib/gcc/arm-none-eabi/4.8.3/../../../../arm-none-eabi/lib/armv6-m/libc_s.a(lib_a-nano-mallocr.o)
 .ARM.attributes
                0x00000686       0x2c /home/khiemtt/Downloads/SimplicityStudio_v4/developer/toolchains/gnu_arm/4.8_2013q4/bin/../lib/gcc/arm-none-eabi/4.8.3/../../../../arm-none-eabi/lib/armv6-m/libc_s.a(lib_a-sbrkr.o)
 .ARM.attributes
                0x000006b2       0x2c /home/khiemtt/Downloads/SimplicityStudio_v4/developer/toolchains/gnu_arm/4.8_2013q4/bin/../lib/gcc/arm-none-eabi/4.8.3/../../../../arm-none-eabi/lib/armv6-m/libc_s.a(lib_a-strncmp.o)
 .ARM.attributes
                0x000006de       0x2c /home/khiemtt/Downloads/SimplicityStudio_v4/developer/toolchains/gnu_arm/4.8_2013q4/bin/../lib/gcc/arm-none-eabi/4.8.3/../../../../arm-none-eabi/lib/armv6-m/libc_s.a(lib_a-malloc.o)
 .ARM.attributes
                0x0000070a       0x2c /home/khiemtt/Downloads/SimplicityStudio_v4/developer/toolchains/gnu_arm/4.8_2013q4/bin/../lib/gcc/arm-none-eabi/4.8.3/../../../../arm-none-eabi/lib/armv6-m/libc_s.a(lib_a-reent.o)
 .ARM.attributes
                0x00000736       0x2c /home/khiemtt/Downloads/SimplicityStudio_v4/developer/toolchains/gnu_arm/4.8_2013q4/bin/../lib/gcc/arm-none-eabi/4.8.3/../../../../arm-none-eabi/lib/armv6-m/libnosys.a(sbrk.o)
 .ARM.attributes
                0x00000762       0x2c /home/khiemtt/Downloads/SimplicityStudio_v4/developer/toolchains/gnu_arm/4.8_2013q4/bin/../lib/gcc/arm-none-eabi/4.8.3/../../../../arm-none-eabi/lib/armv6-m/libnosys.a(_exit.o)
 .ARM.attributes
                0x0000078e       0x1e /home/khiemtt/Downloads/SimplicityStudio_v4/developer/toolchains/gnu_arm/4.8_2013q4/bin/../lib/gcc/arm-none-eabi/4.8.3/armv6-m/libgcc.a(_thumb1_case_uqi.o)
 .ARM.attributes
                0x000007ac       0x1e /home/khiemtt/Downloads/SimplicityStudio_v4/developer/toolchains/gnu_arm/4.8_2013q4/bin/../lib/gcc/arm-none-eabi/4.8.3/armv6-m/libgcc.a(_divsi3.o)
 .ARM.attributes
                0x000007ca       0x2c /home/khiemtt/Downloads/SimplicityStudio_v4/developer/toolchains/gnu_arm/4.8_2013q4/bin/../lib/gcc/arm-none-eabi/4.8.3/armv6-m/libgcc.a(floatsidf.o)
 .ARM.attributes
                0x000007f6       0x2c /home/khiemtt/Downloads/SimplicityStudio_v4/developer/toolchains/gnu_arm/4.8_2013q4/bin/../lib/gcc/arm-none-eabi/4.8.3/armv6-m/libgcc.a(floatunsidf.o)
 .ARM.attributes
                0x00000822       0x2c /home/khiemtt/Downloads/SimplicityStudio_v4/developer/toolchains/gnu_arm/4.8_2013q4/bin/../lib/gcc/arm-none-eabi/4.8.3/armv6-m/crtend.o
 .ARM.attributes
                0x0000084e       0x1e /home/khiemtt/Downloads/SimplicityStudio_v4/developer/toolchains/gnu_arm/4.8_2013q4/bin/../lib/gcc/arm-none-eabi/4.8.3/armv6-m/crtn.o

.comment        0x00000000       0x70
 .comment       0x00000000       0x70 ./CMSIS/EFM32ZG/system_efm32zg.o
                                 0x71 (size before relaxing)
 .comment       0x00000000       0x71 ./emlib/em_cmu.o
 .comment       0x00000000       0x71 ./emlib/em_leuart.o
 .comment       0x00000000       0x71 ./src/InitDevice.o
 .comment       0x00000000       0x71 ./src/main.o

.debug_line     0x00000000     0x160f
 .debug_line    0x00000000       0x74 ./CMSIS/EFM32ZG/startup_gcc_efm32zg.o
 .debug_line    0x00000074      0x217 ./CMSIS/EFM32ZG/system_efm32zg.o
 .debug_line    0x0000028b      0x7bb ./emlib/em_cmu.o
 .debug_line    0x00000a46      0x329 ./emlib/em_leuart.o
 .debug_line    0x00000d6f      0x452 ./src/InitDevice.o
 .debug_line    0x000011c1      0x44e ./src/main.o

.debug_info     0x00000000     0x3554
 .debug_info    0x00000000       0x9c ./CMSIS/EFM32ZG/startup_gcc_efm32zg.o
 .debug_info    0x0000009c      0x42b ./CMSIS/EFM32ZG/system_efm32zg.o
 .debug_info    0x000004c7     0x10ed ./emlib/em_cmu.o
 .debug_info    0x000015b4      0x787 ./emlib/em_leuart.o
 .debug_info    0x00001d3b      0xa10 ./src/InitDevice.o
 .debug_info    0x0000274b      0xe09 ./src/main.o

.debug_abbrev   0x00000000      0xa3c
 .debug_abbrev  0x00000000       0x14 ./CMSIS/EFM32ZG/startup_gcc_efm32zg.o
 .debug_abbrev  0x00000014      0x160 ./CMSIS/EFM32ZG/system_efm32zg.o
 .debug_abbrev  0x00000174      0x2a6 ./emlib/em_cmu.o
 .debug_abbrev  0x0000041a      0x1cd ./emlib/em_leuart.o
 .debug_abbrev  0x000005e7      0x1c3 ./src/InitDevice.o
 .debug_abbrev  0x000007aa      0x292 ./src/main.o

.debug_aranges  0x00000000      0x3b0
 .debug_aranges
                0x00000000       0x20 ./CMSIS/EFM32ZG/startup_gcc_efm32zg.o
 .debug_aranges
                0x00000020       0x68 ./CMSIS/EFM32ZG/system_efm32zg.o
 .debug_aranges
                0x00000088      0x148 ./emlib/em_cmu.o
 .debug_aranges
                0x000001d0       0x88 ./emlib/em_leuart.o
 .debug_aranges
                0x00000258       0xc8 ./src/InitDevice.o
 .debug_aranges
                0x00000320       0x90 ./src/main.o

.debug_loc      0x00000000     0x141e
 .debug_loc     0x00000000      0x1e8 ./CMSIS/EFM32ZG/system_efm32zg.o
 .debug_loc     0x000001e8      0x7fc ./emlib/em_cmu.o
 .debug_loc     0x000009e4      0x310 ./emlib/em_leuart.o
 .debug_loc     0x00000cf4      0x404 ./src/InitDevice.o
 .debug_loc     0x000010f8      0x326 ./src/main.o

.debug_ranges   0x00000000      0x340
 .debug_ranges  0x00000000       0x58 ./CMSIS/EFM32ZG/system_efm32zg.o
 .debug_ranges  0x00000058      0x138 ./emlib/em_cmu.o
 .debug_ranges  0x00000190       0x78 ./emlib/em_leuart.o
 .debug_ranges  0x00000208       0xb8 ./src/InitDevice.o
 .debug_ranges  0x000002c0       0x80 ./src/main.o

.debug_str      0x00000000     0x1748
 .debug_str     0x00000000      0x3a1 ./CMSIS/EFM32ZG/system_efm32zg.o
                                0x3fb (size before relaxing)
 .debug_str     0x000003a1      0x8f9 ./emlib/em_cmu.o
                                0xbfc (size before relaxing)
 .debug_str     0x00000c9a      0x2c6 ./emlib/em_leuart.o
                                0x65c (size before relaxing)
 .debug_str     0x00000f60      0x489 ./src/InitDevice.o
                                0xa99 (size before relaxing)
 .debug_str     0x000013e9      0x35f ./src/main.o
                                0x940 (size before relaxing)

.debug_frame    0x00000000     0x15cc
 .debug_frame   0x00000000      0x138 ./CMSIS/EFM32ZG/system_efm32zg.o
 .debug_frame   0x00000138      0x4b4 ./emlib/em_cmu.o
 .debug_frame   0x000005ec      0x1d0 ./emlib/em_leuart.o
 .debug_frame   0x000007bc      0x28c ./src/InitDevice.o
 .debug_frame   0x00000a48      0x1f0 ./src/main.o
 .debug_frame   0x00000c38       0x20 /home/khiemtt/Downloads/SimplicityStudio_v4/developer/toolchains/gnu_arm/4.8_2013q4/bin/../lib/gcc/arm-none-eabi/4.8.3/armv6-m/libgcc.a(_udivsi3.o)
 .debug_frame   0x00000c58       0x2c /home/khiemtt/Downloads/SimplicityStudio_v4/developer/toolchains/gnu_arm/4.8_2013q4/bin/../lib/gcc/arm-none-eabi/4.8.3/armv6-m/libgcc.a(_fixunsdfsi.o)
 .debug_frame   0x00000c84       0x3c /home/khiemtt/Downloads/SimplicityStudio_v4/developer/toolchains/gnu_arm/4.8_2013q4/bin/../lib/gcc/arm-none-eabi/4.8.3/armv6-m/libgcc.a(adddf3.o)
 .debug_frame   0x00000cc0       0x3c /home/khiemtt/Downloads/SimplicityStudio_v4/developer/toolchains/gnu_arm/4.8_2013q4/bin/../lib/gcc/arm-none-eabi/4.8.3/armv6-m/libgcc.a(divdf3.o)
 .debug_frame   0x00000cfc       0x3c /home/khiemtt/Downloads/SimplicityStudio_v4/developer/toolchains/gnu_arm/4.8_2013q4/bin/../lib/gcc/arm-none-eabi/4.8.3/armv6-m/libgcc.a(muldf3.o)
 .debug_frame   0x00000d38       0x3c /home/khiemtt/Downloads/SimplicityStudio_v4/developer/toolchains/gnu_arm/4.8_2013q4/bin/../lib/gcc/arm-none-eabi/4.8.3/armv6-m/libgcc.a(subdf3.o)
 .debug_frame   0x00000d74       0x2c /home/khiemtt/Downloads/SimplicityStudio_v4/developer/toolchains/gnu_arm/4.8_2013q4/bin/../lib/gcc/arm-none-eabi/4.8.3/armv6-m/libgcc.a(fixdfsi.o)
 .debug_frame   0x00000da0       0x2c /home/khiemtt/Downloads/SimplicityStudio_v4/developer/toolchains/gnu_arm/4.8_2013q4/bin/../lib/gcc/arm-none-eabi/4.8.3/armv6-m/libgcc.a(extendsfdf2.o)
 .debug_frame   0x00000dcc       0x30 /home/khiemtt/Downloads/SimplicityStudio_v4/developer/toolchains/gnu_arm/4.8_2013q4/bin/../lib/gcc/arm-none-eabi/4.8.3/armv6-m/libgcc.a(truncdfsf2.o)
 .debug_frame   0x00000dfc       0x3c /home/khiemtt/Downloads/SimplicityStudio_v4/developer/toolchains/gnu_arm/4.8_2013q4/bin/../lib/gcc/arm-none-eabi/4.8.3/armv6-m/libgcc.a(eqdf2.o)
 .debug_frame   0x00000e38       0x38 /home/khiemtt/Downloads/SimplicityStudio_v4/developer/toolchains/gnu_arm/4.8_2013q4/bin/../lib/gcc/arm-none-eabi/4.8.3/armv6-m/libgcc.a(gedf2.o)
 .debug_frame   0x00000e70       0x3c /home/khiemtt/Downloads/SimplicityStudio_v4/developer/toolchains/gnu_arm/4.8_2013q4/bin/../lib/gcc/arm-none-eabi/4.8.3/armv6-m/libgcc.a(ledf2.o)
 .debug_frame   0x00000eac       0x28 /home/khiemtt/Downloads/SimplicityStudio_v4/developer/toolchains/gnu_arm/4.8_2013q4/bin/../lib/gcc/arm-none-eabi/4.8.3/../../../../arm-none-eabi/lib/armv6-m/libc_s.a(lib_a-atof.o)
 .debug_frame   0x00000ed4       0x28 /home/khiemtt/Downloads/SimplicityStudio_v4/developer/toolchains/gnu_arm/4.8_2013q4/bin/../lib/gcc/arm-none-eabi/4.8.3/../../../../arm-none-eabi/lib/armv6-m/libc_s.a(lib_a-exit.o)
 .debug_frame   0x00000efc       0x2c /home/khiemtt/Downloads/SimplicityStudio_v4/developer/toolchains/gnu_arm/4.8_2013q4/bin/../lib/gcc/arm-none-eabi/4.8.3/../../../../arm-none-eabi/lib/armv6-m/libc_s.a(lib_a-init.o)
 .debug_frame   0x00000f28       0x20 /home/khiemtt/Downloads/SimplicityStudio_v4/developer/toolchains/gnu_arm/4.8_2013q4/bin/../lib/gcc/arm-none-eabi/4.8.3/../../../../arm-none-eabi/lib/armv6-m/libc_s.a(lib_a-memset.o)
 .debug_frame   0x00000f48       0x20 /home/khiemtt/Downloads/SimplicityStudio_v4/developer/toolchains/gnu_arm/4.8_2013q4/bin/../lib/gcc/arm-none-eabi/4.8.3/../../../../arm-none-eabi/lib/armv6-m/libc_s.a(lib_a-strlen.o)
 .debug_frame   0x00000f68       0x2c /home/khiemtt/Downloads/SimplicityStudio_v4/developer/toolchains/gnu_arm/4.8_2013q4/bin/../lib/gcc/arm-none-eabi/4.8.3/../../../../arm-none-eabi/lib/armv6-m/libc_s.a(lib_a-strncpy.o)
 .debug_frame   0x00000f94       0xa0 /home/khiemtt/Downloads/SimplicityStudio_v4/developer/toolchains/gnu_arm/4.8_2013q4/bin/../lib/gcc/arm-none-eabi/4.8.3/../../../../arm-none-eabi/lib/armv6-m/libc_s.a(lib_a-strtod.o)
 .debug_frame   0x00001034       0x64 /home/khiemtt/Downloads/SimplicityStudio_v4/developer/toolchains/gnu_arm/4.8_2013q4/bin/../lib/gcc/arm-none-eabi/4.8.3/../../../../arm-none-eabi/lib/armv6-m/libc_s.a(lib_a-gdtoa-gethex.o)
 .debug_frame   0x00001098       0x4c /home/khiemtt/Downloads/SimplicityStudio_v4/developer/toolchains/gnu_arm/4.8_2013q4/bin/../lib/gcc/arm-none-eabi/4.8.3/../../../../arm-none-eabi/lib/armv6-m/libc_s.a(lib_a-gdtoa-hexnan.o)
 .debug_frame   0x000010e4       0xa4 /home/khiemtt/Downloads/SimplicityStudio_v4/developer/toolchains/gnu_arm/4.8_2013q4/bin/../lib/gcc/arm-none-eabi/4.8.3/../../../../arm-none-eabi/lib/armv6-m/libc_s.a(lib_a-locale.o)
 .debug_frame   0x00001188       0x28 /home/khiemtt/Downloads/SimplicityStudio_v4/developer/toolchains/gnu_arm/4.8_2013q4/bin/../lib/gcc/arm-none-eabi/4.8.3/../../../../arm-none-eabi/lib/armv6-m/libc_s.a(lib_a-memcpy-stub.o)
 .debug_frame   0x000011b0      0x230 /home/khiemtt/Downloads/SimplicityStudio_v4/developer/toolchains/gnu_arm/4.8_2013q4/bin/../lib/gcc/arm-none-eabi/4.8.3/../../../../arm-none-eabi/lib/armv6-m/libc_s.a(lib_a-mprec.o)
 .debug_frame   0x000013e0       0x2c /home/khiemtt/Downloads/SimplicityStudio_v4/developer/toolchains/gnu_arm/4.8_2013q4/bin/../lib/gcc/arm-none-eabi/4.8.3/../../../../arm-none-eabi/lib/armv6-m/libc_s.a(lib_a-nano-callocr.o)
 .debug_frame   0x0000140c       0x2c /home/khiemtt/Downloads/SimplicityStudio_v4/developer/toolchains/gnu_arm/4.8_2013q4/bin/../lib/gcc/arm-none-eabi/4.8.3/../../../../arm-none-eabi/lib/armv6-m/libc_s.a(lib_a-nano-mallocr.o)
 .debug_frame   0x00001438       0x2c /home/khiemtt/Downloads/SimplicityStudio_v4/developer/toolchains/gnu_arm/4.8_2013q4/bin/../lib/gcc/arm-none-eabi/4.8.3/../../../../arm-none-eabi/lib/armv6-m/libc_s.a(lib_a-sbrkr.o)
 .debug_frame   0x00001464       0x28 /home/khiemtt/Downloads/SimplicityStudio_v4/developer/toolchains/gnu_arm/4.8_2013q4/bin/../lib/gcc/arm-none-eabi/4.8.3/../../../../arm-none-eabi/lib/armv6-m/libc_s.a(lib_a-strncmp.o)
 .debug_frame   0x0000148c       0x40 /home/khiemtt/Downloads/SimplicityStudio_v4/developer/toolchains/gnu_arm/4.8_2013q4/bin/../lib/gcc/arm-none-eabi/4.8.3/../../../../arm-none-eabi/lib/armv6-m/libc_s.a(lib_a-malloc.o)
 .debug_frame   0x000014cc       0x48 /home/khiemtt/Downloads/SimplicityStudio_v4/developer/toolchains/gnu_arm/4.8_2013q4/bin/../lib/gcc/arm-none-eabi/4.8.3/../../../../arm-none-eabi/lib/armv6-m/libc_s.a(lib_a-reent.o)
 .debug_frame   0x00001514       0x20 /home/khiemtt/Downloads/SimplicityStudio_v4/developer/toolchains/gnu_arm/4.8_2013q4/bin/../lib/gcc/arm-none-eabi/4.8.3/../../../../arm-none-eabi/lib/armv6-m/libnosys.a(sbrk.o)
 .debug_frame   0x00001534       0x20 /home/khiemtt/Downloads/SimplicityStudio_v4/developer/toolchains/gnu_arm/4.8_2013q4/bin/../lib/gcc/arm-none-eabi/4.8.3/../../../../arm-none-eabi/lib/armv6-m/libnosys.a(_exit.o)
 .debug_frame   0x00001554       0x20 /home/khiemtt/Downloads/SimplicityStudio_v4/developer/toolchains/gnu_arm/4.8_2013q4/bin/../lib/gcc/arm-none-eabi/4.8.3/armv6-m/libgcc.a(_divsi3.o)
 .debug_frame   0x00001574       0x30 /home/khiemtt/Downloads/SimplicityStudio_v4/developer/toolchains/gnu_arm/4.8_2013q4/bin/../lib/gcc/arm-none-eabi/4.8.3/armv6-m/libgcc.a(floatsidf.o)
 .debug_frame   0x000015a4       0x28 /home/khiemtt/Downloads/SimplicityStudio_v4/developer/toolchains/gnu_arm/4.8_2013q4/bin/../lib/gcc/arm-none-eabi/4.8.3/armv6-m/libgcc.a(floatunsidf.o)
