Archive member included because of file (symbol)

/home/khiemtt/Downloads/SimplicityStudio_v4/developer/toolchains/gnu_arm/4.9_2015q3/bin/../lib/gcc/arm-none-eabi/4.9.3/armv6-m/libgcc.a(_udivsi3.o)
                              ./emlib/em_leuart.o (__aeabi_uidiv)
/home/khiemtt/Downloads/SimplicityStudio_v4/developer/toolchains/gnu_arm/4.9_2015q3/bin/../lib/gcc/arm-none-eabi/4.9.3/armv6-m/libgcc.a(_dvmd_tls.o)
                              /home/khiemtt/Downloads/SimplicityStudio_v4/developer/toolchains/gnu_arm/4.9_2015q3/bin/../lib/gcc/arm-none-eabi/4.9.3/armv6-m/libgcc.a(_udivsi3.o) (__aeabi_idiv0)
/home/khiemtt/Downloads/SimplicityStudio_v4/developer/toolchains/gnu_arm/4.9_2015q3/bin/../lib/gcc/arm-none-eabi/4.9.3/armv6-m/libgcc.a(_clzsi2.o)
                              ./emlib/em_cmu.o (__clzsi2)
/home/khiemtt/Downloads/SimplicityStudio_v4/developer/toolchains/gnu_arm/4.9_2015q3/bin/../lib/gcc/arm-none-eabi/4.9.3/armv6-m/libgcc.a(_fixunsdfsi.o)
                              ./src/main.o (__aeabi_d2uiz)
/home/khiemtt/Downloads/SimplicityStudio_v4/developer/toolchains/gnu_arm/4.9_2015q3/bin/../lib/gcc/arm-none-eabi/4.9.3/armv6-m/libgcc.a(mulsf3.o)
                              ./src/main.o (__aeabi_fmul)
/home/khiemtt/Downloads/SimplicityStudio_v4/developer/toolchains/gnu_arm/4.9_2015q3/bin/../lib/gcc/arm-none-eabi/4.9.3/armv6-m/libgcc.a(subsf3.o)
                              ./src/main.o (__aeabi_fsub)
/home/khiemtt/Downloads/SimplicityStudio_v4/developer/toolchains/gnu_arm/4.9_2015q3/bin/../lib/gcc/arm-none-eabi/4.9.3/armv6-m/libgcc.a(fixsfsi.o)
                              ./src/main.o (__aeabi_f2iz)
/home/khiemtt/Downloads/SimplicityStudio_v4/developer/toolchains/gnu_arm/4.9_2015q3/bin/../lib/gcc/arm-none-eabi/4.9.3/armv6-m/libgcc.a(floatsisf.o)
                              ./src/main.o (__aeabi_i2f)
/home/khiemtt/Downloads/SimplicityStudio_v4/developer/toolchains/gnu_arm/4.9_2015q3/bin/../lib/gcc/arm-none-eabi/4.9.3/armv6-m/libgcc.a(adddf3.o)
                              ./src/main.o (__aeabi_dadd)
/home/khiemtt/Downloads/SimplicityStudio_v4/developer/toolchains/gnu_arm/4.9_2015q3/bin/../lib/gcc/arm-none-eabi/4.9.3/armv6-m/libgcc.a(divdf3.o)
                              ./src/main.o (__aeabi_ddiv)
/home/khiemtt/Downloads/SimplicityStudio_v4/developer/toolchains/gnu_arm/4.9_2015q3/bin/../lib/gcc/arm-none-eabi/4.9.3/armv6-m/libgcc.a(muldf3.o)
                              ./src/main.o (__aeabi_dmul)
/home/khiemtt/Downloads/SimplicityStudio_v4/developer/toolchains/gnu_arm/4.9_2015q3/bin/../lib/gcc/arm-none-eabi/4.9.3/armv6-m/libgcc.a(subdf3.o)
                              /home/khiemtt/Downloads/SimplicityStudio_v4/developer/toolchains/gnu_arm/4.9_2015q3/bin/../lib/gcc/arm-none-eabi/4.9.3/armv6-m/libgcc.a(_fixunsdfsi.o) (__aeabi_dsub)
/home/khiemtt/Downloads/SimplicityStudio_v4/developer/toolchains/gnu_arm/4.9_2015q3/bin/../lib/gcc/arm-none-eabi/4.9.3/armv6-m/libgcc.a(fixdfsi.o)
                              /home/khiemtt/Downloads/SimplicityStudio_v4/developer/toolchains/gnu_arm/4.9_2015q3/bin/../lib/gcc/arm-none-eabi/4.9.3/armv6-m/libgcc.a(_fixunsdfsi.o) (__aeabi_d2iz)
/home/khiemtt/Downloads/SimplicityStudio_v4/developer/toolchains/gnu_arm/4.9_2015q3/bin/../lib/gcc/arm-none-eabi/4.9.3/armv6-m/libgcc.a(extendsfdf2.o)
                              ./src/main.o (__aeabi_f2d)
/home/khiemtt/Downloads/SimplicityStudio_v4/developer/toolchains/gnu_arm/4.9_2015q3/bin/../lib/gcc/arm-none-eabi/4.9.3/armv6-m/libgcc.a(truncdfsf2.o)
                              ./src/main.o (__aeabi_d2f)
/home/khiemtt/Downloads/SimplicityStudio_v4/developer/toolchains/gnu_arm/4.9_2015q3/bin/../lib/gcc/arm-none-eabi/4.9.3/armv6-m/libgcc.a(_arm_cmpdf2.o)
                              /home/khiemtt/Downloads/SimplicityStudio_v4/developer/toolchains/gnu_arm/4.9_2015q3/bin/../lib/gcc/arm-none-eabi/4.9.3/armv6-m/libgcc.a(_fixunsdfsi.o) (__aeabi_dcmpge)
/home/khiemtt/Downloads/SimplicityStudio_v4/developer/toolchains/gnu_arm/4.9_2015q3/bin/../lib/gcc/arm-none-eabi/4.9.3/armv6-m/libgcc.a(eqdf2.o)
                              /home/khiemtt/Downloads/SimplicityStudio_v4/developer/toolchains/gnu_arm/4.9_2015q3/bin/../lib/gcc/arm-none-eabi/4.9.3/armv6-m/libgcc.a(_arm_cmpdf2.o) (__eqdf2)
/home/khiemtt/Downloads/SimplicityStudio_v4/developer/toolchains/gnu_arm/4.9_2015q3/bin/../lib/gcc/arm-none-eabi/4.9.3/armv6-m/libgcc.a(gedf2.o)
                              /home/khiemtt/Downloads/SimplicityStudio_v4/developer/toolchains/gnu_arm/4.9_2015q3/bin/../lib/gcc/arm-none-eabi/4.9.3/armv6-m/libgcc.a(_arm_cmpdf2.o) (__gedf2)
/home/khiemtt/Downloads/SimplicityStudio_v4/developer/toolchains/gnu_arm/4.9_2015q3/bin/../lib/gcc/arm-none-eabi/4.9.3/armv6-m/libgcc.a(ledf2.o)
                              /home/khiemtt/Downloads/SimplicityStudio_v4/developer/toolchains/gnu_arm/4.9_2015q3/bin/../lib/gcc/arm-none-eabi/4.9.3/armv6-m/libgcc.a(_arm_cmpdf2.o) (__ledf2)
[...]
Memory Configuration

Name             Origin             Length             Attributes
FLASH            0x00000000         0x00008000         xr
RAM              0x20000000         0x00001000         xrw
*default*        0x00000000         0xffffffff

Linker script and memory map

LOAD /home/khiemtt/Downloads/SimplicityStudio_v4/developer/toolchains/gnu_arm/4.9_2015q3/bin/../lib/gcc/arm-none-eabi/4.9.3/armv6-m/crti.o
LOAD /home/khiemtt/Downloads/SimplicityStudio_v4/developer/toolchains/gnu_arm/4.9_2015q3/bin/../lib/gcc/arm-none-eabi/4.9.3/armv6-m/crtbegin.o
LOAD /home/khiemtt/Downloads/SimplicityStudio_v4/developer/toolchains/gnu_arm/4.9_2015q3/bin/../lib/gcc/arm-none-eabi/4.9.3/../../../../arm-none-eabi/lib/armv6-m/crt0.o
LOAD ./CMSIS/EFM32ZG/startup_gcc_efm32zg.o
LOAD ./CMSIS/EFM32ZG/system_efm32zg.o
LOAD ./emlib/em_assert.o
LOAD ./emlib/em_cmu.o
LOAD ./emlib/em_emu.o
LOAD ./emlib/em_gpio.o
LOAD ./emlib/em_leuart.o
LOAD ./emlib/em_system.o
LOAD ./src/InitDevice.o
LOAD ./src/main.o
START GROUP
LOAD /home/khiemtt/Downloads/SimplicityStudio_v4/developer/toolchains/gnu_arm/4.9_2015q3/bin/../lib/gcc/arm-none-eabi/4.9.3/armv6-m/libgcc.a
LOAD /home/khiemtt/Downloads/SimplicityStudio_v4/developer/toolchains/gnu_arm/4.9_2015q3/bin/../lib/gcc/arm-none-eabi/4.9.3/../../../../arm-none-eabi/lib/armv6-m/libc_nano.a
LOAD /home/khiemtt/Downloads/SimplicityStudio_v4/developer/toolchains/gnu_arm/4.9_2015q3/bin/../lib/gcc/arm-none-eabi/4.9.3/../../../../arm-none-eabi/lib/armv6-m/libnosys.a
END GROUP
START GROUP
LOAD /home/khiemtt/Downloads/SimplicityStudio_v4/developer/toolchains/gnu_arm/4.9_2015q3/bin/../lib/gcc/arm-none-eabi/4.9.3/armv6-m/libgcc.a
LOAD /home/khiemtt/Downloads/SimplicityStudio_v4/developer/toolchains/gnu_arm/4.9_2015q3/bin/../lib/gcc/arm-none-eabi/4.9.3/../../../../arm-none-eabi/lib/armv6-m/libg_nano.a
LOAD /home/khiemtt/Downloads/SimplicityStudio_v4/developer/toolchains/gnu_arm/4.9_2015q3/bin/../lib/gcc/arm-none-eabi/4.9.3/../../../../arm-none-eabi/lib/armv6-m/libc_nano.a
END GROUP
START GROUP
LOAD /home/khiemtt/Downloads/SimplicityStudio_v4/developer/toolchains/gnu_arm/4.9_2015q3/bin/../lib/gcc/arm-none-eabi/4.9.3/armv6-m/libgcc.a
LOAD /home/khiemtt/Downloads/SimplicityStudio_v4/developer/toolchains/gnu_arm/4.9_2015q3/bin/../lib/gcc/arm-none-eabi/4.9.3/../../../../arm-none-eabi/lib/armv6-m/libc_nano.a
END GROUP
LOAD /home/khiemtt/Downloads/SimplicityStudio_v4/developer/toolchains/gnu_arm/4.9_2015q3/bin/../lib/gcc/arm-none-eabi/4.9.3/armv6-m/crtend.o
LOAD /home/khiemtt/Downloads/SimplicityStudio_v4/developer/toolchains/gnu_arm/4.9_2015q3/bin/../lib/gcc/arm-none-eabi/4.9.3/armv6-m/crtn.o

.text           0x00000000     0x5a88
 *(.vectors)
 .vectors       0x00000000       0x8c ./CMSIS/EFM32ZG/startup_gcc_efm32zg.o
                0x00000000                __Vectors
                0x0000008c                __Vectors_End = .
                0x0000008c                __Vectors_Size = (__Vectors_End - __Vectors)
                0x0000008c                __end__ = .
 *(.text*)
 .text          0x0000008c       0x60 /home/khiemtt/Downloads/SimplicityStudio_v4/developer/toolchains/gnu_arm/4.9_2015q3/bin/../lib/gcc/arm-none-eabi/4.9.3/armv6-m/crtbegin.o
 .text          0x000000ec       0x78 /home/khiemtt/Downloads/SimplicityStudio_v4/developer/toolchains/gnu_arm/4.9_2015q3/bin/../lib/gcc/arm-none-eabi/4.9.3/../../../../arm-none-eabi/lib/armv6-m/crt0.o
                0x000000ec                _mainCRTStartup
                0x000000ec                _start
 .text          0x00000164       0x30 ./CMSIS/EFM32ZG/startup_gcc_efm32zg.o
                0x00000164                Reset_Handler
                0x00000190                I2C0_IRQHandler
                0x00000190                HardFault_Handler
                0x00000190                USART1_RX_IRQHandler
                0x00000190                PendSV_Handler
                0x00000190                NMI_Handler
                0x00000190                USART1_TX_IRQHandler
                0x00000190                MSC_IRQHandler
                0x00000190                ADC0_IRQHandler
                0x00000190                GPIO_EVEN_IRQHandler
                0x00000190                RTC_IRQHandler
                0x00000190                TIMER0_IRQHandler
                0x00000190                TIMER1_IRQHandler
                0x00000190                Default_Handler
                0x00000190                PCNT0_IRQHandler
                0x00000190                ACMP0_IRQHandler
                0x00000190                SVC_Handler
                0x00000190                CMU_IRQHandler
                0x00000190                GPIO_ODD_IRQHandler
                0x00000190                AES_IRQHandler
                0x00000190                VCMP_IRQHandler
                0x00000190                DMA_IRQHandler
 .text.SystemCoreClockGet
                0x00000194       0x38 ./CMSIS/EFM32ZG/system_efm32zg.o
                0x00000194                SystemCoreClockGet
 .text.SystemMaxCoreClockGet
                0x000001cc       0x10 ./CMSIS/EFM32ZG/system_efm32zg.o
                0x000001cc                SystemMaxCoreClockGet
 .text.SystemHFClockGet
                0x000001dc       0xcc ./CMSIS/EFM32ZG/system_efm32zg.o
                0x000001dc                SystemHFClockGet
 .text.SystemInit
                0x000002a8        0x8 ./CMSIS/EFM32ZG/system_efm32zg.o
                0x000002a8                SystemInit
 .text.SystemLFRCOClockGet
                0x000002b0       0x10 ./CMSIS/EFM32ZG/system_efm32zg.o
                0x000002b0                SystemLFRCOClockGet
 .text.SystemULFRCOClockGet
                0x000002c0       0x10 ./CMSIS/EFM32ZG/system_efm32zg.o
                0x000002c0                SystemULFRCOClockGet
 .text.SystemLFXOClockGet
                0x000002d0       0x14 ./CMSIS/EFM32ZG/system_efm32zg.o
                0x000002d0                SystemLFXOClockGet
 .text.BUS_RegBitWrite
                0x000002e4       0x3c ./emlib/em_cmu.o
 .text.BUS_RegBitRead
                0x00000320       0x20 ./emlib/em_cmu.o
 .text.SYSTEM_GetProdRev
                0x00000340       0x18 ./emlib/em_cmu.o
 .text.auxClkGet
                0x00000358       0xb0 ./emlib/em_cmu.o
 .text.dbgClkGet
                0x00000408       0x48 ./emlib/em_cmu.o
 .text.flashWaitStateControl
                0x00000450       0x7c ./emlib/em_cmu.o
 .text.flashWaitStateMax
                0x000004cc       0x18 ./emlib/em_cmu.o
 .text.CMU_UpdateWaitStates
                0x000004e4       0x1c ./emlib/em_cmu.o
                0x000004e4                CMU_UpdateWaitStates
 .text.lfClkGet
                0x00000500       0xdc ./emlib/em_cmu.o
 .text.syncReg  0x000005dc       0x2c ./emlib/em_cmu.o
 .text.CMU_ClockEnable
                0x00000608       0xa4 ./emlib/em_cmu.o
                0x00000608                CMU_ClockEnable
 .text.CMU_ClockFreqGet
                0x000006ac      0x12c ./emlib/em_cmu.o
                0x000006ac                CMU_ClockFreqGet
 .text.CMU_ClockSelectGet
                0x000007d8      0x140 ./emlib/em_cmu.o
                0x000007d8                CMU_ClockSelectGet
 .text.CMU_ClockSelectSet
                0x00000918      0x168 ./emlib/em_cmu.o
                0x00000918                CMU_ClockSelectSet
 .text.CMU_OscillatorEnable
                0x00000a80       0xc0 ./emlib/em_cmu.o
                0x00000a80                CMU_OscillatorEnable
 .text.LEUART_Sync
                0x00000b40       0x28 ./emlib/em_leuart.o
 .text.LEUART_BaudrateSet
                0x00000b68       0x74 ./emlib/em_leuart.o
                0x00000b68                LEUART_BaudrateSet
 .text.LEUART_Enable
                0x00000bdc       0x44 ./emlib/em_leuart.o
                0x00000bdc                LEUART_Enable
 .text.LEUART_FreezeEnable
                0x00000c20       0x34 ./emlib/em_leuart.o
                0x00000c20                LEUART_FreezeEnable
 .text.LEUART_Init
                0x00000c54       0x70 ./emlib/em_leuart.o
                0x00000c54                LEUART_Init
 .text.LEUART_Rx
                0x00000cc4       0x24 ./emlib/em_leuart.o
                0x00000cc4                LEUART_Rx
 .text.LEUART_Tx
                0x00000ce8       0x34 ./emlib/em_leuart.o
                0x00000ce8                LEUART_Tx
 .text.LEUART_TxDmaInEM2Enable
                0x00000d1c       0x48 ./emlib/em_leuart.o
                0x00000d1c                LEUART_TxDmaInEM2Enable
 .text.LEUART_RxDmaInEM2Enable
                0x00000d64       0x48 ./emlib/em_leuart.o
                0x00000d64                LEUART_RxDmaInEM2Enable
 .text.NVIC_EnableIRQ
                0x00000dac       0x2c ./src/InitDevice.o
 .text.NVIC_ClearPendingIRQ
                0x00000dd8       0x2c ./src/InitDevice.o
 .text.LEUART_IntClear
                0x00000e04       0x18 ./src/InitDevice.o
 .text.LEUART_IntEnable
                0x00000e1c       0x1c ./src/InitDevice.o
 .text.enter_DefaultMode_from_RESET
                0x00000e38       0x14 ./src/InitDevice.o
                0x00000e38                enter_DefaultMode_from_RESET
 .text.CMU_enter_DefaultMode_from_RESET
                0x00000e4c       0x58 ./src/InitDevice.o
                0x00000e4c                CMU_enter_DefaultMode_from_RESET
 .text.LEUART0_enter_DefaultMode_from_RESET
                0x00000ea4       0x8c ./src/InitDevice.o
                0x00000ea4                LEUART0_enter_DefaultMode_from_RESET
 .text.PORTIO_enter_DefaultMode_from_RESET
                0x00000f30       0xdc ./src/InitDevice.o
                0x00000f30                PORTIO_enter_DefaultMode_from_RESET
 .text.NVIC_SetPriority
                0x0000100c       0xd4 ./src/main.o
 .text.SysTick_Config
                0x000010e0       0x48 ./src/main.o
 .text.GPIO_PinOutClear
                0x00001128       0x5c ./src/main.o
 .text.GPIO_PinOutSet
                0x00001184       0x5c ./src/main.o
 .text.CHIP_Init
                0x000011e0        0x8 ./src/main.o
 .text.SysTick_Handler
                0x000011e8       0x18 ./src/main.o
                0x000011e8                SysTick_Handler
 .text.Delay    0x00001200       0x28 ./src/main.o
 .text.send_string
                0x00001228       0x30 ./src/main.o
                0x00001228                send_string
 .text.LEUART0_IRQHandler
                0x00001258       0x88 ./src/main.o
                0x00001258                LEUART0_IRQHandler
 .text.gps_convert_lat_to_float
                0x000012e0       0xe4 ./src/main.o
 .text.gps_convert_lon_to_float
                0x000013c4       0xe4 ./src/main.o
 .text.GetMessageFeilds
                0x000014a8       0x74 ./src/main.o
 .text.NMEA_GPRMC_Decoder
                0x0000151c      0x26c ./src/main.o
                0x0000151c                NMEA_GPRMC_Decoder
 .text.main     0x00001788       0x98 ./src/main.o
                0x00001788                main
 .text          0x00001820      0x120 /home/khiemtt/Downloads/SimplicityStudio_v4/developer/toolchains/gnu_arm/4.9_2015q3/bin/../lib/gcc/arm-none-eabi/4.9.3/armv6-m/libgcc.a(_udivsi3.o)
                0x00001820                __udivsi3
                0x00001820                __aeabi_uidiv
                0x0000192c                __aeabi_uidivmod
 .text          0x00001940        0x4 /home/khiemtt/Downloads/SimplicityStudio_v4/developer/toolchains/gnu_arm/4.9_2015q3/bin/../lib/gcc/arm-none-eabi/4.9.3/armv6-m/libgcc.a(_dvmd_tls.o)
                0x00001940                __aeabi_ldiv0
                0x00001940                __aeabi_idiv0
 .text          0x00001944       0x3c /home/khiemtt/Downloads/SimplicityStudio_v4/developer/toolchains/gnu_arm/4.9_2015q3/bin/../lib/gcc/arm-none-eabi/4.9.3/armv6-m/libgcc.a(_clzsi2.o)
                0x00001944                __clzsi2
 .text          0x00001980       0x3c /home/khiemtt/Downloads/SimplicityStudio_v4/developer/toolchains/gnu_arm/4.9_2015q3/bin/../lib/gcc/arm-none-eabi/4.9.3/armv6-m/libgcc.a(_fixunsdfsi.o)
                0x00001980                __fixunsdfsi
                0x00001980                __aeabi_d2uiz
 .text          0x000019bc      0x650 /home/khiemtt/Downloads/SimplicityStudio_v4/developer/toolchains/gnu_arm/4.9_2015q3/bin/../lib/gcc/arm-none-eabi/4.9.3/armv6-m/libgcc.a(adddf3.o)
                0x000019bc                __aeabi_dadd
 .text          0x0000200c      0x648 /home/khiemtt/Downloads/SimplicityStudio_v4/developer/toolchains/gnu_arm/4.9_2015q3/bin/../lib/gcc/arm-none-eabi/4.9.3/armv6-m/libgcc.a(divdf3.o)
                0x0000200c                __aeabi_ddiv
 .text          0x00002654      0x534 /home/khiemtt/Downloads/SimplicityStudio_v4/developer/toolchains/gnu_arm/4.9_2015q3/bin/../lib/gcc/arm-none-eabi/4.9.3/armv6-m/libgcc.a(muldf3.o)
                0x00002654                __aeabi_dmul
 .text          0x00002b88      0x6f4 /home/khiemtt/Downloads/SimplicityStudio_v4/developer/toolchains/gnu_arm/4.9_2015q3/bin/../lib/gcc/arm-none-eabi/4.9.3/armv6-m/libgcc.a(subdf3.o)
                0x00002b88                __aeabi_dsub
 .text          0x0000327c       0x6c /home/khiemtt/Downloads/SimplicityStudio_v4/developer/toolchains/gnu_arm/4.9_2015q3/bin/../lib/gcc/arm-none-eabi/4.9.3/armv6-m/libgcc.a(fixdfsi.o)
                0x0000327c                __aeabi_d2iz
 .text          0x000032e8       0xa8 /home/khiemtt/Downloads/SimplicityStudio_v4/developer/toolchains/gnu_arm/4.9_2015q3/bin/../lib/gcc/arm-none-eabi/4.9.3/armv6-m/libgcc.a(extendsfdf2.o)
                0x000032e8                __aeabi_f2d
 .text          0x00003390      0x120 /home/khiemtt/Downloads/SimplicityStudio_v4/developer/toolchains/gnu_arm/4.9_2015q3/bin/../lib/gcc/arm-none-eabi/4.9.3/armv6-m/libgcc.a(truncdfsf2.o)
                0x00003390                __aeabi_d2f
 .text          0x000034b0       0x7c /home/khiemtt/Downloads/SimplicityStudio_v4/developer/toolchains/gnu_arm/4.9_2015q3/bin/../lib/gcc/arm-none-eabi/4.9.3/armv6-m/libgcc.a(_arm_cmpdf2.o)
                0x000034b0                __aeabi_cdrcmple
                0x000034c0                __aeabi_cdcmple
                0x000034c0                __aeabi_cdcmpeq
                0x000034d0                __aeabi_dcmpeq
                0x000034dc                __aeabi_dcmplt
                0x000034f0                __aeabi_dcmple
                0x00003504                __aeabi_dcmpgt
                0x00003518                __aeabi_dcmpge
 .text          0x0000352c       0x88 /home/khiemtt/Downloads/SimplicityStudio_v4/developer/toolchains/gnu_arm/4.9_2015q3/bin/../lib/gcc/arm-none-eabi/4.9.3/armv6-m/libgcc.a(eqdf2.o)
                0x0000352c                __eqdf2
                0x0000352c                __nedf2
 .text          0x000035b4       0xe0 /home/khiemtt/Downloads/SimplicityStudio_v4/developer/toolchains/gnu_arm/4.9_2015q3/bin/../lib/gcc/arm-none-eabi/4.9.3/armv6-m/libgcc.a(gedf2.o)
                0x000035b4                __gtdf2
                0x000035b4                __gedf2
 .text          0x00003694       0xcc /home/khiemtt/Downloads/SimplicityStudio_v4/developer/toolchains/gnu_arm/4.9_2015q3/bin/../lib/gcc/arm-none-eabi/4.9.3/armv6-m/libgcc.a(ledf2.o)
                0x00003694                __ltdf2
                0x00003694                __ledf2
 .text.atof     0x00003760        0xa /home/khiemtt/Downloads/SimplicityStudio_v4/developer/toolchains/gnu_arm/4.9_2015q3/bin/../lib/gcc/arm-none-eabi/4.9.3/../../../../arm-none-eabi/lib/armv6-m/libc_nano.a(lib_a-atof.o)
                0x00003760                atof
 *fill*         0x0000376a        0x2 
 .text.exit     0x0000376c       0x2c /home/khiemtt/Downloads/SimplicityStudio_v4/developer/toolchains/gnu_arm/4.9_2015q3/bin/../lib/gcc/arm-none-eabi/4.9.3/../../../../arm-none-eabi/lib/armv6-m/libc_nano.a(lib_a-exit.o)
                0x0000376c                exit
 .text.__libc_init_array
                0x00003798       0x4c /home/khiemtt/Downloads/SimplicityStudio_v4/developer/toolchains/gnu_arm/4.9_2015q3/bin/../lib/gcc/arm-none-eabi/4.9.3/../../../../arm-none-eabi/lib/armv6-m/libc_nano.a(lib_a-init.o)
                0x00003798                __libc_init_array
 .text.memset   0x000037e4       0x10 /home/khiemtt/Downloads/SimplicityStudio_v4/developer/toolchains/gnu_arm/4.9_2015q3/bin/../lib/gcc/arm-none-eabi/4.9.3/../../../../arm-none-eabi/lib/armv6-m/libc_nano.a(lib_a-memset.o)
                0x000037e4                memset
 .text          0x000037f4       0x14 /home/khiemtt/Downloads/SimplicityStudio_v4/developer/toolchains/gnu_arm/4.9_2015q3/bin/../lib/gcc/arm-none-eabi/4.9.3/../../../../arm-none-eabi/lib/armv6-m/libc_nano.a(lib_a-strcmp.o)
                0x000037f4                strcmp
 .text.strlen   0x00003808        0xe /home/khiemtt/Downloads/SimplicityStudio_v4/developer/toolchains/gnu_arm/4.9_2015q3/bin/../lib/gcc/arm-none-eabi/4.9.3/../../../../arm-none-eabi/lib/armv6-m/libc_nano.a(lib_a-strlen.o)
                0x00003808                strlen
 .text.strncpy  0x00003816       0x28 /home/khiemtt/Downloads/SimplicityStudio_v4/developer/toolchains/gnu_arm/4.9_2015q3/bin/../lib/gcc/arm-none-eabi/4.9.3/../../../../arm-none-eabi/lib/armv6-m/libc_nano.a(lib_a-strncpy.o)
                0x00003816                strncpy
 .text.match    0x0000383e       0x28 /home/khiemtt/Downloads/SimplicityStudio_v4/developer/toolchains/gnu_arm/4.9_2015q3/bin/../lib/gcc/arm-none-eabi/4.9.3/../../../../arm-none-eabi/lib/armv6-m/libc_nano.a(lib_a-strtod.o)
 *fill*         0x00003866        0x2 
 .text.unlikely.sulp
                0x00003868       0x2c /home/khiemtt/Downloads/SimplicityStudio_v4/developer/toolchains/gnu_arm/4.9_2015q3/bin/../lib/gcc/arm-none-eabi/4.9.3/../../../../arm-none-eabi/lib/armv6-m/libc_nano.a(lib_a-strtod.o)
 .text._strtod_r
                0x00003894      0xc34 /home/khiemtt/Downloads/SimplicityStudio_v4/developer/toolchains/gnu_arm/4.9_2015q3/bin/../lib/gcc/arm-none-eabi/4.9.3/../../../../arm-none-eabi/lib/armv6-m/libc_nano.a(lib_a-strtod.o)
                0x00003894                _strtod_r
 .text.strtod   0x000044c8       0x18 /home/khiemtt/Downloads/SimplicityStudio_v4/developer/toolchains/gnu_arm/4.9_2015q3/bin/../lib/gcc/arm-none-eabi/4.9.3/../../../../arm-none-eabi/lib/armv6-m/libc_nano.a(lib_a-strtod.o)
                0x000044c8                strtod
 .text.rshift   0x000044e0       0x68 /home/khiemtt/Downloads/SimplicityStudio_v4/developer/toolchains/gnu_arm/4.9_2015q3/bin/../lib/gcc/arm-none-eabi/4.9.3/../../../../arm-none-eabi/lib/armv6-m/libc_nano.a(lib_a-gdtoa-gethex.o)
 .text.__hexdig_fun
                0x00004548       0x2a /home/khiemtt/Downloads/SimplicityStudio_v4/developer/toolchains/gnu_arm/4.9_2015q3/bin/../lib/gcc/arm-none-eabi/4.9.3/../../../../arm-none-eabi/lib/armv6-m/libc_nano.a(lib_a-gdtoa-gethex.o)
                0x00004548                __hexdig_fun
 .text.__gethex
                0x00004572      0x448 /home/khiemtt/Downloads/SimplicityStudio_v4/developer/toolchains/gnu_arm/4.9_2015q3/bin/../lib/gcc/arm-none-eabi/4.9.3/../../../../arm-none-eabi/lib/armv6-m/libc_nano.a(lib_a-gdtoa-gethex.o)
                0x00004572                __gethex
 .text.L_shift  0x000049ba       0x24 /home/khiemtt/Downloads/SimplicityStudio_v4/developer/toolchains/gnu_arm/4.9_2015q3/bin/../lib/gcc/arm-none-eabi/4.9.3/../../../../arm-none-eabi/lib/armv6-m/libc_nano.a(lib_a-gdtoa-hexnan.o)
 .text.__hexnan
                0x000049de      0x130 /home/khiemtt/Downloads/SimplicityStudio_v4/developer/toolchains/gnu_arm/4.9_2015q3/bin/../lib/gcc/arm-none-eabi/4.9.3/../../../../arm-none-eabi/lib/armv6-m/libc_nano.a(lib_a-gdtoa-hexnan.o)
                0x000049de                __hexnan
 *fill*         0x00004b0e        0x2 
 .text._localeconv_r
                0x00004b10        0x8 /home/khiemtt/Downloads/SimplicityStudio_v4/developer/toolchains/gnu_arm/4.9_2015q3/bin/../lib/gcc/arm-none-eabi/4.9.3/../../../../arm-none-eabi/lib/armv6-m/libc_nano.a(lib_a-locale.o)
                0x00004b10                _localeconv_r
 .text.memcpy   0x00004b18       0x12 /home/khiemtt/Downloads/SimplicityStudio_v4/developer/toolchains/gnu_arm/4.9_2015q3/bin/../lib/gcc/arm-none-eabi/4.9.3/../../../../arm-none-eabi/lib/armv6-m/libc_nano.a(lib_a-memcpy.o)
                0x00004b18                memcpy
 .text._Balloc  0x00004b2a       0x70 /home/khiemtt/Downloads/SimplicityStudio_v4/developer/toolchains/gnu_arm/4.9_2015q3/bin/../lib/gcc/arm-none-eabi/4.9.3/../../../../arm-none-eabi/lib/armv6-m/libc_nano.a(lib_a-mprec.o)
                0x00004b2a                _Balloc
 .text._Bfree   0x00004b9a       0x32 /home/khiemtt/Downloads/SimplicityStudio_v4/developer/toolchains/gnu_arm/4.9_2015q3/bin/../lib/gcc/arm-none-eabi/4.9.3/../../../../arm-none-eabi/lib/armv6-m/libc_nano.a(lib_a-mprec.o)
                0x00004b9a                _Bfree
 .text.__multadd
                0x00004bcc       0x78 /home/khiemtt/Downloads/SimplicityStudio_v4/developer/toolchains/gnu_arm/4.9_2015q3/bin/../lib/gcc/arm-none-eabi/4.9.3/../../../../arm-none-eabi/lib/armv6-m/libc_nano.a(lib_a-mprec.o)
                0x00004bcc                __multadd
 .text.__s2b    0x00004c44       0x80 /home/khiemtt/Downloads/SimplicityStudio_v4/developer/toolchains/gnu_arm/4.9_2015q3/bin/../lib/gcc/arm-none-eabi/4.9.3/../../../../arm-none-eabi/lib/armv6-m/libc_nano.a(lib_a-mprec.o)
                0x00004c44                __s2b
 .text.__hi0bits
                0x00004cc4       0x36 /home/khiemtt/Downloads/SimplicityStudio_v4/developer/toolchains/gnu_arm/4.9_2015q3/bin/../lib/gcc/arm-none-eabi/4.9.3/../../../../arm-none-eabi/lib/armv6-m/libc_nano.a(lib_a-mprec.o)
                0x00004cc4                __hi0bits
 .text.__lo0bits
                0x00004cfa       0x5e /home/khiemtt/Downloads/SimplicityStudio_v4/developer/toolchains/gnu_arm/4.9_2015q3/bin/../lib/gcc/arm-none-eabi/4.9.3/../../../../arm-none-eabi/lib/armv6-m/libc_nano.a(lib_a-mprec.o)
                0x00004cfa                __lo0bits
 .text.__i2b    0x00004d58       0x12 /home/khiemtt/Downloads/SimplicityStudio_v4/developer/toolchains/gnu_arm/4.9_2015q3/bin/../lib/gcc/arm-none-eabi/4.9.3/../../../../arm-none-eabi/lib/armv6-m/libc_nano.a(lib_a-mprec.o)
                0x00004d58                __i2b
 .text.__multiply
                0x00004d6a      0x11a /home/khiemtt/Downloads/SimplicityStudio_v4/developer/toolchains/gnu_arm/4.9_2015q3/bin/../lib/gcc/arm-none-eabi/4.9.3/../../../../arm-none-eabi/lib/armv6-m/libc_nano.a(lib_a-mprec.o)
                0x00004d6a                __multiply
 .text.__pow5mult
                0x00004e84       0xa4 /home/khiemtt/Downloads/SimplicityStudio_v4/developer/toolchains/gnu_arm/4.9_2015q3/bin/../lib/gcc/arm-none-eabi/4.9.3/../../../../arm-none-eabi/lib/armv6-m/libc_nano.a(lib_a-mprec.o)
                0x00004e84                __pow5mult
 .text.__lshift
                0x00004f28       0xa4 /home/khiemtt/Downloads/SimplicityStudio_v4/developer/toolchains/gnu_arm/4.9_2015q3/bin/../lib/gcc/arm-none-eabi/4.9.3/../../../../arm-none-eabi/lib/armv6-m/libc_nano.a(lib_a-mprec.o)
                0x00004f28                __lshift
 .text.__mcmp   0x00004fcc       0x36 /home/khiemtt/Downloads/SimplicityStudio_v4/developer/toolchains/gnu_arm/4.9_2015q3/bin/../lib/gcc/arm-none-eabi/4.9.3/../../../../arm-none-eabi/lib/armv6-m/libc_nano.a(lib_a-mprec.o)
                0x00004fcc                __mcmp
 .text.__mdiff  0x00005002       0xd6 /home/khiemtt/Downloads/SimplicityStudio_v4/developer/toolchains/gnu_arm/4.9_2015q3/bin/../lib/gcc/arm-none-eabi/4.9.3/../../../../arm-none-eabi/lib/armv6-m/libc_nano.a(lib_a-mprec.o)
                0x00005002                __mdiff
 .text.__ulp    0x000050d8       0x48 /home/khiemtt/Downloads/SimplicityStudio_v4/developer/toolchains/gnu_arm/4.9_2015q3/bin/../lib/gcc/arm-none-eabi/4.9.3/../../../../arm-none-eabi/lib/armv6-m/libc_nano.a(lib_a-mprec.o)
                0x000050d8                __ulp
 .text.__b2d    0x00005120       0xa4 /home/khiemtt/Downloads/SimplicityStudio_v4/developer/toolchains/gnu_arm/4.9_2015q3/bin/../lib/gcc/arm-none-eabi/4.9.3/../../../../arm-none-eabi/lib/armv6-m/libc_nano.a(lib_a-mprec.o)
                0x00005120                __b2d
 .text.__d2b    0x000051c4       0xa8 /home/khiemtt/Downloads/SimplicityStudio_v4/developer/toolchains/gnu_arm/4.9_2015q3/bin/../lib/gcc/arm-none-eabi/4.9.3/../../../../arm-none-eabi/lib/armv6-m/libc_nano.a(lib_a-mprec.o)
                0x000051c4                __d2b
 .text.__ratio  0x0000526c       0x54 /home/khiemtt/Downloads/SimplicityStudio_v4/developer/toolchains/gnu_arm/4.9_2015q3/bin/../lib/gcc/arm-none-eabi/4.9.3/../../../../arm-none-eabi/lib/armv6-m/libc_nano.a(lib_a-mprec.o)
                0x0000526c                __ratio
 .text.__copybits
                0x000052c0       0x2c /home/khiemtt/Downloads/SimplicityStudio_v4/developer/toolchains/gnu_arm/4.9_2015q3/bin/../lib/gcc/arm-none-eabi/4.9.3/../../../../arm-none-eabi/lib/armv6-m/libc_nano.a(lib_a-mprec.o)
                0x000052c0                __copybits
 .text.__any_on
                0x000052ec       0x42 /home/khiemtt/Downloads/SimplicityStudio_v4/developer/toolchains/gnu_arm/4.9_2015q3/bin/../lib/gcc/arm-none-eabi/4.9.3/../../../../arm-none-eabi/lib/armv6-m/libc_nano.a(lib_a-mprec.o)
                0x000052ec                __any_on
 .text._calloc_r
                0x0000532e       0x1c /home/khiemtt/Downloads/SimplicityStudio_v4/developer/toolchains/gnu_arm/4.9_2015q3/bin/../lib/gcc/arm-none-eabi/4.9.3/../../../../arm-none-eabi/lib/armv6-m/libc_nano.a(lib_a-nano-callocr.o)
                0x0000532e                _calloc_r
 *fill*         0x0000534a        0x2 
 .text._malloc_r
                0x0000534c       0xb0 /home/khiemtt/Downloads/SimplicityStudio_v4/developer/toolchains/gnu_arm/4.9_2015q3/bin/../lib/gcc/arm-none-eabi/4.9.3/../../../../arm-none-eabi/lib/armv6-m/libc_nano.a(lib_a-nano-mallocr.o)
                0x0000534c                _malloc_r
 .text._sbrk_r  0x000053fc       0x24 /home/khiemtt/Downloads/SimplicityStudio_v4/developer/toolchains/gnu_arm/4.9_2015q3/bin/../lib/gcc/arm-none-eabi/4.9.3/../../../../arm-none-eabi/lib/armv6-m/libc_nano.a(lib_a-sbrkr.o)
                0x000053fc                _sbrk_r
 .text.strncmp  0x00005420       0x28 /home/khiemtt/Downloads/SimplicityStudio_v4/developer/toolchains/gnu_arm/4.9_2015q3/bin/../lib/gcc/arm-none-eabi/4.9.3/../../../../arm-none-eabi/lib/armv6-m/libc_nano.a(lib_a-strncmp.o)
                0x00005420                strncmp
 .text.malloc   0x00005448       0x14 /home/khiemtt/Downloads/SimplicityStudio_v4/developer/toolchains/gnu_arm/4.9_2015q3/bin/../lib/gcc/arm-none-eabi/4.9.3/../../../../arm-none-eabi/lib/armv6-m/libc_nano.a(lib_a-malloc.o)
                0x00005448                malloc
 .text._sbrk    0x0000545c       0x1c /home/khiemtt/Downloads/SimplicityStudio_v4/developer/toolchains/gnu_arm/4.9_2015q3/bin/../lib/gcc/arm-none-eabi/4.9.3/../../../../arm-none-eabi/lib/armv6-m/libnosys.a(sbrk.o)
                0x0000545c                _sbrk
 .text._exit    0x00005478        0x4 /home/khiemtt/Downloads/SimplicityStudio_v4/developer/toolchains/gnu_arm/4.9_2015q3/bin/../lib/gcc/arm-none-eabi/4.9.3/../../../../arm-none-eabi/lib/armv6-m/libnosys.a(_exit.o)
                0x00005478                _exit
 .text          0x0000547c       0x14 /home/khiemtt/Downloads/SimplicityStudio_v4/developer/toolchains/gnu_arm/4.9_2015q3/bin/../lib/gcc/arm-none-eabi/4.9.3/armv6-m/libgcc.a(_thumb1_case_uqi.o)
                0x0000547c                __gnu_thumb1_case_uqi
 .text          0x00005490      0x1e0 /home/khiemtt/Downloads/SimplicityStudio_v4/developer/toolchains/gnu_arm/4.9_2015q3/bin/../lib/gcc/arm-none-eabi/4.9.3/armv6-m/libgcc.a(_divsi3.o)
                0x00005490                __aeabi_idiv
                0x00005490                __divsi3
                0x0000565c                __aeabi_idivmod
 .text          0x00005670       0x78 /home/khiemtt/Downloads/SimplicityStudio_v4/developer/toolchains/gnu_arm/4.9_2015q3/bin/../lib/gcc/arm-none-eabi/4.9.3/armv6-m/libgcc.a(floatsidf.o)
                0x00005670                __aeabi_i2d
 .text          0x000056e8       0x64 /home/khiemtt/Downloads/SimplicityStudio_v4/developer/toolchains/gnu_arm/4.9_2015q3/bin/../lib/gcc/arm-none-eabi/4.9.3/armv6-m/libgcc.a(floatunsidf.o)
                0x000056e8                __aeabi_ui2d
 *(.init)
 .init          0x0000574c        0x4 /home/khiemtt/Downloads/SimplicityStudio_v4/developer/toolchains/gnu_arm/4.9_2015q3/bin/../lib/gcc/arm-none-eabi/4.9.3/armv6-m/crti.o
                0x0000574c                _init
 .init          0x00005750        0x8 /home/khiemtt/Downloads/SimplicityStudio_v4/developer/toolchains/gnu_arm/4.9_2015q3/bin/../lib/gcc/arm-none-eabi/4.9.3/armv6-m/crtn.o
 *(.fini)
 .fini          0x00005758        0x4 /home/khiemtt/Downloads/SimplicityStudio_v4/developer/toolchains/gnu_arm/4.9_2015q3/bin/../lib/gcc/arm-none-eabi/4.9.3/armv6-m/crti.o
                0x00005758                _fini
 .fini          0x0000575c        0x8 /home/khiemtt/Downloads/SimplicityStudio_v4/developer/toolchains/gnu_arm/4.9_2015q3/bin/../lib/gcc/arm-none-eabi/4.9.3/armv6-m/crtn.o
 *crtbegin.o(.ctors)
 *crtbegin?.o(.ctors)
 *(EXCLUDE_FILE(*crtend.o *crtend?.o) .ctors)
 *(SORT(.ctors.*))
 *(.ctors)
 *crtbegin.o(.dtors)
 *crtbegin?.o(.dtors)
 *(EXCLUDE_FILE(*crtend.o *crtend?.o) .dtors)
 *(SORT(.dtors.*))
 *(.dtors)
 *(.rodata*)
 .rodata.CMU_ClockEnable
                0x00005764       0x2c ./emlib/em_cmu.o
 .rodata.CMU_ClockSelectSet
                0x00005790       0x58 ./emlib/em_cmu.o
 .rodata.CMU_OscillatorEnable
                0x000057e8       0x14 ./emlib/em_cmu.o
 .rodata        0x000057fc       0x10 ./src/InitDevice.o
 .rodata        0x0000580c       0x62 ./src/main.o
 *fill*         0x0000586e        0x2 
 .rodata        0x00005870       0x40 /home/khiemtt/Downloads/SimplicityStudio_v4/developer/toolchains/gnu_arm/4.9_2015q3/bin/../lib/gcc/arm-none-eabi/4.9.3/armv6-m/libgcc.a(divdf3.o)
 .rodata        0x000058b0       0x40 /home/khiemtt/Downloads/SimplicityStudio_v4/developer/toolchains/gnu_arm/4.9_2015q3/bin/../lib/gcc/arm-none-eabi/4.9.3/armv6-m/libgcc.a(muldf3.o)
 .rodata.str1.1
                0x000058f0        0x2 /home/khiemtt/Downloads/SimplicityStudio_v4/developer/toolchains/gnu_arm/4.9_2015q3/bin/../lib/gcc/arm-none-eabi/4.9.3/../../../../arm-none-eabi/lib/armv6-m/libc_nano.a(lib_a-impure.o)
 *fill*         0x000058f2        0x2 
 .rodata._global_impure_ptr
                0x000058f4        0x4 /home/khiemtt/Downloads/SimplicityStudio_v4/developer/toolchains/gnu_arm/4.9_2015q3/bin/../lib/gcc/arm-none-eabi/4.9.3/../../../../arm-none-eabi/lib/armv6-m/libc_nano.a(lib_a-impure.o)
                0x000058f4                _global_impure_ptr
 .rodata.str1.1
                0x000058f8        0xc /home/khiemtt/Downloads/SimplicityStudio_v4/developer/toolchains/gnu_arm/4.9_2015q3/bin/../lib/gcc/arm-none-eabi/4.9.3/../../../../arm-none-eabi/lib/armv6-m/libc_nano.a(lib_a-strtod.o)
 .rodata.fpinan.5315
                0x00005904       0x14 /home/khiemtt/Downloads/SimplicityStudio_v4/developer/toolchains/gnu_arm/4.9_2015q3/bin/../lib/gcc/arm-none-eabi/4.9.3/../../../../arm-none-eabi/lib/armv6-m/libc_nano.a(lib_a-strtod.o)
 .rodata.tinytens
                0x00005918       0x28 /home/khiemtt/Downloads/SimplicityStudio_v4/developer/toolchains/gnu_arm/4.9_2015q3/bin/../lib/gcc/arm-none-eabi/4.9.3/../../../../arm-none-eabi/lib/armv6-m/libc_nano.a(lib_a-strtod.o)
 .rodata.fpi.5279
                0x00005940       0x14 /home/khiemtt/Downloads/SimplicityStudio_v4/developer/toolchains/gnu_arm/4.9_2015q3/bin/../lib/gcc/arm-none-eabi/4.9.3/../../../../arm-none-eabi/lib/armv6-m/libc_nano.a(lib_a-strtod.o)
 .rodata.str1.1
                0x00005954        0x8 /home/khiemtt/Downloads/SimplicityStudio_v4/developer/toolchains/gnu_arm/4.9_2015q3/bin/../lib/gcc/arm-none-eabi/4.9.3/../../../../arm-none-eabi/lib/armv6-m/libc_nano.a(lib_a-locale.o)
                                  0xb (size before relaxing)
 *fill*         0x0000595c        0x4 
 .rodata.__mprec_tens
                0x00005960       0xc8 /home/khiemtt/Downloads/SimplicityStudio_v4/developer/toolchains/gnu_arm/4.9_2015q3/bin/../lib/gcc/arm-none-eabi/4.9.3/../../../../arm-none-eabi/lib/armv6-m/libc_nano.a(lib_a-mprec.o)
                0x00005960                __mprec_tens
 .rodata.__mprec_bigtens
                0x00005a28       0x28 /home/khiemtt/Downloads/SimplicityStudio_v4/developer/toolchains/gnu_arm/4.9_2015q3/bin/../lib/gcc/arm-none-eabi/4.9.3/../../../../arm-none-eabi/lib/armv6-m/libc_nano.a(lib_a-mprec.o)
                0x00005a28                __mprec_bigtens
 .rodata.p05.5314
                0x00005a50        0xc /home/khiemtt/Downloads/SimplicityStudio_v4/developer/toolchains/gnu_arm/4.9_2015q3/bin/../lib/gcc/arm-none-eabi/4.9.3/../../../../arm-none-eabi/lib/armv6-m/libc_nano.a(lib_a-mprec.o)
 *(.eh_frame*)
 .eh_frame      0x00005a5c        0x0 /home/khiemtt/Downloads/SimplicityStudio_v4/developer/toolchains/gnu_arm/4.9_2015q3/bin/../lib/gcc/arm-none-eabi/4.9.3/armv6-m/crtbegin.o
 .eh_frame      0x00005a5c       0x28 /home/khiemtt/Downloads/SimplicityStudio_v4/developer/toolchains/gnu_arm/4.9_2015q3/bin/../lib/gcc/arm-none-eabi/4.9.3/../../../../arm-none-eabi/lib/armv6-m/libc_nano.a(lib_a-strcmp.o)
 .eh_frame      0x00005a84        0x4 /home/khiemtt/Downloads/SimplicityStudio_v4/developer/toolchains/gnu_arm/4.9_2015q3/bin/../lib/gcc/arm-none-eabi/4.9.3/armv6-m/crtend.o

.glue_7         0x00005a88        0x0
 .glue_7        0x00000000        0x0 linker stubs

.glue_7t        0x00005a88        0x0
 .glue_7t       0x00000000        0x0 linker stubs

.vfp11_veneer   0x00005a88        0x0
 .vfp11_veneer  0x00000000        0x0 linker stubs

.v4_bx          0x00005a88        0x0
 .v4_bx         0x00000000        0x0 linker stubs

.iplt           0x00005a88        0x0
 .iplt          0x00000000        0x0 /home/khiemtt/Downloads/SimplicityStudio_v4/developer/toolchains/gnu_arm/4.9_2015q3/bin/../lib/gcc/arm-none-eabi/4.9.3/armv6-m/crtbegin.o

.ARM.extab
 *(.ARM.extab* .gnu.linkonce.armextab.*)
                0x00005a88                __exidx_start = .

.ARM.exidx      0x00005a88        0x8
 *(.ARM.exidx* .gnu.linkonce.armexidx.*)
 .ARM.exidx     0x00005a88        0x8 /home/khiemtt/Downloads/SimplicityStudio_v4/developer/toolchains/gnu_arm/4.9_2015q3/bin/../lib/gcc/arm-none-eabi/4.9.3/../../../../arm-none-eabi/lib/armv6-m/crt0.o
                0x00005a90                __exidx_end = .
                0x00005a90                __etext = .

.rel.dyn        0x00005a90        0x0
 .rel.iplt      0x00000000        0x0 /home/khiemtt/Downloads/SimplicityStudio_v4/developer/toolchains/gnu_arm/4.9_2015q3/bin/../lib/gcc/arm-none-eabi/4.9.3/armv6-m/crtbegin.o

.data           0x20000000       0xb4 load address 0x00005a90
                0x20000000                __data_start__ = .
 *(vtable)
 *(.data*)
 .data.SystemHFXOClock
                0x20000000        0x4 ./CMSIS/EFM32ZG/system_efm32zg.o
 .data.SystemLFXOClock
                0x20000004        0x4 ./CMSIS/EFM32ZG/system_efm32zg.o
 .data.SystemCoreClock
                0x20000008        0x4 ./CMSIS/EFM32ZG/system_efm32zg.o
                0x20000008                SystemCoreClock
 .data.impure_data
                0x2000000c       0x60 /home/khiemtt/Downloads/SimplicityStudio_v4/developer/toolchains/gnu_arm/4.9_2015q3/bin/../lib/gcc/arm-none-eabi/4.9.3/../../../../arm-none-eabi/lib/armv6-m/libc_nano.a(lib_a-impure.o)
 .data._impure_ptr
                0x2000006c        0x4 /home/khiemtt/Downloads/SimplicityStudio_v4/developer/toolchains/gnu_arm/4.9_2015q3/bin/../lib/gcc/arm-none-eabi/4.9.3/../../../../arm-none-eabi/lib/armv6-m/libc_nano.a(lib_a-impure.o)
                0x2000006c                _impure_ptr
 .data.lconv    0x20000070       0x38 /home/khiemtt/Downloads/SimplicityStudio_v4/developer/toolchains/gnu_arm/4.9_2015q3/bin/../lib/gcc/arm-none-eabi/4.9.3/../../../../arm-none-eabi/lib/armv6-m/libc_nano.a(lib_a-locale.o)
                0x200000a8                . = ALIGN (0x4)
 *(.ram)
                0x200000a8                . = ALIGN (0x4)
                0x200000a8                PROVIDE (__preinit_array_start, .)
 *(.preinit_array)
                0x200000a8                PROVIDE (__preinit_array_end, .)
                0x200000a8                . = ALIGN (0x4)
                0x200000a8                PROVIDE (__init_array_start, .)
 *(SORT(.init_array.*))
 *(.init_array)
 .init_array    0x200000a8        0x4 /home/khiemtt/Downloads/SimplicityStudio_v4/developer/toolchains/gnu_arm/4.9_2015q3/bin/../lib/gcc/arm-none-eabi/4.9.3/armv6-m/crtbegin.o
                0x200000ac                PROVIDE (__init_array_end, .)
                0x200000ac                . = ALIGN (0x4)
                0x200000ac                PROVIDE (__fini_array_start, .)
 *(SORT(.fini_array.*))
 *(.fini_array)
 .fini_array    0x200000ac        0x4 /home/khiemtt/Downloads/SimplicityStudio_v4/developer/toolchains/gnu_arm/4.9_2015q3/bin/../lib/gcc/arm-none-eabi/4.9.3/armv6-m/crtbegin.o
                0x200000b0                PROVIDE (__fini_array_end, .)
 *(.jcr*)
 .jcr           0x200000b0        0x0 /home/khiemtt/Downloads/SimplicityStudio_v4/developer/toolchains/gnu_arm/4.9_2015q3/bin/../lib/gcc/arm-none-eabi/4.9.3/armv6-m/crtbegin.o
 .jcr           0x200000b0        0x4 /home/khiemtt/Downloads/SimplicityStudio_v4/developer/toolchains/gnu_arm/4.9_2015q3/bin/../lib/gcc/arm-none-eabi/4.9.3/armv6-m/crtend.o
                0x200000b4                . = ALIGN (0x4)
                0x200000b4                __data_end__ = .

.igot.plt       0x200000b4        0x0 load address 0x00005b44
 .igot.plt      0x00000000        0x0 /home/khiemtt/Downloads/SimplicityStudio_v4/developer/toolchains/gnu_arm/4.9_2015q3/bin/../lib/gcc/arm-none-eabi/4.9.3/armv6-m/crtbegin.o

.bss            0x200000b4      0x154 load address 0x00005b44
                0x200000b4                . = ALIGN (0x4)
                0x200000b4                __bss_start__ = .
 *(.bss*)
 .bss           0x200000b4       0x1c /home/khiemtt/Downloads/SimplicityStudio_v4/developer/toolchains/gnu_arm/4.9_2015q3/bin/../lib/gcc/arm-none-eabi/4.9.3/armv6-m/crtbegin.o
 .bss.counter   0x200000d0        0x4 ./src/main.o
                0x200000d0                counter
 .bss.msTicks   0x200000d4        0x4 ./src/main.o
 .bss.__malloc_sbrk_start
                0x200000d8        0x4 /home/khiemtt/Downloads/SimplicityStudio_v4/developer/toolchains/gnu_arm/4.9_2015q3/bin/../lib/gcc/arm-none-eabi/4.9.3/../../../../arm-none-eabi/lib/armv6-m/libc_nano.a(lib_a-nano-mallocr.o)
                0x200000d8                __malloc_sbrk_start
 .bss.__malloc_free_list
                0x200000dc        0x4 /home/khiemtt/Downloads/SimplicityStudio_v4/developer/toolchains/gnu_arm/4.9_2015q3/bin/../lib/gcc/arm-none-eabi/4.9.3/../../../../arm-none-eabi/lib/armv6-m/libc_nano.a(lib_a-nano-mallocr.o)
                0x200000dc                __malloc_free_list
 .bss.heap_end.4079
                0x200000e0        0x4 /home/khiemtt/Downloads/SimplicityStudio_v4/developer/toolchains/gnu_arm/4.9_2015q3/bin/../lib/gcc/arm-none-eabi/4.9.3/../../../../arm-none-eabi/lib/armv6-m/libnosys.a(sbrk.o)
 *(COMMON)
 COMMON         0x200000e4      0x120 ./src/main.o
                0x200000e4                float_str
                0x200000f0                output
                0x20000122                month
                0x20000124                SpeedGPS
                0x20000128                dataToString
                0x2000015a                State_gps
                0x2000015b                minute
                0x2000015c                floatToString
                0x2000016b                hour
                0x2000016c                time_update
                0x20000170                Lng
                0x20000174                year
                0x20000175                sec
                0x20000178                Lat
                0x2000017c                date
                0x20000180                dataGpsInput
                0x20000200                OrGPS
 COMMON         0x20000204        0x4 /home/khiemtt/Downloads/SimplicityStudio_v4/developer/toolchains/gnu_arm/4.9_2015q3/bin/../lib/gcc/arm-none-eabi/4.9.3/../../../../arm-none-eabi/lib/armv6-m/libc_nano.a(lib_a-reent.o)
                0x20000204                errno
                0x20000208                . = ALIGN (0x4)
                0x20000208                __bss_end__ = .

.heap           0x20000208        0x0
                0x20000208                __HeapBase = .
                0x20000208                __end__ = .
                0x20000208                end = __end__
                0x20000208                _end = __end__
 *(.heap*)
 .heap          0x20000208        0x0 ./CMSIS/EFM32ZG/startup_gcc_efm32zg.o
                0x20000208                __HeapLimit = .

.stack_dummy    0x20000208      0x400
 *(.stack*)
 .stack         0x20000208      0x400 ./CMSIS/EFM32ZG/startup_gcc_efm32zg.o
                0x20001000                __StackTop = (ORIGIN (RAM) + 0x1000)
                0x20000c00                __StackLimit = (__StackTop - SIZEOF (.stack_dummy))
                0x20001000                PROVIDE (__stack, __StackTop)
                0x00000001                ASSERT ((__StackLimit >= __HeapLimit), region RAM overflowed with stack)
                0x00000001                ASSERT ((0x8000 >= (__etext + SIZEOF (.data))), FLASH memory overflowed !)
OUTPUT(glFw.axf elf32-littlearm)

.ARM.attributes
                0x00000000       0x28
 .ARM.attributes
                0x00000000       0x1e /home/khiemtt/Downloads/SimplicityStudio_v4/developer/toolchains/gnu_arm/4.9_2015q3/bin/../lib/gcc/arm-none-eabi/4.9.3/armv6-m/crti.o
 .ARM.attributes
                0x0000001e       0x2c /home/khiemtt/Downloads/SimplicityStudio_v4/developer/toolchains/gnu_arm/4.9_2015q3/bin/../lib/gcc/arm-none-eabi/4.9.3/armv6-m/crtbegin.o
 .ARM.attributes
                0x0000004a       0x1b /home/khiemtt/Downloads/SimplicityStudio_v4/developer/toolchains/gnu_arm/4.9_2015q3/bin/../lib/gcc/arm-none-eabi/4.9.3/../../../../arm-none-eabi/lib/armv6-m/crt0.o
 .ARM.attributes
                0x00000065       0x1b ./CMSIS/EFM32ZG/startup_gcc_efm32zg.o
 .ARM.attributes
                0x00000080       0x32 ./CMSIS/EFM32ZG/system_efm32zg.o
 .ARM.attributes
                0x000000b2       0x32 ./emlib/em_cmu.o
 .ARM.attributes
                0x000000e4       0x32 ./emlib/em_leuart.o
 .ARM.attributes
                0x00000116       0x32 ./src/InitDevice.o
 .ARM.attributes
                0x00000148       0x32 ./src/main.o
 .ARM.attributes
                0x0000017a       0x1e /home/khiemtt/Downloads/SimplicityStudio_v4/developer/toolchains/gnu_arm/4.9_2015q3/bin/../lib/gcc/arm-none-eabi/4.9.3/armv6-m/libgcc.a(_udivsi3.o)
 .ARM.attributes
                0x00000198       0x1e /home/khiemtt/Downloads/SimplicityStudio_v4/developer/toolchains/gnu_arm/4.9_2015q3/bin/../lib/gcc/arm-none-eabi/4.9.3/armv6-m/libgcc.a(_dvmd_tls.o)
 .ARM.attributes
                0x000001b6       0x1e /home/khiemtt/Downloads/SimplicityStudio_v4/developer/toolchains/gnu_arm/4.9_2015q3/bin/../lib/gcc/arm-none-eabi/4.9.3/armv6-m/libgcc.a(_clzsi2.o)
 .ARM.attributes
                0x000001d4       0x2c /home/khiemtt/Downloads/SimplicityStudio_v4/developer/toolchains/gnu_arm/4.9_2015q3/bin/../lib/gcc/arm-none-eabi/4.9.3/armv6-m/libgcc.a(_fixunsdfsi.o)
 .ARM.attributes
                0x00000200       0x2c /home/khiemtt/Downloads/SimplicityStudio_v4/developer/toolchains/gnu_arm/4.9_2015q3/bin/../lib/gcc/arm-none-eabi/4.9.3/armv6-m/libgcc.a(adddf3.o)
 .ARM.attributes
                0x0000022c       0x2c /home/khiemtt/Downloads/SimplicityStudio_v4/developer/toolchains/gnu_arm/4.9_2015q3/bin/../lib/gcc/arm-none-eabi/4.9.3/armv6-m/libgcc.a(divdf3.o)
 .ARM.attributes
                0x00000258       0x2c /home/khiemtt/Downloads/SimplicityStudio_v4/developer/toolchains/gnu_arm/4.9_2015q3/bin/../lib/gcc/arm-none-eabi/4.9.3/armv6-m/libgcc.a(muldf3.o)
 .ARM.attributes
                0x00000284       0x2c /home/khiemtt/Downloads/SimplicityStudio_v4/developer/toolchains/gnu_arm/4.9_2015q3/bin/../lib/gcc/arm-none-eabi/4.9.3/armv6-m/libgcc.a(subdf3.o)
 .ARM.attributes
                0x000002b0       0x2c /home/khiemtt/Downloads/SimplicityStudio_v4/developer/toolchains/gnu_arm/4.9_2015q3/bin/../lib/gcc/arm-none-eabi/4.9.3/armv6-m/libgcc.a(fixdfsi.o)
 .ARM.attributes
                0x000002dc       0x2c /home/khiemtt/Downloads/SimplicityStudio_v4/developer/toolchains/gnu_arm/4.9_2015q3/bin/../lib/gcc/arm-none-eabi/4.9.3/armv6-m/libgcc.a(extendsfdf2.o)
 .ARM.attributes
                0x00000308       0x2c /home/khiemtt/Downloads/SimplicityStudio_v4/developer/toolchains/gnu_arm/4.9_2015q3/bin/../lib/gcc/arm-none-eabi/4.9.3/armv6-m/libgcc.a(truncdfsf2.o)
 .ARM.attributes
                0x00000334       0x1e /home/khiemtt/Downloads/SimplicityStudio_v4/developer/toolchains/gnu_arm/4.9_2015q3/bin/../lib/gcc/arm-none-eabi/4.9.3/armv6-m/libgcc.a(_arm_cmpdf2.o)
 .ARM.attributes
                0x00000352       0x2c /home/khiemtt/Downloads/SimplicityStudio_v4/developer/toolchains/gnu_arm/4.9_2015q3/bin/../lib/gcc/arm-none-eabi/4.9.3/armv6-m/libgcc.a(eqdf2.o)
 .ARM.attributes
                0x0000037e       0x2c /home/khiemtt/Downloads/SimplicityStudio_v4/developer/toolchains/gnu_arm/4.9_2015q3/bin/../lib/gcc/arm-none-eabi/4.9.3/armv6-m/libgcc.a(gedf2.o)
 .ARM.attributes
                0x000003aa       0x2c /home/khiemtt/Downloads/SimplicityStudio_v4/developer/toolchains/gnu_arm/4.9_2015q3/bin/../lib/gcc/arm-none-eabi/4.9.3/armv6-m/libgcc.a(ledf2.o)
 .ARM.attributes
                0x000003d6       0x2c /home/khiemtt/Downloads/SimplicityStudio_v4/developer/toolchains/gnu_arm/4.9_2015q3/bin/../lib/gcc/arm-none-eabi/4.9.3/../../../../arm-none-eabi/lib/armv6-m/libc_nano.a(lib_a-atof.o)
 .ARM.attributes
                0x00000402       0x2c /home/khiemtt/Downloads/SimplicityStudio_v4/developer/toolchains/gnu_arm/4.9_2015q3/bin/../lib/gcc/arm-none-eabi/4.9.3/../../../../arm-none-eabi/lib/armv6-m/libc_nano.a(lib_a-exit.o)
 .ARM.attributes
                0x0000042e       0x2c /home/khiemtt/Downloads/SimplicityStudio_v4/developer/toolchains/gnu_arm/4.9_2015q3/bin/../lib/gcc/arm-none-eabi/4.9.3/../../../../arm-none-eabi/lib/armv6-m/libc_nano.a(lib_a-impure.o)
 .ARM.attributes
                0x0000045a       0x2c /home/khiemtt/Downloads/SimplicityStudio_v4/developer/toolchains/gnu_arm/4.9_2015q3/bin/../lib/gcc/arm-none-eabi/4.9.3/../../../../arm-none-eabi/lib/armv6-m/libc_nano.a(lib_a-init.o)
 .ARM.attributes
                0x00000486       0x2c /home/khiemtt/Downloads/SimplicityStudio_v4/developer/toolchains/gnu_arm/4.9_2015q3/bin/../lib/gcc/arm-none-eabi/4.9.3/../../../../arm-none-eabi/lib/armv6-m/libc_nano.a(lib_a-memset.o)
 .ARM.attributes
                0x000004b2       0x1c /home/khiemtt/Downloads/SimplicityStudio_v4/developer/toolchains/gnu_arm/4.9_2015q3/bin/../lib/gcc/arm-none-eabi/4.9.3/../../../../arm-none-eabi/lib/armv6-m/libc_nano.a(lib_a-strcmp.o)
 .ARM.attributes
                0x000004ce       0x2c /home/khiemtt/Downloads/SimplicityStudio_v4/developer/toolchains/gnu_arm/4.9_2015q3/bin/../lib/gcc/arm-none-eabi/4.9.3/../../../../arm-none-eabi/lib/armv6-m/libc_nano.a(lib_a-strlen.o)
 .ARM.attributes
                0x000004fa       0x2c /home/khiemtt/Downloads/SimplicityStudio_v4/developer/toolchains/gnu_arm/4.9_2015q3/bin/../lib/gcc/arm-none-eabi/4.9.3/../../../../arm-none-eabi/lib/armv6-m/libc_nano.a(lib_a-strncpy.o)
 .ARM.attributes
                0x00000526       0x2c /home/khiemtt/Downloads/SimplicityStudio_v4/developer/toolchains/gnu_arm/4.9_2015q3/bin/../lib/gcc/arm-none-eabi/4.9.3/../../../../arm-none-eabi/lib/armv6-m/libc_nano.a(lib_a-strtod.o)
 .ARM.attributes
                0x00000552       0x2c /home/khiemtt/Downloads/SimplicityStudio_v4/developer/toolchains/gnu_arm/4.9_2015q3/bin/../lib/gcc/arm-none-eabi/4.9.3/../../../../arm-none-eabi/lib/armv6-m/libc_nano.a(lib_a-gdtoa-gethex.o)
 .ARM.attributes
                0x0000057e       0x2c /home/khiemtt/Downloads/SimplicityStudio_v4/developer/toolchains/gnu_arm/4.9_2015q3/bin/../lib/gcc/arm-none-eabi/4.9.3/../../../../arm-none-eabi/lib/armv6-m/libc_nano.a(lib_a-gdtoa-hexnan.o)
 .ARM.attributes
                0x000005aa       0x2c /home/khiemtt/Downloads/SimplicityStudio_v4/developer/toolchains/gnu_arm/4.9_2015q3/bin/../lib/gcc/arm-none-eabi/4.9.3/../../../../arm-none-eabi/lib/armv6-m/libc_nano.a(lib_a-locale.o)
 .ARM.attributes
                0x000005d6       0x2c /home/khiemtt/Downloads/SimplicityStudio_v4/developer/toolchains/gnu_arm/4.9_2015q3/bin/../lib/gcc/arm-none-eabi/4.9.3/../../../../arm-none-eabi/lib/armv6-m/libc_nano.a(lib_a-memcpy.o)
 .ARM.attributes
                0x00000602       0x2c /home/khiemtt/Downloads/SimplicityStudio_v4/developer/toolchains/gnu_arm/4.9_2015q3/bin/../lib/gcc/arm-none-eabi/4.9.3/../../../../arm-none-eabi/lib/armv6-m/libc_nano.a(lib_a-mprec.o)
 .ARM.attributes
                0x0000062e       0x2c /home/khiemtt/Downloads/SimplicityStudio_v4/developer/toolchains/gnu_arm/4.9_2015q3/bin/../lib/gcc/arm-none-eabi/4.9.3/../../../../arm-none-eabi/lib/armv6-m/libc_nano.a(lib_a-nano-callocr.o)
 .ARM.attributes
                0x0000065a       0x2c /home/khiemtt/Downloads/SimplicityStudio_v4/developer/toolchains/gnu_arm/4.9_2015q3/bin/../lib/gcc/arm-none-eabi/4.9.3/../../../../arm-none-eabi/lib/armv6-m/libc_nano.a(lib_a-nano-mallocr.o)
 .ARM.attributes
                0x00000686       0x2c /home/khiemtt/Downloads/SimplicityStudio_v4/developer/toolchains/gnu_arm/4.9_2015q3/bin/../lib/gcc/arm-none-eabi/4.9.3/../../../../arm-none-eabi/lib/armv6-m/libc_nano.a(lib_a-sbrkr.o)
 .ARM.attributes
                0x000006b2       0x2c /home/khiemtt/Downloads/SimplicityStudio_v4/developer/toolchains/gnu_arm/4.9_2015q3/bin/../lib/gcc/arm-none-eabi/4.9.3/../../../../arm-none-eabi/lib/armv6-m/libc_nano.a(lib_a-strncmp.o)
 .ARM.attributes
                0x000006de       0x2c /home/khiemtt/Downloads/SimplicityStudio_v4/developer/toolchains/gnu_arm/4.9_2015q3/bin/../lib/gcc/arm-none-eabi/4.9.3/../../../../arm-none-eabi/lib/armv6-m/libc_nano.a(lib_a-malloc.o)
 .ARM.attributes
                0x0000070a       0x2c /home/khiemtt/Downloads/SimplicityStudio_v4/developer/toolchains/gnu_arm/4.9_2015q3/bin/../lib/gcc/arm-none-eabi/4.9.3/../../../../arm-none-eabi/lib/armv6-m/libc_nano.a(lib_a-reent.o)
 .ARM.attributes
                0x00000736       0x2c /home/khiemtt/Downloads/SimplicityStudio_v4/developer/toolchains/gnu_arm/4.9_2015q3/bin/../lib/gcc/arm-none-eabi/4.9.3/../../../../arm-none-eabi/lib/armv6-m/libnosys.a(sbrk.o)
 .ARM.attributes
                0x00000762       0x2c /home/khiemtt/Downloads/SimplicityStudio_v4/developer/toolchains/gnu_arm/4.9_2015q3/bin/../lib/gcc/arm-none-eabi/4.9.3/../../../../arm-none-eabi/lib/armv6-m/libnosys.a(_exit.o)
 .ARM.attributes
                0x0000078e       0x1e /home/khiemtt/Downloads/SimplicityStudio_v4/developer/toolchains/gnu_arm/4.9_2015q3/bin/../lib/gcc/arm-none-eabi/4.9.3/armv6-m/libgcc.a(_thumb1_case_uqi.o)
 .ARM.attributes
                0x000007ac       0x1e /home/khiemtt/Downloads/SimplicityStudio_v4/developer/toolchains/gnu_arm/4.9_2015q3/bin/../lib/gcc/arm-none-eabi/4.9.3/armv6-m/libgcc.a(_divsi3.o)
 .ARM.attributes
                0x000007ca       0x2c /home/khiemtt/Downloads/SimplicityStudio_v4/developer/toolchains/gnu_arm/4.9_2015q3/bin/../lib/gcc/arm-none-eabi/4.9.3/armv6-m/libgcc.a(floatsidf.o)
 .ARM.attributes
                0x000007f6       0x2c /home/khiemtt/Downloads/SimplicityStudio_v4/developer/toolchains/gnu_arm/4.9_2015q3/bin/../lib/gcc/arm-none-eabi/4.9.3/armv6-m/libgcc.a(floatunsidf.o)
 .ARM.attributes
                0x00000822       0x2c /home/khiemtt/Downloads/SimplicityStudio_v4/developer/toolchains/gnu_arm/4.9_2015q3/bin/../lib/gcc/arm-none-eabi/4.9.3/armv6-m/crtend.o
 .ARM.attributes
                0x0000084e       0x1e /home/khiemtt/Downloads/SimplicityStudio_v4/developer/toolchains/gnu_arm/4.9_2015q3/bin/../lib/gcc/arm-none-eabi/4.9.3/armv6-m/crtn.o

.comment        0x00000000       0x70
 .comment       0x00000000       0x70 ./CMSIS/EFM32ZG/system_efm32zg.o
                                 0x71 (size before relaxing)
 .comment       0x00000000       0x71 ./emlib/em_cmu.o
 .comment       0x00000000       0x71 ./emlib/em_leuart.o
 .comment       0x00000000       0x71 ./src/InitDevice.o
 .comment       0x00000000       0x71 ./src/main.o

.debug_line     0x00000000     0x18f5
 .debug_line    0x00000000       0x74 ./CMSIS/EFM32ZG/startup_gcc_efm32zg.o
 .debug_line    0x00000074      0x2a2 ./CMSIS/EFM32ZG/system_efm32zg.o
 .debug_line    0x00000316      0x85c ./emlib/em_cmu.o
 .debug_line    0x00000b72      0x3b4 ./emlib/em_leuart.o
 .debug_line    0x00000f26      0x4dd ./src/InitDevice.o
 .debug_line    0x00001403      0x4f2 ./src/main.o

.debug_info     0x00000000     0x35b5
 .debug_info    0x00000000       0x8f ./CMSIS/EFM32ZG/startup_gcc_efm32zg.o
 .debug_info    0x0000008f      0x436 ./CMSIS/EFM32ZG/system_efm32zg.o
 .debug_info    0x000004c5     0x1103 ./emlib/em_cmu.o
 .debug_info    0x000015c8      0x7a8 ./emlib/em_leuart.o
 .debug_info    0x00001d70      0xa26 ./src/InitDevice.o
 .debug_info    0x00002796      0xe1f ./src/main.o

.debug_abbrev   0x00000000      0xa3c
 .debug_abbrev  0x00000000       0x14 ./CMSIS/EFM32ZG/startup_gcc_efm32zg.o
 .debug_abbrev  0x00000014      0x160 ./CMSIS/EFM32ZG/system_efm32zg.o
 .debug_abbrev  0x00000174      0x2a6 ./emlib/em_cmu.o
 .debug_abbrev  0x0000041a      0x1cd ./emlib/em_leuart.o
 .debug_abbrev  0x000005e7      0x1c3 ./src/InitDevice.o
 .debug_abbrev  0x000007aa      0x292 ./src/main.o

.debug_aranges  0x00000000      0x3b0
 .debug_aranges
                0x00000000       0x20 ./CMSIS/EFM32ZG/startup_gcc_efm32zg.o
 .debug_aranges
                0x00000020       0x68 ./CMSIS/EFM32ZG/system_efm32zg.o
 .debug_aranges
                0x00000088      0x148 ./emlib/em_cmu.o
 .debug_aranges
                0x000001d0       0x88 ./emlib/em_leuart.o
 .debug_aranges
                0x00000258       0xc8 ./src/InitDevice.o
 .debug_aranges
                0x00000320       0x90 ./src/main.o

.debug_loc      0x00000000     0x141e
 .debug_loc     0x00000000      0x1e8 ./CMSIS/EFM32ZG/system_efm32zg.o
 .debug_loc     0x000001e8      0x7fc ./emlib/em_cmu.o
 .debug_loc     0x000009e4      0x310 ./emlib/em_leuart.o
 .debug_loc     0x00000cf4      0x404 ./src/InitDevice.o
 .debug_loc     0x000010f8      0x326 ./src/main.o

.debug_ranges   0x00000000      0x340
 .debug_ranges  0x00000000       0x58 ./CMSIS/EFM32ZG/system_efm32zg.o
 .debug_ranges  0x00000058      0x138 ./emlib/em_cmu.o
 .debug_ranges  0x00000190       0x78 ./emlib/em_leuart.o
 .debug_ranges  0x00000208       0xb8 ./src/InitDevice.o
 .debug_ranges  0x000002c0       0x80 ./src/main.o

.debug_str      0x00000000     0x174b
 .debug_str     0x00000000      0x396 ./CMSIS/EFM32ZG/system_efm32zg.o
                                0x3f9 (size before relaxing)
 .debug_str     0x00000396      0x8fb ./emlib/em_cmu.o
                                0xc04 (size before relaxing)
 .debug_str     0x00000c91      0x2c8 ./emlib/em_leuart.o
                                0x66f (size before relaxing)
 .debug_str     0x00000f59      0x493 ./src/InitDevice.o
                                0xaa1 (size before relaxing)
 .debug_str     0x000013ec      0x35f ./src/main.o
                                0x948 (size before relaxing)

.debug_frame    0x00000000     0x15c0
 .debug_frame   0x00000000      0x138 ./CMSIS/EFM32ZG/system_efm32zg.o
 .debug_frame   0x00000138      0x4b4 ./emlib/em_cmu.o
 .debug_frame   0x000005ec      0x1d0 ./emlib/em_leuart.o
 .debug_frame   0x000007bc      0x28c ./src/InitDevice.o
 .debug_frame   0x00000a48      0x1f0 ./src/main.o
 .debug_frame   0x00000c38       0x20 /home/khiemtt/Downloads/SimplicityStudio_v4/developer/toolchains/gnu_arm/4.9_2015q3/bin/../lib/gcc/arm-none-eabi/4.9.3/armv6-m/libgcc.a(_udivsi3.o)
 .debug_frame   0x00000c58       0x2c /home/khiemtt/Downloads/SimplicityStudio_v4/developer/toolchains/gnu_arm/4.9_2015q3/bin/../lib/gcc/arm-none-eabi/4.9.3/armv6-m/libgcc.a(_fixunsdfsi.o)
 .debug_frame   0x00000c84       0x38 /home/khiemtt/Downloads/SimplicityStudio_v4/developer/toolchains/gnu_arm/4.9_2015q3/bin/../lib/gcc/arm-none-eabi/4.9.3/armv6-m/libgcc.a(adddf3.o)
 .debug_frame   0x00000cbc       0x3c /home/khiemtt/Downloads/SimplicityStudio_v4/developer/toolchains/gnu_arm/4.9_2015q3/bin/../lib/gcc/arm-none-eabi/4.9.3/armv6-m/libgcc.a(divdf3.o)
 .debug_frame   0x00000cf8       0x3c /home/khiemtt/Downloads/SimplicityStudio_v4/developer/toolchains/gnu_arm/4.9_2015q3/bin/../lib/gcc/arm-none-eabi/4.9.3/armv6-m/libgcc.a(muldf3.o)
 .debug_frame   0x00000d34       0x3c /home/khiemtt/Downloads/SimplicityStudio_v4/developer/toolchains/gnu_arm/4.9_2015q3/bin/../lib/gcc/arm-none-eabi/4.9.3/armv6-m/libgcc.a(subdf3.o)
 .debug_frame   0x00000d70       0x2c /home/khiemtt/Downloads/SimplicityStudio_v4/developer/toolchains/gnu_arm/4.9_2015q3/bin/../lib/gcc/arm-none-eabi/4.9.3/armv6-m/libgcc.a(fixdfsi.o)
 .debug_frame   0x00000d9c       0x2c /home/khiemtt/Downloads/SimplicityStudio_v4/developer/toolchains/gnu_arm/4.9_2015q3/bin/../lib/gcc/arm-none-eabi/4.9.3/armv6-m/libgcc.a(extendsfdf2.o)
 .debug_frame   0x00000dc8       0x2c /home/khiemtt/Downloads/SimplicityStudio_v4/developer/toolchains/gnu_arm/4.9_2015q3/bin/../lib/gcc/arm-none-eabi/4.9.3/armv6-m/libgcc.a(truncdfsf2.o)
 .debug_frame   0x00000df4       0x38 /home/khiemtt/Downloads/SimplicityStudio_v4/developer/toolchains/gnu_arm/4.9_2015q3/bin/../lib/gcc/arm-none-eabi/4.9.3/armv6-m/libgcc.a(eqdf2.o)
 .debug_frame   0x00000e2c       0x38 /home/khiemtt/Downloads/SimplicityStudio_v4/developer/toolchains/gnu_arm/4.9_2015q3/bin/../lib/gcc/arm-none-eabi/4.9.3/armv6-m/libgcc.a(gedf2.o)
 .debug_frame   0x00000e64       0x38 /home/khiemtt/Downloads/SimplicityStudio_v4/developer/toolchains/gnu_arm/4.9_2015q3/bin/../lib/gcc/arm-none-eabi/4.9.3/armv6-m/libgcc.a(ledf2.o)
 .debug_frame   0x00000e9c       0x28 /home/khiemtt/Downloads/SimplicityStudio_v4/developer/toolchains/gnu_arm/4.9_2015q3/bin/../lib/gcc/arm-none-eabi/4.9.3/../../../../arm-none-eabi/lib/armv6-m/libc_nano.a(lib_a-atof.o)
 .debug_frame   0x00000ec4       0x28 /home/khiemtt/Downloads/SimplicityStudio_v4/developer/toolchains/gnu_arm/4.9_2015q3/bin/../lib/gcc/arm-none-eabi/4.9.3/../../../../arm-none-eabi/lib/armv6-m/libc_nano.a(lib_a-exit.o)
 .debug_frame   0x00000eec       0x2c /home/khiemtt/Downloads/SimplicityStudio_v4/developer/toolchains/gnu_arm/4.9_2015q3/bin/../lib/gcc/arm-none-eabi/4.9.3/../../../../arm-none-eabi/lib/armv6-m/libc_nano.a(lib_a-init.o)
 .debug_frame   0x00000f18       0x20 /home/khiemtt/Downloads/SimplicityStudio_v4/developer/toolchains/gnu_arm/4.9_2015q3/bin/../lib/gcc/arm-none-eabi/4.9.3/../../../../arm-none-eabi/lib/armv6-m/libc_nano.a(lib_a-memset.o)
 .debug_frame   0x00000f38       0x20 /home/khiemtt/Downloads/SimplicityStudio_v4/developer/toolchains/gnu_arm/4.9_2015q3/bin/../lib/gcc/arm-none-eabi/4.9.3/../../../../arm-none-eabi/lib/armv6-m/libc_nano.a(lib_a-strlen.o)
 .debug_frame   0x00000f58       0x2c /home/khiemtt/Downloads/SimplicityStudio_v4/developer/toolchains/gnu_arm/4.9_2015q3/bin/../lib/gcc/arm-none-eabi/4.9.3/../../../../arm-none-eabi/lib/armv6-m/libc_nano.a(lib_a-strncpy.o)
 .debug_frame   0x00000f84       0xa0 /home/khiemtt/Downloads/SimplicityStudio_v4/developer/toolchains/gnu_arm/4.9_2015q3/bin/../lib/gcc/arm-none-eabi/4.9.3/../../../../arm-none-eabi/lib/armv6-m/libc_nano.a(lib_a-strtod.o)
 .debug_frame   0x00001024       0x60 /home/khiemtt/Downloads/SimplicityStudio_v4/developer/toolchains/gnu_arm/4.9_2015q3/bin/../lib/gcc/arm-none-eabi/4.9.3/../../../../arm-none-eabi/lib/armv6-m/libc_nano.a(lib_a-gdtoa-gethex.o)
 .debug_frame   0x00001084       0x4c /home/khiemtt/Downloads/SimplicityStudio_v4/developer/toolchains/gnu_arm/4.9_2015q3/bin/../lib/gcc/arm-none-eabi/4.9.3/../../../../arm-none-eabi/lib/armv6-m/libc_nano.a(lib_a-gdtoa-hexnan.o)
 .debug_frame   0x000010d0       0xa4 /home/khiemtt/Downloads/SimplicityStudio_v4/developer/toolchains/gnu_arm/4.9_2015q3/bin/../lib/gcc/arm-none-eabi/4.9.3/../../../../arm-none-eabi/lib/armv6-m/libc_nano.a(lib_a-locale.o)
 .debug_frame   0x00001174       0x28 /home/khiemtt/Downloads/SimplicityStudio_v4/developer/toolchains/gnu_arm/4.9_2015q3/bin/../lib/gcc/arm-none-eabi/4.9.3/../../../../arm-none-eabi/lib/armv6-m/libc_nano.a(lib_a-memcpy.o)
 .debug_frame   0x0000119c      0x238 /home/khiemtt/Downloads/SimplicityStudio_v4/developer/toolchains/gnu_arm/4.9_2015q3/bin/../lib/gcc/arm-none-eabi/4.9.3/../../../../arm-none-eabi/lib/armv6-m/libc_nano.a(lib_a-mprec.o)
 .debug_frame   0x000013d4       0x2c /home/khiemtt/Downloads/SimplicityStudio_v4/developer/toolchains/gnu_arm/4.9_2015q3/bin/../lib/gcc/arm-none-eabi/4.9.3/../../../../arm-none-eabi/lib/armv6-m/libc_nano.a(lib_a-nano-callocr.o)
 .debug_frame   0x00001400       0x2c /home/khiemtt/Downloads/SimplicityStudio_v4/developer/toolchains/gnu_arm/4.9_2015q3/bin/../lib/gcc/arm-none-eabi/4.9.3/../../../../arm-none-eabi/lib/armv6-m/libc_nano.a(lib_a-nano-mallocr.o)
 .debug_frame   0x0000142c       0x2c /home/khiemtt/Downloads/SimplicityStudio_v4/developer/toolchains/gnu_arm/4.9_2015q3/bin/../lib/gcc/arm-none-eabi/4.9.3/../../../../arm-none-eabi/lib/armv6-m/libc_nano.a(lib_a-sbrkr.o)
 .debug_frame   0x00001458       0x2c /home/khiemtt/Downloads/SimplicityStudio_v4/developer/toolchains/gnu_arm/4.9_2015q3/bin/../lib/gcc/arm-none-eabi/4.9.3/../../../../arm-none-eabi/lib/armv6-m/libc_nano.a(lib_a-strncmp.o)
 .debug_frame   0x00001484       0x40 /home/khiemtt/Downloads/SimplicityStudio_v4/developer/toolchains/gnu_arm/4.9_2015q3/bin/../lib/gcc/arm-none-eabi/4.9.3/../../../../arm-none-eabi/lib/armv6-m/libc_nano.a(lib_a-malloc.o)
 .debug_frame   0x000014c4       0x48 /home/khiemtt/Downloads/SimplicityStudio_v4/developer/toolchains/gnu_arm/4.9_2015q3/bin/../lib/gcc/arm-none-eabi/4.9.3/../../../../arm-none-eabi/lib/armv6-m/libc_nano.a(lib_a-reent.o)
 .debug_frame   0x0000150c       0x20 /home/khiemtt/Downloads/SimplicityStudio_v4/developer/toolchains/gnu_arm/4.9_2015q3/bin/../lib/gcc/arm-none-eabi/4.9.3/../../../../arm-none-eabi/lib/armv6-m/libnosys.a(sbrk.o)
 .debug_frame   0x0000152c       0x20 /home/khiemtt/Downloads/SimplicityStudio_v4/developer/toolchains/gnu_arm/4.9_2015q3/bin/../lib/gcc/arm-none-eabi/4.9.3/../../../../arm-none-eabi/lib/armv6-m/libnosys.a(_exit.o)
 .debug_frame   0x0000154c       0x20 /home/khiemtt/Downloads/SimplicityStudio_v4/developer/toolchains/gnu_arm/4.9_2015q3/bin/../lib/gcc/arm-none-eabi/4.9.3/armv6-m/libgcc.a(_divsi3.o)
 .debug_frame   0x0000156c       0x2c /home/khiemtt/Downloads/SimplicityStudio_v4/developer/toolchains/gnu_arm/4.9_2015q3/bin/../lib/gcc/arm-none-eabi/4.9.3/armv6-m/libgcc.a(floatsidf.o)
 .debug_frame   0x00001598       0x28 /home/khiemtt/Downloads/SimplicityStudio_v4/developer/toolchains/gnu_arm/4.9_2015q3/bin/../lib/gcc/arm-none-eabi/4.9.3/armv6-m/libgcc.a(floatunsidf.o)
